Archive member included to satisfy reference by file (symbol)

/opt/devkitpro/libogc/lib/cube/libogc.a(common_crt0.o)
                              (__app_start)
/opt/devkitpro/libogc/lib/cube/libogc.a(early_init.o)
                              /opt/devkitpro/libogc/lib/cube/libogc.a(common_crt0.o) (PPCEarlyInit)
/opt/devkitpro/libogc/lib/cube/libogc.a(default_stacks.o)
                              /opt/devkitpro/libogc/lib/cube/libogc.a(common_crt0.o) (__ppc_main_sp)
/opt/devkitpro/libogc/lib/cube/libogc.a(cache.o)
                              /var/folders/n1/qrw271lx7bqg16b2vzym4d6c0000gp/T//cctIvv8B.o (PPCDCacheFlushAsync)
/opt/devkitpro/libogc/lib/cube/libogc.a(exception.o)
                              /opt/devkitpro/libogc/lib/cube/libogc.a(common_crt0.o) (PPCExcptInit)
/opt/devkitpro/libogc/lib/cube/libogc.a(exception_asm.o)
                              /opt/devkitpro/libogc/lib/cube/libogc.a(exception.o) (PPCExcptEntryGeneral)
/opt/devkitpro/libogc/lib/cube/libogc.a(interrupt.o)
                              /opt/devkitpro/libogc/lib/cube/libogc.a(common_crt0.o) (KIrqInit)
/opt/devkitpro/libogc/lib/cube/libogc.a(interrupt_asm.o)
                              /opt/devkitpro/libogc/lib/cube/libogc.a(interrupt.o) (PPCExcptIrqHandler)
/opt/devkitpro/libogc/lib/cube/libogc.a(thread.o)
                              /opt/devkitpro/libogc/lib/cube/libogc.a(common_crt0.o) (KThreadInit)
/opt/devkitpro/libogc/lib/cube/libogc.a(sync.o)
                              /opt/devkitpro/libogc/lib/cube/libogc.a(thread.o) (KThreadUpdateDynamicPrio)
/opt/devkitpro/libogc/lib/cube/libogc.a(tick.o)
                              /opt/devkitpro/libogc/lib/cube/libogc.a(interrupt.o) (KTickTaskRun)
/opt/devkitpro/libogc/lib/cube/libogc.a(newlib_syscalls.o)
                              /opt/devkitpro/libogc/lib/cube/libogc.a(common_crt0.o) (__newlib_syscalls)
/opt/devkitpro/libogc/lib/cube/libogc.a(video.o)
                              /var/folders/n1/qrw271lx7bqg16b2vzym4d6c0000gp/T//cctIvv8B.o (VIDEO_Init)
/opt/devkitpro/libogc/lib/cube/libogc.a(system.o)
                              /opt/devkitpro/libogc/lib/cube/libogc.a(video.o) (__SYS_LockSram)
/opt/devkitpro/libogc/lib/cube/libogc.a(si.o)
                              /opt/devkitpro/libogc/lib/cube/libogc.a(video.o) (SI_RefreshSamplingRate)
/opt/devkitpro/libogc/lib/cube/libogc.a(timesupp.o)
                              /opt/devkitpro/libogc/lib/cube/libogc.a(system.o) (settime)
/opt/devkitpro/libogc/lib/cube/libogc.a(sbrk.o)
                              /opt/devkitpro/libogc/lib/cube/libogc.a(system.o) (_sbrk_r)
/opt/devkitpro/libogc/lib/cube/libogc.a(argv.o)
                              /opt/devkitpro/libogc/lib/cube/libogc.a(common_crt0.o) (__CheckARGV)
/opt/devkitpro/libogc/lib/cube/libogc.a(default_panic.o)
                              /opt/devkitpro/libogc/lib/cube/libogc.a(system.o) (__libogc_panic)
/opt/devkitpro/libogc/lib/cube/libogc.a(lwpc_alarm.o)
                              /opt/devkitpro/libogc/lib/cube/libogc.a(si.o) (SYS_CreateAlarm)
/opt/devkitpro/libogc/lib/cube/libogc.a(lwpc_queue.o)
                              /opt/devkitpro/libogc/lib/cube/libogc.a(video.o) (LWP_InitQueue)
/opt/devkitpro/libogc/lib/cube/libogc.a(console.o)
                              /opt/devkitpro/libogc/lib/cube/libogc.a(default_panic.o) (__console_init)
/opt/devkitpro/libogc/lib/cube/libogc.a(lwp_wkspace.o)
                              /opt/devkitpro/libogc/lib/cube/libogc.a(lwpc_alarm.o) (__wkspace_heap)
/opt/devkitpro/libogc/lib/cube/libogc.a(lwp_heap.o)
                              /opt/devkitpro/libogc/lib/cube/libogc.a(lwp_wkspace.o) (__lwp_heap_init)
/opt/devkitpro/libogc/lib/cube/libogc.a(pad.o)
                              /opt/devkitpro/libogc/lib/cube/libogc.a(system.o) (__PADDisableRecalibration)
/opt/devkitpro/libogc/lib/cube/libogc.a(exi.o)
                              /opt/devkitpro/libogc/lib/cube/libogc.a(system.o) (EXI_Lock)
/opt/devkitpro/libogc/lib/cube/libogc.a(cache_asm.o)
                              /opt/devkitpro/libogc/lib/cube/libogc.a(system.o) (ICFlashInvalidate)
/opt/devkitpro/libogc/lib/cube/libogc.a(gx.o)
                              /opt/devkitpro/libogc/lib/cube/libogc.a(default_panic.o) (GX_AbortFrame)
/opt/devkitpro/libogc/lib/cube/libogc.a(console_font_8x16.o)
                              /opt/devkitpro/libogc/lib/cube/libogc.a(console.o) (console_font_8x16)
/opt/devkitpro/libogc/lib/cube/libogc.a(usbgecko.o)
                              /opt/devkitpro/libogc/lib/cube/libogc.a(console.o) (usb_isgeckoalive)
/opt/devkitpro/libogc/lib/cube/libogc.a(kprintf.o)
                              /opt/devkitpro/libogc/lib/cube/libogc.a(default_panic.o) (kprintf)
/opt/devkitpro/libogc/lib/cube/libogc.a(lwpc_thread.o)
                              /opt/devkitpro/libogc/lib/cube/libogc.a(gx.o) (LWP_SuspendThread)
/opt/devkitpro/libogc/lib/cube/libogc.a(lwp_queue.o)
[...]
Memory Configuration

Name             Origin             Length             Attributes
*default*        0x00000000         0xffffffff

Linker script and memory map

                0x80003100                        . = 0x80003100
                0x00000000                        PROVIDE (__isIPL = 0x0)
                0x800000d0                        PROVIDE (__ppc_excpt_buf = 0x800000d0)
                0x80003000                        PROVIDE (__ppc_excpt_table = 0x80003000)

.init           0x80003100       0xa0
 *(.crt0 .crt0.*)
 .crt0.__app_start
                0x80003100       0xa0 /opt/devkitpro/libogc/lib/cube/libogc.a(common_crt0.o)
                0x80003100                __app_start

.text           0x800031a0    0x1b7a0
 *(SORT_NONE(.init))
 .init          0x800031a0        0xc /opt/devkitpro/devkitPPC/lib/gcc/powerpc-eabi/16.1.0/ecrti.o
                0x800031a0                __init
 .init          0x800031ac        0x4 /opt/devkitpro/devkitPPC/lib/gcc/powerpc-eabi/16.1.0/crtbegin.o
 .init          0x800031b0        0x4 /opt/devkitpro/devkitPPC/lib/gcc/powerpc-eabi/16.1.0/crtend.o
 .init          0x800031b4       0x10 /opt/devkitpro/devkitPPC/lib/gcc/powerpc-eabi/16.1.0/ecrtn.o
 *(.text.unlikely .text.*_unlikely .text.unlikely.*)
 .text.unlikely.abort
                0x800031c4       0x2c /opt/devkitpro/devkitPPC/lib/gcc/powerpc-eabi/16.1.0/../../../../powerpc-eabi/lib/libsysbase.a(libsysbase_libsysbase_a-abort.o)
                0x800031c4                abort
 *(.text.exit .text.exit.*)
 .text.exit     0x800031f0       0x3c /opt/devkitpro/devkitPPC/lib/gcc/powerpc-eabi/16.1.0/../../../../powerpc-eabi/lib/libc.a(libc_a-exit.o)
                0x800031f0                exit
 *(.text.startup .text.startup.*)
 .text.startup.register_fini
                0x8000322c        0xc /opt/devkitpro/devkitPPC/lib/gcc/powerpc-eabi/16.1.0/../../../../powerpc-eabi/lib/libc.a(libc_a-__call_atexit.o)
 *(.text.hot .text.hot.*)
 *(SORT_BY_NAME(.text.sorted.*))
 *(.text .iplt .stub .text.* .gnu.linkonce.t.*)
 .text.__do_global_dtors_aux
                0x80003238       0xcc /opt/devkitpro/devkitPPC/lib/gcc/powerpc-eabi/16.1.0/crtbegin.o
 .text.frame_dummy
                0x80003304       0x24 /opt/devkitpro/devkitPPC/lib/gcc/powerpc-eabi/16.1.0/crtbegin.o
 *fill*         0x80003328        0x0 00000000
 .iplt          0x80003328        0x0 /opt/devkitpro/devkitPPC/lib/gcc/powerpc-eabi/16.1.0/crtbegin.o
 .text.mfmsr_local
                0x80003328       0x2c /var/folders/n1/qrw271lx7bqg16b2vzym4d6c0000gp/T//cctIvv8B.o
 .text.read_special_input
                0x80003354      0x168 /var/folders/n1/qrw271lx7bqg16b2vzym4d6c0000gp/T//cctIvv8B.o
 .text.double_bits
                0x800034bc       0x40 /var/folders/n1/qrw271lx7bqg16b2vzym4d6c0000gp/T//cctIvv8B.o
 .text.capture_append
                0x800034fc      0x138 /var/folders/n1/qrw271lx7bqg16b2vzym4d6c0000gp/T//cctIvv8B.o
 .text.oracle_done
                0x80003634       0x20 /var/folders/n1/qrw271lx7bqg16b2vzym4d6c0000gp/T//cctIvv8B.o
                0x80003634                oracle_done
 .text.copy_context_output
                0x80003654      0x25c /var/folders/n1/qrw271lx7bqg16b2vzym4d6c0000gp/T//cctIvv8B.o
 .text.oracle_panic
                0x800038b0       0x80 /var/folders/n1/qrw271lx7bqg16b2vzym4d6c0000gp/T//cctIvv8B.o
 .text.install_fpu_probe_handler
                0x80003930      0x188 /var/folders/n1/qrw271lx7bqg16b2vzym4d6c0000gp/T//cctIvv8B.o
 .text.restore_fpu_handler
                0x80003ab8      0x15c /var/folders/n1/qrw271lx7bqg16b2vzym4d6c0000gp/T//cctIvv8B.o
 .text.build_code
                0x80003c14      0x3b4 /var/folders/n1/qrw271lx7bqg16b2vzym4d6c0000gp/T//cctIvv8B.o
 .text.emit_hex_words
                0x80003fc8       0xd4 /var/folders/n1/qrw271lx7bqg16b2vzym4d6c0000gp/T//cctIvv8B.o
 .text.emit_hex64_words
                0x8000409c      0x114 /var/folders/n1/qrw271lx7bqg16b2vzym4d6c0000gp/T//cctIvv8B.o
 .text.emit_mem
                0x800041b0       0xac /var/folders/n1/qrw271lx7bqg16b2vzym4d6c0000gp/T//cctIvv8B.o
 .text.run_case
                0x8000425c      0x418 /var/folders/n1/qrw271lx7bqg16b2vzym4d6c0000gp/T//cctIvv8B.o
 .text.init_case_defaults
                0x80004674       0x8c /var/folders/n1/qrw271lx7bqg16b2vzym4d6c0000gp/T//cctIvv8B.o
 .text.emit_case
                0x80004700      0x3e4 /var/folders/n1/qrw271lx7bqg16b2vzym4d6c0000gp/T//cctIvv8B.o
 .text.main     0x80004ae4      0xb04 /var/folders/n1/qrw271lx7bqg16b2vzym4d6c0000gp/T//cctIvv8B.o
                0x80004ae4                main
 .text          0x800055e8      0x904 /var/folders/n1/qrw271lx7bqg16b2vzym4d6c0000gp/T//ccnfg9fR.o
                0x800055e8                oracle_enter
                0x8000598c                oracle_capture
                0x80005cac                oracle_exception_recover
                0x80005db4                oracle_fpu_exception_handler
                0x80005ebc                oracle_fpu_vector_stub
                0x80005eec                oracle_fpu_vector_stub_end
 .text.DEBUGPrint
                0x80005eec        0x4 /opt/devkitpro/libogc/lib/cube/libogc.a(common_crt0.o)
                0x80005eec                DEBUGPrint
 .text.__eabi   0x80005ef0        0x4 /opt/devkitpro/libogc/lib/cube/libogc.a(common_crt0.o)
                0x80005ef0                __eabi
 .text.PPCEarlyInit
                0x80005ef4       0x24 /opt/devkitpro/libogc/lib/cube/libogc.a(early_init.o)
                0x80005ef4                PPCEarlyInit
 .text.PPCEarlyInitImpl
                0x80005f18      0x150 /opt/devkitpro/libogc/lib/cube/libogc.a(early_init.o)
 *fill*         0x80006068       0x18 00000000
 .text.PPCHotReset
                0x80006080       0x70 /opt/devkitpro/libogc/lib/cube/libogc.a(early_init.o)
                0x80006080                PPCHotReset
 .text.PPCDCacheFlushAsync
                0x800060f0       0x28 /opt/devkitpro/libogc/lib/cube/libogc.a(cache.o)
                0x800060f0                PPCDCacheFlushAsync
 .text.PPCDCacheInvalidate
                0x80006118       0x28 /opt/devkitpro/libogc/lib/cube/libogc.a(cache.o)
                0x80006118                PPCDCacheInvalidate
 .text.PPCICacheInvalidate
                0x80006140       0x28 /opt/devkitpro/libogc/lib/cube/libogc.a(cache.o)
                0x80006140                PPCICacheInvalidate
 .text.PPCExcptDefaultPanicFn
                0x80006168       0xac /opt/devkitpro/libogc/lib/cube/libogc.a(exception.o)
 .text.PPCExcptInit
                0x80006214      0x140 /opt/devkitpro/libogc/lib/cube/libogc.a(exception.o)
                0x80006214                PPCExcptInit
 .text.PPCExcptEntryGeneral
                0x80006354       0x60 /opt/devkitpro/libogc/lib/cube/libogc.a(exception_asm.o)
                0x80006358                PPCExcptEntryGeneral
 .text.PPCExcptEntryFpu
                0x800063b4       0x90 /opt/devkitpro/libogc/lib/cube/libogc.a(exception_asm.o)
                0x800063b8                PPCExcptEntryFpu
 .text.PPCExcptFpuHandler
                0x80006444      0x260 /opt/devkitpro/libogc/lib/cube/libogc.a(exception_asm.o)
 .text.PPCExcptDefaultScHandler
                0x800066a4       0x3c /opt/devkitpro/libogc/lib/cube/libogc.a(exception_asm.o)
                0x800066a4                PPCExcptDefaultScHandler
 .text.PPCExcptDefaultHandler
                0x800066e0      0x13c /opt/devkitpro/libogc/lib/cube/libogc.a(exception_asm.o)
                0x800066e0                PPCExcptDefaultHandler
 .text.KIrqInit
                0x8000681c       0x8c /opt/devkitpro/libogc/lib/cube/libogc.a(interrupt.o)
                0x8000681c                KIrqInit
 .text.KIrqDispatch
                0x800068a8      0x250 /opt/devkitpro/libogc/lib/cube/libogc.a(interrupt.o)
                0x800068a8                KIrqDispatch
 .text.KIrqEnable
                0x80006af8      0x23c /opt/devkitpro/libogc/lib/cube/libogc.a(interrupt.o)
                0x80006af8                KIrqEnable
 .text.KIrqDisable
                0x80006d34      0x238 /opt/devkitpro/libogc/lib/cube/libogc.a(interrupt.o)
                0x80006d34                KIrqDisable
 .text.KIrqGet  0x80006f6c       0x14 /opt/devkitpro/libogc/lib/cube/libogc.a(interrupt.o)
                0x80006f6c                KIrqGet
 .text.KIrqSet  0x80006f80       0x3c /opt/devkitpro/libogc/lib/cube/libogc.a(interrupt.o)
                0x80006f80                KIrqSet
 .text.PPCExcptIrqHandler
                0x80006fbc      0x144 /opt/devkitpro/libogc/lib/cube/libogc.a(interrupt_asm.o)
                0x80006fbc                PPCExcptIrqHandler
 .text.__PPCContextPrepareToJump
                0x80007100       0x4c /opt/devkitpro/libogc/lib/cube/libogc.a(interrupt_asm.o)
                0x80007100                __PPCContextPrepareToJump
 .text.__PPCContextJump
                0x8000714c        0x8 /opt/devkitpro/libogc/lib/cube/libogc.a(interrupt_asm.o)
                0x8000714c                __PPCContextJump
 .text.KThreadIdleMain
                0x80007154        0x4 /opt/devkitpro/libogc/lib/cube/libogc.a(thread.o)
 .text.__getreent
                0x80007158       0x24 /opt/devkitpro/libogc/lib/cube/libogc.a(thread.o)
                0x80007158                __getreent
 .text.KThreadInit
                0x8000717c      0x100 /opt/devkitpro/libogc/lib/cube/libogc.a(thread.o)
                0x8000717c                KThreadInit
 .text.KThreadSwitchTo
                0x8000727c       0x88 /opt/devkitpro/libogc/lib/cube/libogc.a(thread.o)
                0x8000727c                KThreadSwitchTo
 .text.KThrQueueBlock
                0x80007304      0x108 /opt/devkitpro/libogc/lib/cube/libogc.a(thread.o)
                0x80007304                KThrQueueBlock
 .text.KThrQueueUnblockAllByValue
                0x8000740c      0x154 /opt/devkitpro/libogc/lib/cube/libogc.a(thread.o)
                0x8000740c                KThrQueueUnblockAllByValue
 .text.KThreadUpdateDynamicPrio
                0x80007560      0x1f4 /opt/devkitpro/libogc/lib/cube/libogc.a(sync.o)
                0x80007560                KThreadUpdateDynamicPrio
 .text.KThreadRemoveWaiter
                0x80007754      0x178 /opt/devkitpro/libogc/lib/cube/libogc.a(sync.o)
 .text.KMutexLock
                0x800078cc      0x194 /opt/devkitpro/libogc/lib/cube/libogc.a(sync.o)
                0x800078cc                KMutexLock
 .text.KMutexUnlock
                0x80007a60      0x104 /opt/devkitpro/libogc/lib/cube/libogc.a(sync.o)
                0x80007a60                KMutexUnlock
 .text.KTickTaskReschedule
                0x80007b64       0x6c /opt/devkitpro/libogc/lib/cube/libogc.a(tick.o)
 .text.KTickTaskRun
                0x80007bd0      0x128 /opt/devkitpro/libogc/lib/cube/libogc.a(tick.o)
                0x80007bd0                KTickTaskRun
 .text.KTickTaskStart
                0x80007cf8      0x168 /opt/devkitpro/libogc/lib/cube/libogc.a(tick.o)
                0x80007cf8                KTickTaskStart
 .text.KTickTaskStop
                0x80007e60       0xc4 /opt/devkitpro/libogc/lib/cube/libogc.a(tick.o)
                0x80007e60                KTickTaskStop
 .text.__syscall_lock_acquire
                0x80007f24        0x4 /opt/devkitpro/libogc/lib/cube/libogc.a(newlib_syscalls.o)
                0x80007f24                __syscall_lock_acquire
 .text.__syscall_lock_release
                0x80007f28        0x4 /opt/devkitpro/libogc/lib/cube/libogc.a(newlib_syscalls.o)
                0x80007f28                __syscall_lock_release
 .text.__syscall_lock_acquire_recursive
                0x80007f2c       0x50 /opt/devkitpro/libogc/lib/cube/libogc.a(newlib_syscalls.o)
                0x80007f2c                __syscall_lock_acquire_recursive
 .text.__syscall_lock_release_recursive
                0x80007f7c       0x18 /opt/devkitpro/libogc/lib/cube/libogc.a(newlib_syscalls.o)
                0x80007f7c                __syscall_lock_release_recursive
 .text.__VIRetraceHandler
                0x80007f94      0x200 /opt/devkitpro/libogc/lib/cube/libogc.a(video.o)
 .text.__setFbbRegs.constprop.0
                0x80008194      0x194 /opt/devkitpro/libogc/lib/cube/libogc.a(video.o)
 .text.__VIClearFramebuffer
                0x80008328       0x48 /opt/devkitpro/libogc/lib/cube/libogc.a(video.o)
                0x80008328                __VIClearFramebuffer
 .text.VIDEO_Init
                0x80008370      0x3a0 /opt/devkitpro/libogc/lib/cube/libogc.a(video.o)
                0x80008370                VIDEO_Init
 .text.VIDEO_Configure
                0x80008710      0x5c0 /opt/devkitpro/libogc/lib/cube/libogc.a(video.o)
                0x80008710                VIDEO_Configure
 .text.VIDEO_WaitVSync
                0x80008cd0       0x68 /opt/devkitpro/libogc/lib/cube/libogc.a(video.o)
                0x80008cd0                VIDEO_WaitVSync
 .text.VIDEO_SetFramebuffer
                0x80008d38       0xc4 /opt/devkitpro/libogc/lib/cube/libogc.a(video.o)
                0x80008d38                VIDEO_SetFramebuffer
 .text.VIDEO_SetNextFramebuffer
                0x80008dfc       0x54 /opt/devkitpro/libogc/lib/cube/libogc.a(video.o)
                0x80008dfc                VIDEO_SetNextFramebuffer
 .text.VIDEO_Flush
                0x80008e50       0xe8 /opt/devkitpro/libogc/lib/cube/libogc.a(video.o)
                0x80008e50                VIDEO_Flush
 .text.VIDEO_SetBlack
                0x80008f38      0x150 /opt/devkitpro/libogc/lib/cube/libogc.a(video.o)
                0x80008f38                VIDEO_SetBlack
 .text.VIDEO_GetCurrentTvMode
                0x80009088       0x64 /opt/devkitpro/libogc/lib/cube/libogc.a(video.o)
                0x80009088                VIDEO_GetCurrentTvMode
 .text.VIDEO_GetPreferredMode
                0x800090ec       0xbc /opt/devkitpro/libogc/lib/cube/libogc.a(video.o)
                0x800090ec                VIDEO_GetPreferredMode
 .text.VIDEO_GetCurrentLine
                0x800091a8       0x94 /opt/devkitpro/libogc/lib/cube/libogc.a(video.o)
                0x800091a8                VIDEO_GetCurrentLine
 .text.VIDEO_GetFrameBufferSize
                0x8000923c       0x34 /opt/devkitpro/libogc/lib/cube/libogc.a(video.o)
                0x8000923c                VIDEO_GetFrameBufferSize
 .text.__MEMInterruptHandler
                0x80009270       0x14 /opt/devkitpro/libogc/lib/cube/libogc.a(system.o)
 .text.__RSWDefaultHandler
                0x80009284        0x4 /opt/devkitpro/libogc/lib/cube/libogc.a(system.o)
 .text.__RSWHandler
                0x80009288      0x158 /opt/devkitpro/libogc/lib/cube/libogc.a(system.o)
 .text.__getrtc
                0x800093e0      0x148 /opt/devkitpro/libogc/lib/cube/libogc.a(system.o)
 .text.__sram_write
                0x80009528      0x140 /opt/devkitpro/libogc/lib/cube/libogc.a(system.o)
 .text.__sram_writecallback
                0x80009668       0x54 /opt/devkitpro/libogc/lib/cube/libogc.a(system.o)
 .text.__mem_onreset
                0x800096bc       0x48 /opt/devkitpro/libogc/lib/cube/libogc.a(system.o)
 .text.__unlocksram
                0x80009704      0x120 /opt/devkitpro/libogc/lib/cube/libogc.a(system.o)
 .text.__call_resetfuncs
                0x80009824      0x150 /opt/devkitpro/libogc/lib/cube/libogc.a(system.o)
 .text.__reload
                0x80009974       0xa4 /opt/devkitpro/libogc/lib/cube/libogc.a(system.o)
                0x80009974                __reload
 .text.__syscall_malloc_lock
                0x80009a18       0x4c /opt/devkitpro/libogc/lib/cube/libogc.a(system.o)
                0x80009a18                __syscall_malloc_lock
 .text.__syscall_malloc_unlock
                0x80009a64       0x1c /opt/devkitpro/libogc/lib/cube/libogc.a(system.o)
                0x80009a64                __syscall_malloc_unlock
 .text.__SYS_LockSram
                0x80009a80       0x50 /opt/devkitpro/libogc/lib/cube/libogc.a(system.o)
                0x80009a80                __SYS_LockSram
 .text.__SYS_UnlockSram
                0x80009ad0        0x8 /opt/devkitpro/libogc/lib/cube/libogc.a(system.o)
                0x80009ad0                __SYS_UnlockSram
 .text.__SYS_GetRTC
                0x80009ad8       0xd4 /opt/devkitpro/libogc/lib/cube/libogc.a(system.o)
                0x80009ad8                __SYS_GetRTC
 .text.__SYS_SetBootTime
                0x80009bac      0x124 /opt/devkitpro/libogc/lib/cube/libogc.a(system.o)
                0x80009bac                __SYS_SetBootTime
 .text.__SYS_PreInit
                0x80009cd0        0x4 /opt/devkitpro/libogc/lib/cube/libogc.a(system.o)
                0x80009cd0                __SYS_PreInit
 .text.__SYS_InstallPanicHandler
                0x80009cd4       0x10 /opt/devkitpro/libogc/lib/cube/libogc.a(system.o)
                0x80009cd4                __SYS_InstallPanicHandler
 .text.SYS_PreMain
                0x80009ce4        0x4 /opt/devkitpro/libogc/lib/cube/libogc.a(system.o)
                0x80009ce4                SYS_PreMain
 .text.SYS_ResetButtonDown
                0x80009ce8       0x18 /opt/devkitpro/libogc/lib/cube/libogc.a(system.o)
                0x80009ce8                SYS_ResetButtonDown
 .text.SYS_ResetSystem
                0x80009d00      0x2a8 /opt/devkitpro/libogc/lib/cube/libogc.a(system.o)
                0x80009d00                SYS_ResetSystem
 .text.__syscall_exit
                0x80009fa8       0x8c /opt/devkitpro/libogc/lib/cube/libogc.a(system.o)
                0x80009fa8                __syscall_exit
 .text.SYS_RegisterResetFunc
                0x8000a034       0x6c /opt/devkitpro/libogc/lib/cube/libogc.a(system.o)
                0x8000a034                SYS_RegisterResetFunc
 .text.SYS_SetArena1Lo
                0x8000a0a0       0x24 /opt/devkitpro/libogc/lib/cube/libogc.a(system.o)
                0x8000a0a0                SYS_SetArena1Lo
 .text.SYS_GetArena1Lo
                0x8000a0c4       0x24 /opt/devkitpro/libogc/lib/cube/libogc.a(system.o)
                0x8000a0c4                SYS_GetArena1Lo
 .text.SYS_GetArena1Hi
                0x8000a0e8       0x24 /opt/devkitpro/libogc/lib/cube/libogc.a(system.o)
                0x8000a0e8                SYS_GetArena1Hi
 .text.SYS_AllocateFramebuffer
                0x8000a10c       0x28 /opt/devkitpro/libogc/lib/cube/libogc.a(system.o)
                0x8000a10c                SYS_AllocateFramebuffer
 .text.SYS_GetWirelessID
                0x8000a134       0x78 /opt/devkitpro/libogc/lib/cube/libogc.a(system.o)
                0x8000a134                SYS_GetWirelessID
 .text.SYS_SetWirelessID
                0x8000a1ac       0x84 /opt/devkitpro/libogc/lib/cube/libogc.a(system.o)
                0x8000a1ac                SYS_SetWirelessID
 .text.SYS_SetGBSMode
                0x8000a230       0x9c /opt/devkitpro/libogc/lib/cube/libogc.a(system.o)
                0x8000a230                SYS_SetGBSMode
 .text.__sram_init
                0x8000a2cc      0x1b0 /opt/devkitpro/libogc/lib/cube/libogc.a(system.o)
                0x8000a2cc                __sram_init
 .text.SYS_Init
                0x8000a47c      0x4fc /opt/devkitpro/libogc/lib/cube/libogc.a(system.o)
                0x8000a47c                SYS_Init
 .text.SYS_Time
                0x8000a978       0x54 /opt/devkitpro/libogc/lib/cube/libogc.a(system.o)
                0x8000a978                SYS_Time
 .text.__si_transfer
                0x8000a9cc      0x1b8 /opt/devkitpro/libogc/lib/cube/libogc.a(si.o)
 .text.__si_alarmhandler
                0x8000ab84       0xa0 /opt/devkitpro/libogc/lib/cube/libogc.a(si.o)
 .text.__si_completetransfer
                0x8000ac24      0x1f4 /opt/devkitpro/libogc/lib/cube/libogc.a(si.o)
 .text.__si_transfernext
                0x8000ae18       0xd8 /opt/devkitpro/libogc/lib/cube/libogc.a(si.o)
 .text.SI_Busy  0x8000aef0       0x18 /opt/devkitpro/libogc/lib/cube/libogc.a(si.o)
                0x8000aef0                SI_Busy
 .text.SI_IsChanBusy
                0x8000af08       0x38 /opt/devkitpro/libogc/lib/cube/libogc.a(si.o)
                0x8000af08                SI_IsChanBusy
 .text.SI_EnablePolling
                0x8000af40       0x64 /opt/devkitpro/libogc/lib/cube/libogc.a(si.o)
                0x8000af40                SI_EnablePolling
 .text.SI_DisablePolling
                0x8000afa4       0x44 /opt/devkitpro/libogc/lib/cube/libogc.a(si.o)
                0x8000afa4                SI_DisablePolling
 .text.SI_SetSamplingRate
                0x8000afe8      0x108 /opt/devkitpro/libogc/lib/cube/libogc.a(si.o)
                0x8000afe8                SI_SetSamplingRate
 .text.SI_RefreshSamplingRate
                0x8000b0f0        0x8 /opt/devkitpro/libogc/lib/cube/libogc.a(si.o)
                0x8000b0f0                SI_RefreshSamplingRate
 .text.SI_GetStatus
                0x8000b0f8       0x6c /opt/devkitpro/libogc/lib/cube/libogc.a(si.o)
                0x8000b0f8                SI_GetStatus
 .text.SI_GetResponseRaw
                0x8000b164       0xd4 /opt/devkitpro/libogc/lib/cube/libogc.a(si.o)
                0x8000b164                SI_GetResponseRaw
 .text.SI_GetResponse
                0x8000b238       0xa4 /opt/devkitpro/libogc/lib/cube/libogc.a(si.o)
                0x8000b238                SI_GetResponse
 .text.SI_SetCommand
                0x8000b2dc       0x10 /opt/devkitpro/libogc/lib/cube/libogc.a(si.o)
                0x8000b2dc                SI_SetCommand
 .text.SI_Transfer
                0x8000b2ec      0x2cc /opt/devkitpro/libogc/lib/cube/libogc.a(si.o)
                0x8000b2ec                SI_Transfer
 .text.__si_gettypecallback
                0x8000b5b8      0x2b8 /opt/devkitpro/libogc/lib/cube/libogc.a(si.o)
 .text.__si_interrupthandler
                0x8000b870      0x278 /opt/devkitpro/libogc/lib/cube/libogc.a(si.o)
 .text.SI_GetType
                0x8000bae8      0x1fc /opt/devkitpro/libogc/lib/cube/libogc.a(si.o)
                0x8000bae8                SI_GetType
 .text.SI_GetTypeAsync
                0x8000bce4      0x134 /opt/devkitpro/libogc/lib/cube/libogc.a(si.o)
                0x8000bce4                SI_GetTypeAsync
 .text.SI_EnablePollingInterrupt
                0x8000be18       0x80 /opt/devkitpro/libogc/lib/cube/libogc.a(si.o)
                0x8000be18                SI_EnablePollingInterrupt
 .text.SI_UnregisterPollingHandler
                0x8000be98       0xd8 /opt/devkitpro/libogc/lib/cube/libogc.a(si.o)
                0x8000be98                SI_UnregisterPollingHandler
 .text.__si_init
                0x8000bf70       0xe0 /opt/devkitpro/libogc/lib/cube/libogc.a(si.o)
                0x8000bf70                __si_init
 .text.settime  0x8000c050       0x14 /opt/devkitpro/libogc/lib/cube/libogc.a(timesupp.o)
                0x8000c050                settime
 .text.udelay   0x8000c064       0xac /opt/devkitpro/libogc/lib/cube/libogc.a(timesupp.o)
                0x8000c064                udelay
 .text._sbrk_r  0x8000c110       0xcc /opt/devkitpro/libogc/lib/cube/libogc.a(sbrk.o)
                0x8000c110                _sbrk_r
 .text.__CheckARGV
                0x8000c1dc       0x80 /opt/devkitpro/libogc/lib/cube/libogc.a(argv.o)
                0x8000c1dc                __CheckARGV
 .text.__libogc_panic
                0x8000c25c      0x3cc /opt/devkitpro/libogc/lib/cube/libogc.a(default_panic.o)
                0x8000c25c                __libogc_panic
 .text.lwpc_alarm_cb
                0x8000c628       0x10 /opt/devkitpro/libogc/lib/cube/libogc.a(lwpc_alarm.o)
 .text.SYS_CreateAlarm
                0x8000c638       0x74 /opt/devkitpro/libogc/lib/cube/libogc.a(lwpc_alarm.o)
                0x8000c638                SYS_CreateAlarm
 .text.SYS_SetAlarm
                0x8000c6ac      0x108 /opt/devkitpro/libogc/lib/cube/libogc.a(lwpc_alarm.o)
                0x8000c6ac                SYS_SetAlarm
 .text.SYS_CancelAlarm
                0x8000c7b4       0x34 /opt/devkitpro/libogc/lib/cube/libogc.a(lwpc_alarm.o)
                0x8000c7b4                SYS_CancelAlarm
 .text.LWP_InitQueue
                0x8000c7e8       0xdc /opt/devkitpro/libogc/lib/cube/libogc.a(lwpc_queue.o)
                0x8000c7e8                LWP_InitQueue
 .text.LWP_ThreadSleep
                0x8000c8c4       0x44 /opt/devkitpro/libogc/lib/cube/libogc.a(lwpc_queue.o)
                0x8000c8c4                LWP_ThreadSleep
 .text.LWP_ThreadBroadcast
                0x8000c908       0x1c /opt/devkitpro/libogc/lib/cube/libogc.a(lwpc_queue.o)
                0x8000c908                LWP_ThreadBroadcast
 .text.RGB8_to_YCbCr
                0x8000c924      0x144 /opt/devkitpro/libogc/lib/cube/libogc.a(console.o)
 .text.__console_drawc.part.0
                0x8000ca68      0x274 /opt/devkitpro/libogc/lib/cube/libogc.a(console.o)
 .text.__console_clear
                0x8000ccdc      0x190 /opt/devkitpro/libogc/lib/cube/libogc.a(console.o)
 .text.__set_default_console
                0x8000ce6c      0x108 /opt/devkitpro/libogc/lib/cube/libogc.a(console.o)
 .text.__console_clear_line
                0x8000cf74      0x174 /opt/devkitpro/libogc/lib/cube/libogc.a(console.o)
 .text.__console_init
                0x8000d0e8       0x54 /opt/devkitpro/libogc/lib/cube/libogc.a(console.o)
                0x8000d0e8                __console_init
 .text.newRow   0x8000d13c      0x134 /opt/devkitpro/libogc/lib/cube/libogc.a(console.o)
                0x8000d13c                newRow
 .text.consolePrintChar.part.0
                0x8000d270      0x220 /opt/devkitpro/libogc/lib/cube/libogc.a(console.o)
 .text.__console_write
                0x8000d490      0xe60 /opt/devkitpro/libogc/lib/cube/libogc.a(console.o)
                0x8000d490                __console_write
 .text.CON_EnableGecko
                0x8000e2f0       0xf8 /opt/devkitpro/libogc/lib/cube/libogc.a(console.o)
                0x8000e2f0                CON_EnableGecko
 .text.__lwp_wkspace_init
                0x8000e3e8       0xa4 /opt/devkitpro/libogc/lib/cube/libogc.a(lwp_wkspace.o)
                0x8000e3e8                __lwp_wkspace_init
 .text.__lwp_heap_init
                0x8000e48c       0x90 /opt/devkitpro/libogc/lib/cube/libogc.a(lwp_heap.o)
                0x8000e48c                __lwp_heap_init
 .text.__lwp_heap_allocate
                0x8000e51c      0x14c /opt/devkitpro/libogc/lib/cube/libogc.a(lwp_heap.o)
                0x8000e51c                __lwp_heap_allocate
 .text.SPEC1_MakeStatus
                0x8000e668      0x104 /opt/devkitpro/libogc/lib/cube/libogc.a(pad.o)
 .text.__pad_samplinghandler
                0x8000e76c        0x4 /opt/devkitpro/libogc/lib/cube/libogc.a(pad.o)
 .text.__pad_updateorigin
                0x8000e770       0x98 /opt/devkitpro/libogc/lib/cube/libogc.a(pad.o)
 .text.__pad_disable
                0x8000e808       0xa0 /opt/devkitpro/libogc/lib/cube/libogc.a(pad.o)
 .text.__pad_receivecheckcallback
                0x8000e8a8       0x74 /opt/devkitpro/libogc/lib/cube/libogc.a(pad.o)
 .text.__pad_doreset
                0x8000e91c       0x5c /opt/devkitpro/libogc/lib/cube/libogc.a(pad.o)
 .text.__pad_typeandstatuscallback
                0x8000e978      0x1b4 /opt/devkitpro/libogc/lib/cube/libogc.a(pad.o)
 .text.__pad_originupdatecallback
                0x8000eb2c       0x2c /opt/devkitpro/libogc/lib/cube/libogc.a(pad.o)
 .text.__pad_onreset
                0x8000eb58       0xf0 /opt/devkitpro/libogc/lib/cube/libogc.a(pad.o)
 .text.SPEC2_MakeStatus
                0x8000ec48      0x220 /opt/devkitpro/libogc/lib/cube/libogc.a(pad.o)
 .text.__pad_origincallback
                0x8000ee68       0x74 /opt/devkitpro/libogc/lib/cube/libogc.a(pad.o)
 .text.__pad_probecallback
                0x8000eedc       0x84 /opt/devkitpro/libogc/lib/cube/libogc.a(pad.o)
 .text.__PADDisableRecalibration
                0x8000ef60       0x54 /opt/devkitpro/libogc/lib/cube/libogc.a(pad.o)
                0x8000ef60                __PADDisableRecalibration
 .text.PAD_Reset
                0x8000efb4       0xdc /opt/devkitpro/libogc/lib/cube/libogc.a(pad.o)
                0x8000efb4                PAD_Reset
 .text.PAD_Read
                0x8000f090      0x2c0 /opt/devkitpro/libogc/lib/cube/libogc.a(pad.o)
                0x8000f090                PAD_Read
 .text.PAD_Init
                0x8000f350       0xf8 /opt/devkitpro/libogc/lib/cube/libogc.a(pad.o)
                0x8000f350                PAD_Init
 .text.PAD_ScanPads
                0x8000f448      0x13c /opt/devkitpro/libogc/lib/cube/libogc.a(pad.o)
                0x8000f448                PAD_ScanPads
 .text.PAD_ButtonsDown
                0x8000f584       0x3c /opt/devkitpro/libogc/lib/cube/libogc.a(pad.o)
                0x8000f584                PAD_ButtonsDown
 .text.__exi_irq_handler
                0x8000f5c0       0x58 /opt/devkitpro/libogc/lib/cube/libogc.a(exi.o)
 .text.__ext_irq_handler
                0x8000f618       0xc8 /opt/devkitpro/libogc/lib/cube/libogc.a(exi.o)
 .text.__tc_irq_handler
                0x8000f6e0      0x164 /opt/devkitpro/libogc/lib/cube/libogc.a(exi.o)
 .text.__exi_probe
                0x8000f844      0x23c /opt/devkitpro/libogc/lib/cube/libogc.a(exi.o)
 .text.__exi_attach
                0x8000fa80      0x104 /opt/devkitpro/libogc/lib/cube/libogc.a(exi.o)
 .text.EXI_Lock
                0x8000fb84      0x244 /opt/devkitpro/libogc/lib/cube/libogc.a(exi.o)
                0x8000fb84                EXI_Lock
 .text.EXI_Unlock
                0x8000fdc8      0x290 /opt/devkitpro/libogc/lib/cube/libogc.a(exi.o)
                0x8000fdc8                EXI_Unlock
 .text.EXI_Select
                0x80010058      0x204 /opt/devkitpro/libogc/lib/cube/libogc.a(exi.o)
                0x80010058                EXI_Select
 .text.EXI_Deselect
                0x8001025c      0x154 /opt/devkitpro/libogc/lib/cube/libogc.a(exi.o)
                0x8001025c                EXI_Deselect
 .text.EXI_Sync
                0x800103b0      0x114 /opt/devkitpro/libogc/lib/cube/libogc.a(exi.o)
                0x800103b0                EXI_Sync
 .text.EXI_Imm  0x800104c4      0x1d8 /opt/devkitpro/libogc/lib/cube/libogc.a(exi.o)
                0x800104c4                EXI_Imm
 .text.EXI_ImmEx
                0x8001069c       0xbc /opt/devkitpro/libogc/lib/cube/libogc.a(exi.o)
                0x8001069c                EXI_ImmEx
 .text.EXI_Dma  0x80010758      0x138 /opt/devkitpro/libogc/lib/cube/libogc.a(exi.o)
                0x80010758                EXI_Dma
 .text.EXI_Detach
                0x80010890       0xbc /opt/devkitpro/libogc/lib/cube/libogc.a(exi.o)
                0x80010890                EXI_Detach
 .text.EXI_GetID
                0x8001094c      0x358 /opt/devkitpro/libogc/lib/cube/libogc.a(exi.o)
                0x8001094c                EXI_GetID
 .text.__unlocked_handler
                0x80010ca4       0x28 /opt/devkitpro/libogc/lib/cube/libogc.a(exi.o)
 .text.EXI_ProbeReset
                0x80010ccc       0x70 /opt/devkitpro/libogc/lib/cube/libogc.a(exi.o)
                0x80010ccc                EXI_ProbeReset
 .text.__exi_init
                0x80010d3c      0x17c /opt/devkitpro/libogc/lib/cube/libogc.a(exi.o)
                0x80010d3c                __exi_init
 .text          0x80010eb8      0x32c /opt/devkitpro/libogc/lib/cube/libogc.a(cache_asm.o)
                0x80010eb8                DCFlashInvalidate
                0x80010ecc                DCEnable
                0x80010ee0                DCDisable
                0x80010ef4                DCFreeze
                0x80010f08                DCUnfreeze
                0x80010f1c                ICFlashInvalidate
                0x80010f30                ICEnable
                0x80010f44                ICDisable
                0x80010f58                ICFreeze
                0x80010f6c                ICUnfreeze
                0x80010f80                L2Init
                0x80010fc8                L2Enable
                0x80010fe4                L2Disable
                0x80010ffc                L2GlobalInvalidate
                0x80011054                __LCEnable
                0x80011120                LCDisable
                0x80011148                LCAllocOneTag
                0x8001115c                LCAllocTags
                0x8001119c                LCLoadBlocks
                0x800111c0                LCStoreBlocks
 .text.__GX_WaitAbort
                0x800111e4       0x68 /opt/devkitpro/libogc/lib/cube/libogc.a(gx.o)
 .text.__GX_CleanGPFifo
                0x8001124c      0x178 /opt/devkitpro/libogc/lib/cube/libogc.a(gx.o)
 .text.GX_AbortFrame
                0x800113c4       0x6c /opt/devkitpro/libogc/lib/cube/libogc.a(gx.o)
                0x800113c4                GX_AbortFrame
 .text.__usbgecko_exi_unlock
                0x80011430       0x34 /opt/devkitpro/libogc/lib/cube/libogc.a(usbgecko.o)
 .text.usb_isgeckoalive
                0x80011464      0x1bc /opt/devkitpro/libogc/lib/cube/libogc.a(usbgecko.o)
                0x80011464                usb_isgeckoalive
 .text.usb_sendbuffer_ex
                0x80011620      0x208 /opt/devkitpro/libogc/lib/cube/libogc.a(usbgecko.o)
                0x80011620                usb_sendbuffer_ex
 .text.usb_sendbuffer
                0x80011828        0x8 /opt/devkitpro/libogc/lib/cube/libogc.a(usbgecko.o)
                0x80011828                usb_sendbuffer
 .text.usb_sendbuffer_safe_ex
                0x80011830      0x2a0 /opt/devkitpro/libogc/lib/cube/libogc.a(usbgecko.o)
                0x80011830                usb_sendbuffer_safe_ex
 .text.usb_sendbuffer_safe
                0x80011ad0        0x8 /opt/devkitpro/libogc/lib/cube/libogc.a(usbgecko.o)
                0x80011ad0                usb_sendbuffer_safe
 .text._dietPrintDefaultFunc
                0x80011ad8       0xc8 /opt/devkitpro/libogc/lib/cube/libogc.a(kprintf.o)
 .text._dietPrintWidth
                0x80011ba0       0xe4 /opt/devkitpro/libogc/lib/cube/libogc.a(kprintf.o)
                0x80011ba0                _dietPrintWidth
 .text._dietPrintHex32
                0x80011c84      0x294 /opt/devkitpro/libogc/lib/cube/libogc.a(kprintf.o)
 .text._dietPrintHex64
                0x80011f18       0xc8 /opt/devkitpro/libogc/lib/cube/libogc.a(kprintf.o)
                0x80011f18                _dietPrintHex64
 .text.dietPrintV
                0x80011fe0      0x8b4 /opt/devkitpro/libogc/lib/cube/libogc.a(kprintf.o)
                0x80011fe0                dietPrintV
 .text.kprintf  0x80012894       0x84 /opt/devkitpro/libogc/lib/cube/libogc.a(kprintf.o)
                0x80012894                kprintf
 .text.__lwp_queue_initialize
                0x80012918       0x98 /opt/devkitpro/libogc/lib/cube/libogc.a(lwp_queue.o)
                0x80012918                __lwp_queue_initialize
 .text.__udivdi3
                0x800129b0      0x3c4 /opt/devkitpro/devkitPPC/lib/gcc/powerpc-eabi/16.1.0/libgcc.a(_udivdi3.o)
                0x800129b0                __udivdi3
 .text.__umoddi3
                0x80012d74      0x380 /opt/devkitpro/devkitPPC/lib/gcc/powerpc-eabi/16.1.0/libgcc.a(_umoddi3.o)
                0x80012d74                __umoddi3
 .text.build_argv
                0x800130f4      0x130 /opt/devkitpro/devkitPPC/lib/gcc/powerpc-eabi/16.1.0/../../../../powerpc-eabi/lib/libsysbase.a(libsysbase_libsysbase_a-build_argv.o)
                0x800130f4                build_argv
 .text.null_write
                0x80013224        0x8 /opt/devkitpro/devkitPPC/lib/gcc/powerpc-eabi/16.1.0/../../../../powerpc-eabi/lib/libsysbase.a(libsysbase_libsysbase_a-iosupport.o)
 .text.memcpy   0x8001322c      0x14c /opt/devkitpro/devkitPPC/lib/gcc/powerpc-eabi/16.1.0/../../../../powerpc-eabi/lib/libc.a(libc_a-memcpy.o)
                0x8001322c                memcpy
 .text.strlen   0x80013378       0x80 /opt/devkitpro/devkitPPC/lib/gcc/powerpc-eabi/16.1.0/../../../../powerpc-eabi/lib/libc.a(libc_a-strlen.o)
                0x80013378                strlen
 .text.memalign
                0x800133f8       0x40 /opt/devkitpro/devkitPPC/lib/gcc/powerpc-eabi/16.1.0/../../../../powerpc-eabi/lib/libc.a(libc_a-malign.o)
                0x800133f8                memalign
 .text._memalign_r
                0x80013438      0x1dc /opt/devkitpro/devkitPPC/lib/gcc/powerpc-eabi/16.1.0/../../../../powerpc-eabi/lib/libc.a(libc_a-malignr.o)
                0x80013438                _memalign_r
 .text.__errno  0x80013614       0x20 /opt/devkitpro/devkitPPC/lib/gcc/powerpc-eabi/16.1.0/../../../../powerpc-eabi/lib/libc.a(libc_a-errno.o)
                0x80013614                __errno
 .text.memset   0x80013634      0x180 /opt/devkitpro/devkitPPC/lib/gcc/powerpc-eabi/16.1.0/../../../../powerpc-eabi/lib/libc.a(libc_a-memset.o)
                0x80013634                memset
 .text._vsnprintf_r
                0x800137b4       0xd8 /opt/devkitpro/devkitPPC/lib/gcc/powerpc-eabi/16.1.0/../../../../powerpc-eabi/lib/libc.a(libc_a-vsnprintf.o)
                0x800137b4                _vsnprintf_r
 .text.vsnprintf
                0x8001388c       0x60 /opt/devkitpro/devkitPPC/lib/gcc/powerpc-eabi/16.1.0/../../../../powerpc-eabi/lib/libc.a(libc_a-vsnprintf.o)
                0x8001388c                vsnprintf
 .text._malloc_r
                0x800138ec      0x90c /opt/devkitpro/devkitPPC/lib/gcc/powerpc-eabi/16.1.0/../../../../powerpc-eabi/lib/libc.a(libc_a-mallocr.o)
                0x800138ec                _malloc_r
 .text._malloc_trim_r
                0x800141f8      0x138 /opt/devkitpro/devkitPPC/lib/gcc/powerpc-eabi/16.1.0/../../../../powerpc-eabi/lib/libc.a(libc_a-freer.o)
                0x800141f8                _malloc_trim_r
 .text._free_r  0x80014330      0x32c /opt/devkitpro/devkitPPC/lib/gcc/powerpc-eabi/16.1.0/../../../../powerpc-eabi/lib/libc.a(libc_a-freer.o)
                0x80014330                _free_r
 .text.setvbuf  0x8001465c      0x2e4 /opt/devkitpro/devkitPPC/lib/gcc/powerpc-eabi/16.1.0/../../../../powerpc-eabi/lib/libc.a(libc_a-setvbuf.o)
                0x8001465c                setvbuf
 .text.stdio_exit_handler
                0x80014940       0x1c /opt/devkitpro/devkitPPC/lib/gcc/powerpc-eabi/16.1.0/../../../../powerpc-eabi/lib/libc.a(libc_a-findfp.o)
 .text.cleanup_stdio
                0x8001495c       0x88 /opt/devkitpro/devkitPPC/lib/gcc/powerpc-eabi/16.1.0/../../../../powerpc-eabi/lib/libc.a(libc_a-findfp.o)
 .text.global_stdio_init.part.0
                0x800149e4      0x188 /opt/devkitpro/devkitPPC/lib/gcc/powerpc-eabi/16.1.0/../../../../powerpc-eabi/lib/libc.a(libc_a-findfp.o)
 .text.__sinit  0x80014b6c       0x8c /opt/devkitpro/devkitPPC/lib/gcc/powerpc-eabi/16.1.0/../../../../powerpc-eabi/lib/libc.a(libc_a-findfp.o)
                0x80014b6c                __sinit
 .text.__sfp_lock_acquire
                0x80014bf8        0xc /opt/devkitpro/devkitPPC/lib/gcc/powerpc-eabi/16.1.0/../../../../powerpc-eabi/lib/libc.a(libc_a-findfp.o)
                0x80014bf8                __sfp_lock_acquire
 .text.__sfp_lock_release
                0x80014c04        0xc /opt/devkitpro/devkitPPC/lib/gcc/powerpc-eabi/16.1.0/../../../../powerpc-eabi/lib/libc.a(libc_a-findfp.o)
                0x80014c04                __sfp_lock_release
 .text.malloc   0x80014c10       0x58 /opt/devkitpro/devkitPPC/lib/gcc/powerpc-eabi/16.1.0/../../../../powerpc-eabi/lib/libc.a(libc_a-malloc.o)
                0x80014c10                malloc
 .text.free     0x80014c68       0x30 /opt/devkitpro/devkitPPC/lib/gcc/powerpc-eabi/16.1.0/../../../../powerpc-eabi/lib/libc.a(libc_a-malloc.o)
                0x80014c68                free
 .text.write    0x80014c98       0x50 /opt/devkitpro/devkitPPC/lib/gcc/powerpc-eabi/16.1.0/../../../../powerpc-eabi/lib/libc.a(libc_a-syswrite.o)
                0x80014c98                write
 .text.__sread  0x80014ce8       0x74 /opt/devkitpro/devkitPPC/lib/gcc/powerpc-eabi/16.1.0/../../../../powerpc-eabi/lib/libc.a(libc_a-stdio.o)
                0x80014ce8                __sread
 .text.__swrite
                0x80014d5c       0xb0 /opt/devkitpro/devkitPPC/lib/gcc/powerpc-eabi/16.1.0/../../../../powerpc-eabi/lib/libc.a(libc_a-stdio.o)
                0x80014d5c                __swrite
 .text.__sseek  0x80014e0c       0x70 /opt/devkitpro/devkitPPC/lib/gcc/powerpc-eabi/16.1.0/../../../../powerpc-eabi/lib/libc.a(libc_a-stdio.o)
                0x80014e0c                __sseek
 .text.__sclose
                0x80014e7c        0x8 /opt/devkitpro/devkitPPC/lib/gcc/powerpc-eabi/16.1.0/../../../../powerpc-eabi/lib/libc.a(libc_a-stdio.o)
                0x80014e7c                __sclose
 .text.memmove  0x80014e84      0x254 /opt/devkitpro/devkitPPC/lib/gcc/powerpc-eabi/16.1.0/../../../../powerpc-eabi/lib/libc.a(libc_a-memmove.o)
                0x80014e84                memmove
 .text._fclose_r
                0x800150d8      0x1b4 /opt/devkitpro/devkitPPC/lib/gcc/powerpc-eabi/16.1.0/../../../../powerpc-eabi/lib/libc.a(libc_a-fclose.o)
                0x800150d8                _fclose_r
 .text.get_arg  0x8001528c      0x7bc /opt/devkitpro/devkitPPC/lib/gcc/powerpc-eabi/16.1.0/../../../../powerpc-eabi/lib/libc.a(libc_a-svfprintf.o)
 .text._svfprintf_r
                0x80015a48     0x39f8 /opt/devkitpro/devkitPPC/lib/gcc/powerpc-eabi/16.1.0/../../../../powerpc-eabi/lib/libc.a(libc_a-svfprintf.o)
                0x80015a48                _svfprintf_r
 .text.strnlen  0x80019440       0xc0 /opt/devkitpro/devkitPPC/lib/gcc/powerpc-eabi/16.1.0/../../../../powerpc-eabi/lib/libc.a(libc_a-strnlen.o)
                0x80019440                strnlen
 .text.frexp    0x80019500       0x90 /opt/devkitpro/devkitPPC/lib/gcc/powerpc-eabi/16.1.0/../../../../powerpc-eabi/lib/libc.a(libm_a-s_frexp.o)
                0x80019500                frexp
 .text._fwalk_sglue
                0x80019590       0xb4 /opt/devkitpro/devkitPPC/lib/gcc/powerpc-eabi/16.1.0/../../../../powerpc-eabi/lib/libc.a(libc_a-fwalk.o)
                0x80019590                _fwalk_sglue
 .text._wcrtomb_r
                0x80019644      0x104 /opt/devkitpro/devkitPPC/lib/gcc/powerpc-eabi/16.1.0/../../../../powerpc-eabi/lib/libc.a(libc_a-wcrtomb.o)
                0x80019644                _wcrtomb_r
 .text.memchr   0x80019748      0x148 /opt/devkitpro/devkitPPC/lib/gcc/powerpc-eabi/16.1.0/../../../../powerpc-eabi/lib/libc.a(libc_a-memchr.o)
                0x80019748                memchr
 .text.__ssprint_r
                0x80019890      0x10c /opt/devkitpro/devkitPPC/lib/gcc/powerpc-eabi/16.1.0/../../../../powerpc-eabi/lib/libc.a(libc_a-ssprint_r.o)
                0x80019890                __ssprint_r
 .text.__swhatbuf_r
                0x8001999c      0x118 /opt/devkitpro/devkitPPC/lib/gcc/powerpc-eabi/16.1.0/../../../../powerpc-eabi/lib/libc.a(libc_a-makebuf.o)
                0x8001999c                __swhatbuf_r
 .text.__locale_mb_cur_max
                0x80019ab4       0x4c /opt/devkitpro/devkitPPC/lib/gcc/powerpc-eabi/16.1.0/../../../../powerpc-eabi/lib/libc.a(libc_a-locale.o)
                0x80019ab4                __locale_mb_cur_max
 .text.__sflush_r
                0x80019b00      0x300 /opt/devkitpro/devkitPPC/lib/gcc/powerpc-eabi/16.1.0/../../../../powerpc-eabi/lib/libc.a(libc_a-fflush.o)
                0x80019b00                __sflush_r
 .text._fflush_r
                0x80019e00      0x108 /opt/devkitpro/devkitPPC/lib/gcc/powerpc-eabi/16.1.0/../../../../powerpc-eabi/lib/libc.a(libc_a-fflush.o)
                0x80019e00                _fflush_r
 .text.quorem   0x80019f08      0x340 /opt/devkitpro/devkitPPC/lib/gcc/powerpc-eabi/16.1.0/../../../../powerpc-eabi/lib/libc.a(libc_a-dtoa.o)
 .text._dtoa_r  0x8001a248     0x1720 /opt/devkitpro/devkitPPC/lib/gcc/powerpc-eabi/16.1.0/../../../../powerpc-eabi/lib/libc.a(libc_a-dtoa.o)
                0x8001a248                _dtoa_r
 .text.__call_exitprocs
                0x8001b968      0x208 /opt/devkitpro/devkitPPC/lib/gcc/powerpc-eabi/16.1.0/../../../../powerpc-eabi/lib/libc.a(libc_a-__call_atexit.o)
                0x8001b968                __call_exitprocs
 .text.strncpy  0x8001bb70      0x104 /opt/devkitpro/devkitPPC/lib/gcc/powerpc-eabi/16.1.0/../../../../powerpc-eabi/lib/libc.a(libc_a-strncpy.o)
                0x8001bb70                strncpy
 .text._wcsrtombs_r
                0x8001bc74       0x10 /opt/devkitpro/devkitPPC/lib/gcc/powerpc-eabi/16.1.0/../../../../powerpc-eabi/lib/libc.a(libc_a-wcsrtombs.o)
                0x8001bc74                _wcsrtombs_r
 .text._localeconv_r
                0x8001bc84       0x4c /opt/devkitpro/devkitPPC/lib/gcc/powerpc-eabi/16.1.0/../../../../powerpc-eabi/lib/libc.a(libc_a-localeconv.o)
                0x8001bc84                _localeconv_r
 .text.atexit   0x8001bcd0       0x14 /opt/devkitpro/devkitPPC/lib/gcc/powerpc-eabi/16.1.0/../../../../powerpc-eabi/lib/libc.a(libc_a-atexit.o)
                0x8001bcd0                atexit
 .text.__ssputs_r
                0x8001bce4      0x194 /opt/devkitpro/devkitPPC/lib/gcc/powerpc-eabi/16.1.0/../../../../powerpc-eabi/lib/libc.a(libc_a-ssputs_r.o)
                0x8001bce4                __ssputs_r
 .text.__utf8_wctomb
                0x8001be78      0x108 /opt/devkitpro/devkitPPC/lib/gcc/powerpc-eabi/16.1.0/../../../../powerpc-eabi/lib/libc.a(libc_a-wctomb_r.o)
                0x8001be78                __utf8_wctomb
 .text._wcsnrtombs_l
                0x8001bf80      0x1e4 /opt/devkitpro/devkitPPC/lib/gcc/powerpc-eabi/16.1.0/../../../../powerpc-eabi/lib/libc.a(libc_a-wcsnrtombs.o)
                0x8001bf80                _wcsnrtombs_l
 .text._wcsnrtombs_r
                0x8001c164       0xd8 /opt/devkitpro/devkitPPC/lib/gcc/powerpc-eabi/16.1.0/../../../../powerpc-eabi/lib/libc.a(libc_a-wcsnrtombs.o)
                0x8001c164                _wcsnrtombs_r
 .text._Balloc  0x8001c23c       0xf4 /opt/devkitpro/devkitPPC/lib/gcc/powerpc-eabi/16.1.0/../../../../powerpc-eabi/lib/libc.a(libc_a-mprec.o)
                0x8001c23c                _Balloc
 .text._Bfree   0x8001c330       0x24 /opt/devkitpro/devkitPPC/lib/gcc/powerpc-eabi/16.1.0/../../../../powerpc-eabi/lib/libc.a(libc_a-mprec.o)
                0x8001c330                _Bfree
 .text.__multadd
                0x8001c354      0x174 /opt/devkitpro/devkitPPC/lib/gcc/powerpc-eabi/16.1.0/../../../../powerpc-eabi/lib/libc.a(libc_a-mprec.o)
                0x8001c354                __multadd
 .text.__hi0bits
                0x8001c4c8       0x98 /opt/devkitpro/devkitPPC/lib/gcc/powerpc-eabi/16.1.0/../../../../powerpc-eabi/lib/libc.a(libc_a-mprec.o)
                0x8001c4c8                __hi0bits
 .text.__lo0bits
                0x8001c560      0x10c /opt/devkitpro/devkitPPC/lib/gcc/powerpc-eabi/16.1.0/../../../../powerpc-eabi/lib/libc.a(libc_a-mprec.o)
                0x8001c560                __lo0bits
 .text.__i2b    0x8001c66c      0x108 /opt/devkitpro/devkitPPC/lib/gcc/powerpc-eabi/16.1.0/../../../../powerpc-eabi/lib/libc.a(libc_a-mprec.o)
                0x8001c66c                __i2b
 .text.__multiply
                0x8001c774      0x338 /opt/devkitpro/devkitPPC/lib/gcc/powerpc-eabi/16.1.0/../../../../powerpc-eabi/lib/libc.a(libc_a-mprec.o)
                0x8001c774                __multiply
 .text.__pow5mult
                0x8001caac      0x19c /opt/devkitpro/devkitPPC/lib/gcc/powerpc-eabi/16.1.0/../../../../powerpc-eabi/lib/libc.a(libc_a-mprec.o)
                0x8001caac                __pow5mult
 .text.__lshift
                0x8001cc48      0x26c /opt/devkitpro/devkitPPC/lib/gcc/powerpc-eabi/16.1.0/../../../../powerpc-eabi/lib/libc.a(libc_a-mprec.o)
                0x8001cc48                __lshift
 .text.__mcmp   0x8001ceb4       0xdc /opt/devkitpro/devkitPPC/lib/gcc/powerpc-eabi/16.1.0/../../../../powerpc-eabi/lib/libc.a(libc_a-mprec.o)
                0x8001ceb4                __mcmp
 .text.__mdiff  0x8001cf90      0x314 /opt/devkitpro/devkitPPC/lib/gcc/powerpc-eabi/16.1.0/../../../../powerpc-eabi/lib/libc.a(libc_a-mprec.o)
                0x8001cf90                __mdiff
 .text.__d2b    0x8001d2a4      0x194 /opt/devkitpro/devkitPPC/lib/gcc/powerpc-eabi/16.1.0/../../../../powerpc-eabi/lib/libc.a(libc_a-mprec.o)
                0x8001d2a4                __d2b
 .text.__utf8_mbtowc
                0x8001d438      0x604 /opt/devkitpro/devkitPPC/lib/gcc/powerpc-eabi/16.1.0/../../../../powerpc-eabi/lib/libc.a(libc_a-mbtowc_r.o)
                0x8001d438                __utf8_mbtowc
 .text._calloc_r
                0x8001da3c       0xf8 /opt/devkitpro/devkitPPC/lib/gcc/powerpc-eabi/16.1.0/../../../../powerpc-eabi/lib/libc.a(libc_a-callocr.o)
                0x8001da3c                _calloc_r
 .text.__register_exitproc
                0x8001db34       0xf4 /opt/devkitpro/devkitPPC/lib/gcc/powerpc-eabi/16.1.0/../../../../powerpc-eabi/lib/libc.a(libc_a-__atexit.o)
                0x8001db34                __register_exitproc
 .text._realloc_r
                0x8001dc28      0x634 /opt/devkitpro/devkitPPC/lib/gcc/powerpc-eabi/16.1.0/../../../../powerpc-eabi/lib/libc.a(libc_a-reallocr.o)
                0x8001dc28                _realloc_r
 .text._exit    0x8001e25c       0x28 /opt/devkitpro/devkitPPC/lib/gcc/powerpc-eabi/16.1.0/../../../../powerpc-eabi/lib/libsysbase.a(libsysbase_libsysbase_a-_exit.o)
                0x8001e25c                _exit
 .text.__assert_func
                0x8001e284       0x24 /opt/devkitpro/devkitPPC/lib/gcc/powerpc-eabi/16.1.0/../../../../powerpc-eabi/lib/libsysbase.a(libsysbase_libsysbase_a-assert.o)
                0x8001e284                __assert_func
 .text.__flockfile
                0x8001e2a8        0x8 /opt/devkitpro/devkitPPC/lib/gcc/powerpc-eabi/16.1.0/../../../../powerpc-eabi/lib/libsysbase.a(libsysbase_libsysbase_a-flock.o)
                0x8001e2a8                __flockfile
 .text.__funlockfile
                0x8001e2b0        0x8 /opt/devkitpro/devkitPPC/lib/gcc/powerpc-eabi/16.1.0/../../../../powerpc-eabi/lib/libsysbase.a(libsysbase_libsysbase_a-flock.o)
                0x8001e2b0                __funlockfile
 .text._fstat_r
                0x8001e2b8       0xc8 /opt/devkitpro/devkitPPC/lib/gcc/powerpc-eabi/16.1.0/../../../../powerpc-eabi/lib/libsysbase.a(libsysbase_libsysbase_a-fstat.o)
                0x8001e2b8                _fstat_r
 .text.__get_handle
                0x8001e380       0x60 /opt/devkitpro/devkitPPC/lib/gcc/powerpc-eabi/16.1.0/../../../../powerpc-eabi/lib/libsysbase.a(libsysbase_libsysbase_a-handle_manager.o)
                0x8001e380                __get_handle
 .text._close_r
                0x8001e3e0      0x168 /opt/devkitpro/devkitPPC/lib/gcc/powerpc-eabi/16.1.0/../../../../powerpc-eabi/lib/libsysbase.a(libsysbase_libsysbase_a-handle_manager.o)
                0x8001e3e0                _close_r
 .text._lseek_r
                0x8001e548       0xf4 /opt/devkitpro/devkitPPC/lib/gcc/powerpc-eabi/16.1.0/../../../../powerpc-eabi/lib/libsysbase.a(libsysbase_libsysbase_a-lseek.o)
                0x8001e548                _lseek_r
 .text._read_r  0x8001e63c       0xd8 /opt/devkitpro/devkitPPC/lib/gcc/powerpc-eabi/16.1.0/../../../../powerpc-eabi/lib/libsysbase.a(libsysbase_libsysbase_a-read.o)
                0x8001e63c                _read_r
 .text.__libc_lock_acquire
                0x8001e714       0x14 /opt/devkitpro/devkitPPC/lib/gcc/powerpc-eabi/16.1.0/../../../../powerpc-eabi/lib/libsysbase.a(libsysbase_libsysbase_a-syscall_support.o)
                0x8001e714                __libc_lock_acquire
 .text.__libc_lock_release
                0x8001e728       0x14 /opt/devkitpro/devkitPPC/lib/gcc/powerpc-eabi/16.1.0/../../../../powerpc-eabi/lib/libsysbase.a(libsysbase_libsysbase_a-syscall_support.o)
                0x8001e728                __libc_lock_release
 .text.__libc_lock_acquire_recursive
                0x8001e73c       0x14 /opt/devkitpro/devkitPPC/lib/gcc/powerpc-eabi/16.1.0/../../../../powerpc-eabi/lib/libsysbase.a(libsysbase_libsysbase_a-syscall_support.o)
                0x8001e73c                __libc_lock_acquire_recursive
 .text.__libc_lock_release_recursive
                0x8001e750       0x14 /opt/devkitpro/devkitPPC/lib/gcc/powerpc-eabi/16.1.0/../../../../powerpc-eabi/lib/libsysbase.a(libsysbase_libsysbase_a-syscall_support.o)
                0x8001e750                __libc_lock_release_recursive
 .text.__libc_lock_close_recursive
                0x8001e764       0x14 /opt/devkitpro/devkitPPC/lib/gcc/powerpc-eabi/16.1.0/../../../../powerpc-eabi/lib/libsysbase.a(libsysbase_libsysbase_a-syscall_support.o)
                0x8001e764                __libc_lock_close_recursive
 .text.__malloc_lock
                0x8001e778       0x14 /opt/devkitpro/devkitPPC/lib/gcc/powerpc-eabi/16.1.0/../../../../powerpc-eabi/lib/libsysbase.a(libsysbase_libsysbase_a-syscall_support.o)
                0x8001e778                __malloc_lock
 .text.__malloc_unlock
                0x8001e78c       0x14 /opt/devkitpro/devkitPPC/lib/gcc/powerpc-eabi/16.1.0/../../../../powerpc-eabi/lib/libsysbase.a(libsysbase_libsysbase_a-syscall_support.o)
                0x8001e78c                __malloc_unlock
 .text._write_r
                0x8001e7a0       0xd8 /opt/devkitpro/devkitPPC/lib/gcc/powerpc-eabi/16.1.0/../../../../powerpc-eabi/lib/libsysbase.a(libsysbase_libsysbase_a-write.o)
                0x8001e7a0                _write_r
 .text          0x8001e878       0x58 /opt/devkitpro/devkitPPC/lib/gcc/powerpc-eabi/16.1.0/libgcc.a(crtresxgpr.o)
                0x8001e878                _restgpr_14_x
                0x8001e87c                _restgpr_15_x
                0x8001e880                _restgpr_16_x
                0x8001e884                _restgpr_17_x
                0x8001e888                _restgpr_18_x
                0x8001e88c                _restgpr_19_x
                0x8001e890                _restgpr_20_x
                0x8001e894                _restgpr_21_x
                0x8001e898                _restgpr_22_x
                0x8001e89c                _restgpr_23_x
                0x8001e8a0                _restgpr_24_x
                0x8001e8a4                _restgpr_25_x
                0x8001e8a8                _restgpr_26_x
                0x8001e8ac                _restgpr_27_x
                0x8001e8b0                _restgpr_28_x
                0x8001e8b4                _restgpr_29_x
                0x8001e8b8                _restgpr_30_x
                0x8001e8bc                _restgpr_31_x
 .text.__do_global_ctors_aux
                0x8001e8d0       0x50 /opt/devkitpro/devkitPPC/lib/gcc/powerpc-eabi/16.1.0/crtend.o
 *(SORT_NONE(.fini))
 .fini          0x8001e920        0xc /opt/devkitpro/devkitPPC/lib/gcc/powerpc-eabi/16.1.0/ecrti.o
                0x8001e920                __fini
 .fini          0x8001e92c        0x4 /opt/devkitpro/devkitPPC/lib/gcc/powerpc-eabi/16.1.0/crtbegin.o
 .fini          0x8001e930       0x10 /opt/devkitpro/devkitPPC/lib/gcc/powerpc-eabi/16.1.0/ecrtn.o
                0x8001e940                        . = ALIGN (0x20)

.glink          0x8001e940        0x0
 .glink         0x8001e940        0x0 /opt/devkitpro/devkitPPC/lib/gcc/powerpc-eabi/16.1.0/crtbegin.o

.rodata         0x8001e940    0x40db8
 *(.rodata.__sys_versioninfo)
 .rodata.__sys_versioninfo
                0x8001e940       0x2d /opt/devkitpro/libogc/lib/cube/libogc.a(system.o)
                0x8001e940                __sys_versioninfo
 *(.rodata .rodata.* .gnu.linkonce.r.*)
 *fill*         0x8001e96d        0x3 00000000
 .rodata.seq_msr_fp_clear
                0x8001e970        0x4 /var/folders/n1/qrw271lx7bqg16b2vzym4d6c0000gp/T//cctIvv8B.o
 .rodata.generated_words_0
                0x8001e974        0x4 /var/folders/n1/qrw271lx7bqg16b2vzym4d6c0000gp/T//cctIvv8B.o
 .rodata.generated_words_1
                0x8001e978        0x4 /var/folders/n1/qrw271lx7bqg16b2vzym4d6c0000gp/T//cctIvv8B.o
 .rodata.generated_words_2
                0x8001e97c        0x4 /var/folders/n1/qrw271lx7bqg16b2vzym4d6c0000gp/T//cctIvv8B.o
 .rodata.generated_words_3
                0x8001e980        0x4 /var/folders/n1/qrw271lx7bqg16b2vzym4d6c0000gp/T//cctIvv8B.o
 .rodata.generated_words_4
                0x8001e984        0x4 /var/folders/n1/qrw271lx7bqg16b2vzym4d6c0000gp/T//cctIvv8B.o
 .rodata.generated_words_5
                0x8001e988        0x4 /var/folders/n1/qrw271lx7bqg16b2vzym4d6c0000gp/T//cctIvv8B.o
 .rodata.generated_words_6
                0x8001e98c        0x4 /var/folders/n1/qrw271lx7bqg16b2vzym4d6c0000gp/T//cctIvv8B.o
 .rodata.generated_words_7
                0x8001e990        0x4 /var/folders/n1/qrw271lx7bqg16b2vzym4d6c0000gp/T//cctIvv8B.o
 .rodata.generated_words_8
                0x8001e994        0x4 /var/folders/n1/qrw271lx7bqg16b2vzym4d6c0000gp/T//cctIvv8B.o
 .rodata.generated_words_9
                0x8001e998        0x4 /var/folders/n1/qrw271lx7bqg16b2vzym4d6c0000gp/T//cctIvv8B.o
 .rodata.generated_words_10
                0x8001e99c        0x4 /var/folders/n1/qrw271lx7bqg16b2vzym4d6c0000gp/T//cctIvv8B.o
 .rodata.generated_words_11
                0x8001e9a0        0x4 /var/folders/n1/qrw271lx7bqg16b2vzym4d6c0000gp/T//cctIvv8B.o
 .rodata.generated_words_12
                0x8001e9a4        0x4 /var/folders/n1/qrw271lx7bqg16b2vzym4d6c0000gp/T//cctIvv8B.o
 .rodata.generated_words_13
                0x8001e9a8        0x4 /var/folders/n1/qrw271lx7bqg16b2vzym4d6c0000gp/T//cctIvv8B.o
 .rodata.generated_words_14
                0x8001e9ac        0x4 /var/folders/n1/qrw271lx7bqg16b2vzym4d6c0000gp/T//cctIvv8B.o
 .rodata.generated_words_15
                0x8001e9b0        0x4 /var/folders/n1/qrw271lx7bqg16b2vzym4d6c0000gp/T//cctIvv8B.o
 .rodata.generated_words_16
                0x8001e9b4        0x4 /var/folders/n1/qrw271lx7bqg16b2vzym4d6c0000gp/T//cctIvv8B.o
 .rodata.generated_words_17
                0x8001e9b8        0x4 /var/folders/n1/qrw271lx7bqg16b2vzym4d6c0000gp/T//cctIvv8B.o
 .rodata.generated_words_18
                0x8001e9bc        0x4 /var/folders/n1/qrw271lx7bqg16b2vzym4d6c0000gp/T//cctIvv8B.o
 .rodata.generated_words_19
                0x8001e9c0        0x4 /var/folders/n1/qrw271lx7bqg16b2vzym4d6c0000gp/T//cctIvv8B.o
 .rodata.generated_words_20
                0x8001e9c4        0x4 /var/folders/n1/qrw271lx7bqg16b2vzym4d6c0000gp/T//cctIvv8B.o
 .rodata.generated_words_21
                0x8001e9c8        0x4 /var/folders/n1/qrw271lx7bqg16b2vzym4d6c0000gp/T//cctIvv8B.o
 .rodata.generated_words_22
                0x8001e9cc        0x4 /var/folders/n1/qrw271lx7bqg16b2vzym4d6c0000gp/T//cctIvv8B.o
 .rodata.generated_words_23
                0x8001e9d0        0x4 /var/folders/n1/qrw271lx7bqg16b2vzym4d6c0000gp/T//cctIvv8B.o
 .rodata.generated_words_24
                0x8001e9d4        0x4 /var/folders/n1/qrw271lx7bqg16b2vzym4d6c0000gp/T//cctIvv8B.o
 .rodata.generated_words_25
                0x8001e9d8        0x4 /var/folders/n1/qrw271lx7bqg16b2vzym4d6c0000gp/T//cctIvv8B.o
 .rodata.generated_words_26
                0x8001e9dc        0x4 /var/folders/n1/qrw271lx7bqg16b2vzym4d6c0000gp/T//cctIvv8B.o
 .rodata.generated_words_27
                0x8001e9e0        0x4 /var/folders/n1/qrw271lx7bqg16b2vzym4d6c0000gp/T//cctIvv8B.o
 .rodata.generated_words_28
                0x8001e9e4        0x4 /var/folders/n1/qrw271lx7bqg16b2vzym4d6c0000gp/T//cctIvv8B.o
 .rodata.generated_words_29
                0x8001e9e8        0x4 /var/folders/n1/qrw271lx7bqg16b2vzym4d6c0000gp/T//cctIvv8B.o
 .rodata.generated_words_30
                0x8001e9ec        0x4 /var/folders/n1/qrw271lx7bqg16b2vzym4d6c0000gp/T//cctIvv8B.o
 .rodata.generated_words_31
                0x8001e9f0        0x4 /var/folders/n1/qrw271lx7bqg16b2vzym4d6c0000gp/T//cctIvv8B.o
 .rodata.generated_words_32
                0x8001e9f4        0x4 /var/folders/n1/qrw271lx7bqg16b2vzym4d6c0000gp/T//cctIvv8B.o
 .rodata.generated_words_33
                0x8001e9f8        0x4 /var/folders/n1/qrw271lx7bqg16b2vzym4d6c0000gp/T//cctIvv8B.o
 .rodata.generated_words_34
                0x8001e9fc        0x4 /var/folders/n1/qrw271lx7bqg16b2vzym4d6c0000gp/T//cctIvv8B.o
 .rodata.generated_words_35
                0x8001ea00        0x4 /var/folders/n1/qrw271lx7bqg16b2vzym4d6c0000gp/T//cctIvv8B.o
 .rodata.generated_words_36
                0x8001ea04        0x4 /var/folders/n1/qrw271lx7bqg16b2vzym4d6c0000gp/T//cctIvv8B.o
 .rodata.generated_words_37
                0x8001ea08        0x4 /var/folders/n1/qrw271lx7bqg16b2vzym4d6c0000gp/T//cctIvv8B.o
 .rodata.generated_words_38
                0x8001ea0c        0x4 /var/folders/n1/qrw271lx7bqg16b2vzym4d6c0000gp/T//cctIvv8B.o
 .rodata.generated_words_39
                0x8001ea10        0x4 /var/folders/n1/qrw271lx7bqg16b2vzym4d6c0000gp/T//cctIvv8B.o
 .rodata.generated_words_40
                0x8001ea14        0x4 /var/folders/n1/qrw271lx7bqg16b2vzym4d6c0000gp/T//cctIvv8B.o
 .rodata.generated_words_41
                0x8001ea18        0x4 /var/folders/n1/qrw271lx7bqg16b2vzym4d6c0000gp/T//cctIvv8B.o
 .rodata.generated_words_42
                0x8001ea1c        0x4 /var/folders/n1/qrw271lx7bqg16b2vzym4d6c0000gp/T//cctIvv8B.o
 .rodata.generated_words_43
                0x8001ea20        0x4 /var/folders/n1/qrw271lx7bqg16b2vzym4d6c0000gp/T//cctIvv8B.o
 .rodata.generated_words_44
                0x8001ea24        0x4 /var/folders/n1/qrw271lx7bqg16b2vzym4d6c0000gp/T//cctIvv8B.o
 .rodata.generated_words_45
                0x8001ea28        0x4 /var/folders/n1/qrw271lx7bqg16b2vzym4d6c0000gp/T//cctIvv8B.o
 .rodata.generated_words_46
                0x8001ea2c        0x4 /var/folders/n1/qrw271lx7bqg16b2vzym4d6c0000gp/T//cctIvv8B.o
 .rodata.generated_words_47
                0x8001ea30        0x4 /var/folders/n1/qrw271lx7bqg16b2vzym4d6c0000gp/T//cctIvv8B.o
 .rodata.generated_words_48
                0x8001ea34        0x4 /var/folders/n1/qrw271lx7bqg16b2vzym4d6c0000gp/T//cctIvv8B.o
 .rodata.generated_words_49
                0x8001ea38        0x4 /var/folders/n1/qrw271lx7bqg16b2vzym4d6c0000gp/T//cctIvv8B.o
 .rodata.generated_words_50
                0x8001ea3c        0x4 /var/folders/n1/qrw271lx7bqg16b2vzym4d6c0000gp/T//cctIvv8B.o
 .rodata.generated_words_51
                0x8001ea40        0x4 /var/folders/n1/qrw271lx7bqg16b2vzym4d6c0000gp/T//cctIvv8B.o
 .rodata.generated_words_52
                0x8001ea44        0x4 /var/folders/n1/qrw271lx7bqg16b2vzym4d6c0000gp/T//cctIvv8B.o
 .rodata.generated_words_53
                0x8001ea48        0x4 /var/folders/n1/qrw271lx7bqg16b2vzym4d6c0000gp/T//cctIvv8B.o
 .rodata.generated_words_54
                0x8001ea4c        0x4 /var/folders/n1/qrw271lx7bqg16b2vzym4d6c0000gp/T//cctIvv8B.o
 .rodata.generated_words_55
                0x8001ea50        0x4 /var/folders/n1/qrw271lx7bqg16b2vzym4d6c0000gp/T//cctIvv8B.o
 .rodata.generated_words_56
                0x8001ea54        0x4 /var/folders/n1/qrw271lx7bqg16b2vzym4d6c0000gp/T//cctIvv8B.o
 .rodata.generated_words_57
                0x8001ea58        0x4 /var/folders/n1/qrw271lx7bqg16b2vzym4d6c0000gp/T//cctIvv8B.o
 .rodata.generated_words_58
                0x8001ea5c        0x4 /var/folders/n1/qrw271lx7bqg16b2vzym4d6c0000gp/T//cctIvv8B.o
 .rodata.generated_words_59
                0x8001ea60        0x4 /var/folders/n1/qrw271lx7bqg16b2vzym4d6c0000gp/T//cctIvv8B.o
 .rodata.generated_words_60
                0x8001ea64        0x4 /var/folders/n1/qrw271lx7bqg16b2vzym4d6c0000gp/T//cctIvv8B.o
 .rodata.generated_words_61
                0x8001ea68        0x4 /var/folders/n1/qrw271lx7bqg16b2vzym4d6c0000gp/T//cctIvv8B.o
 .rodata.generated_words_62
                0x8001ea6c        0x4 /var/folders/n1/qrw271lx7bqg16b2vzym4d6c0000gp/T//cctIvv8B.o
 .rodata.generated_words_63
                0x8001ea70        0x4 /var/folders/n1/qrw271lx7bqg16b2vzym4d6c0000gp/T//cctIvv8B.o
 .rodata.generated_words_64
                0x8001ea74        0x4 /var/folders/n1/qrw271lx7bqg16b2vzym4d6c0000gp/T//cctIvv8B.o
 .rodata.generated_words_65
                0x8001ea78        0x4 /var/folders/n1/qrw271lx7bqg16b2vzym4d6c0000gp/T//cctIvv8B.o
 .rodata.generated_words_66
                0x8001ea7c        0x4 /var/folders/n1/qrw271lx7bqg16b2vzym4d6c0000gp/T//cctIvv8B.o
 .rodata.generated_words_67
                0x8001ea80        0x4 /var/folders/n1/qrw271lx7bqg16b2vzym4d6c0000gp/T//cctIvv8B.o
 .rodata.generated_words_68
                0x8001ea84        0x4 /var/folders/n1/qrw271lx7bqg16b2vzym4d6c0000gp/T//cctIvv8B.o
 .rodata.generated_words_69
                0x8001ea88        0x4 /var/folders/n1/qrw271lx7bqg16b2vzym4d6c0000gp/T//cctIvv8B.o
 .rodata.generated_words_70
                0x8001ea8c        0x4 /var/folders/n1/qrw271lx7bqg16b2vzym4d6c0000gp/T//cctIvv8B.o
 .rodata.generated_words_71
                0x8001ea90        0x4 /var/folders/n1/qrw271lx7bqg16b2vzym4d6c0000gp/T//cctIvv8B.o
 .rodata.generated_words_72
                0x8001ea94        0x4 /var/folders/n1/qrw271lx7bqg16b2vzym4d6c0000gp/T//cctIvv8B.o
 .rodata.generated_words_73
                0x8001ea98        0x4 /var/folders/n1/qrw271lx7bqg16b2vzym4d6c0000gp/T//cctIvv8B.o
 .rodata.generated_words_74
                0x8001ea9c        0x4 /var/folders/n1/qrw271lx7bqg16b2vzym4d6c0000gp/T//cctIvv8B.o
 .rodata.generated_words_75
                0x8001eaa0        0x4 /var/folders/n1/qrw271lx7bqg16b2vzym4d6c0000gp/T//cctIvv8B.o
 .rodata.generated_words_76
                0x8001eaa4        0x4 /var/folders/n1/qrw271lx7bqg16b2vzym4d6c0000gp/T//cctIvv8B.o
 .rodata.generated_words_77
                0x8001eaa8        0x4 /var/folders/n1/qrw271lx7bqg16b2vzym4d6c0000gp/T//cctIvv8B.o
 .rodata.generated_words_78
                0x8001eaac        0x4 /var/folders/n1/qrw271lx7bqg16b2vzym4d6c0000gp/T//cctIvv8B.o
 .rodata.generated_words_79
                0x8001eab0        0x4 /var/folders/n1/qrw271lx7bqg16b2vzym4d6c0000gp/T//cctIvv8B.o
 .rodata.generated_words_80
                0x8001eab4        0x4 /var/folders/n1/qrw271lx7bqg16b2vzym4d6c0000gp/T//cctIvv8B.o
 .rodata.generated_words_81
                0x8001eab8        0x4 /var/folders/n1/qrw271lx7bqg16b2vzym4d6c0000gp/T//cctIvv8B.o
 .rodata.generated_words_82
                0x8001eabc        0x4 /var/folders/n1/qrw271lx7bqg16b2vzym4d6c0000gp/T//cctIvv8B.o
 .rodata.generated_words_83
                0x8001eac0        0x4 /var/folders/n1/qrw271lx7bqg16b2vzym4d6c0000gp/T//cctIvv8B.o
 .rodata.generated_words_84
                0x8001eac4        0x4 /var/folders/n1/qrw271lx7bqg16b2vzym4d6c0000gp/T//cctIvv8B.o
 .rodata.generated_words_85
                0x8001eac8        0x4 /var/folders/n1/qrw271lx7bqg16b2vzym4d6c0000gp/T//cctIvv8B.o
 .rodata.generated_words_86
                0x8001eacc        0x4 /var/folders/n1/qrw271lx7bqg16b2vzym4d6c0000gp/T//cctIvv8B.o
 .rodata.generated_words_87
                0x8001ead0        0x4 /var/folders/n1/qrw271lx7bqg16b2vzym4d6c0000gp/T//cctIvv8B.o
 .rodata.generated_words_88
                0x8001ead4        0x4 /var/folders/n1/qrw271lx7bqg16b2vzym4d6c0000gp/T//cctIvv8B.o
 .rodata.generated_words_89
                0x8001ead8        0x4 /var/folders/n1/qrw271lx7bqg16b2vzym4d6c0000gp/T//cctIvv8B.o
 .rodata.generated_words_90
                0x8001eadc        0x4 /var/folders/n1/qrw271lx7bqg16b2vzym4d6c0000gp/T//cctIvv8B.o
 .rodata.generated_words_91
                0x8001eae0        0x4 /var/folders/n1/qrw271lx7bqg16b2vzym4d6c0000gp/T//cctIvv8B.o
 .rodata.generated_words_92
                0x8001eae4        0x4 /var/folders/n1/qrw271lx7bqg16b2vzym4d6c0000gp/T//cctIvv8B.o
 .rodata.generated_words_93
                0x8001eae8        0x4 /var/folders/n1/qrw271lx7bqg16b2vzym4d6c0000gp/T//cctIvv8B.o
 .rodata.generated_words_94
                0x8001eaec        0x4 /var/folders/n1/qrw271lx7bqg16b2vzym4d6c0000gp/T//cctIvv8B.o
 .rodata.generated_words_95
                0x8001eaf0        0x8 /var/folders/n1/qrw271lx7bqg16b2vzym4d6c0000gp/T//cctIvv8B.o
 .rodata.generated_words_96
                0x8001eaf8        0x8 /var/folders/n1/qrw271lx7bqg16b2vzym4d6c0000gp/T//cctIvv8B.o
 .rodata.generated_words_97
                0x8001eb00        0x8 /var/folders/n1/qrw271lx7bqg16b2vzym4d6c0000gp/T//cctIvv8B.o
 .rodata.generated_words_98
                0x8001eb08        0x8 /var/folders/n1/qrw271lx7bqg16b2vzym4d6c0000gp/T//cctIvv8B.o
 .rodata.generated_words_99
                0x8001eb10       0x10 /var/folders/n1/qrw271lx7bqg16b2vzym4d6c0000gp/T//cctIvv8B.o
 .rodata.generated_words_100
                0x8001eb20        0x8 /var/folders/n1/qrw271lx7bqg16b2vzym4d6c0000gp/T//cctIvv8B.o
 .rodata.generated_words_101
                0x8001eb28        0x8 /var/folders/n1/qrw271lx7bqg16b2vzym4d6c0000gp/T//cctIvv8B.o
 .rodata.generated_words_102
                0x8001eb30        0x8 /var/folders/n1/qrw271lx7bqg16b2vzym4d6c0000gp/T//cctIvv8B.o
 .rodata.generated_words_103
                0x8001eb38        0x4 /var/folders/n1/qrw271lx7bqg16b2vzym4d6c0000gp/T//cctIvv8B.o
 .rodata.generated_words_104
                0x8001eb3c        0x4 /var/folders/n1/qrw271lx7bqg16b2vzym4d6c0000gp/T//cctIvv8B.o
 .rodata.generated_words_105
                0x8001eb40        0x4 /var/folders/n1/qrw271lx7bqg16b2vzym4d6c0000gp/T//cctIvv8B.o
 .rodata.generated_words_106
                0x8001eb44        0x4 /var/folders/n1/qrw271lx7bqg16b2vzym4d6c0000gp/T//cctIvv8B.o
 .rodata.generated_words_107
                0x8001eb48        0x4 /var/folders/n1/qrw271lx7bqg16b2vzym4d6c0000gp/T//cctIvv8B.o
 .rodata.generated_words_108
                0x8001eb4c        0x4 /var/folders/n1/qrw271lx7bqg16b2vzym4d6c0000gp/T//cctIvv8B.o
 .rodata.generated_words_109
                0x8001eb50        0x4 /var/folders/n1/qrw271lx7bqg16b2vzym4d6c0000gp/T//cctIvv8B.o
 .rodata.generated_words_110
                0x8001eb54        0x4 /var/folders/n1/qrw271lx7bqg16b2vzym4d6c0000gp/T//cctIvv8B.o
 .rodata.generated_words_111
                0x8001eb58        0x4 /var/folders/n1/qrw271lx7bqg16b2vzym4d6c0000gp/T//cctIvv8B.o
 .rodata.generated_words_112
                0x8001eb5c        0x4 /var/folders/n1/qrw271lx7bqg16b2vzym4d6c0000gp/T//cctIvv8B.o
 .rodata.generated_words_113
                0x8001eb60        0x4 /var/folders/n1/qrw271lx7bqg16b2vzym4d6c0000gp/T//cctIvv8B.o
 .rodata.generated_words_114
                0x8001eb64        0x4 /var/folders/n1/qrw271lx7bqg16b2vzym4d6c0000gp/T//cctIvv8B.o
 .rodata.generated_words_115
                0x8001eb68        0x4 /var/folders/n1/qrw271lx7bqg16b2vzym4d6c0000gp/T//cctIvv8B.o
 .rodata.generated_words_116
                0x8001eb6c        0x4 /var/folders/n1/qrw271lx7bqg16b2vzym4d6c0000gp/T//cctIvv8B.o
 .rodata.generated_words_117
                0x8001eb70        0x4 /var/folders/n1/qrw271lx7bqg16b2vzym4d6c0000gp/T//cctIvv8B.o
 .rodata.generated_words_118
                0x8001eb74        0x4 /var/folders/n1/qrw271lx7bqg16b2vzym4d6c0000gp/T//cctIvv8B.o
 .rodata.generated_words_119
                0x8001eb78        0x4 /var/folders/n1/qrw271lx7bqg16b2vzym4d6c0000gp/T//cctIvv8B.o
 .rodata.generated_words_120
                0x8001eb7c        0x4 /var/folders/n1/qrw271lx7bqg16b2vzym4d6c0000gp/T//cctIvv8B.o
 .rodata.generated_words_121
                0x8001eb80        0x4 /var/folders/n1/qrw271lx7bqg16b2vzym4d6c0000gp/T//cctIvv8B.o
 .rodata.generated_words_122
                0x8001eb84        0x4 /var/folders/n1/qrw271lx7bqg16b2vzym4d6c0000gp/T//cctIvv8B.o
 .rodata.generated_words_123
                0x8001eb88        0x4 /var/folders/n1/qrw271lx7bqg16b2vzym4d6c0000gp/T//cctIvv8B.o
 .rodata.generated_words_124
                0x8001eb8c        0x4 /var/folders/n1/qrw271lx7bqg16b2vzym4d6c0000gp/T//cctIvv8B.o
 .rodata.generated_words_125
                0x8001eb90        0x4 /var/folders/n1/qrw271lx7bqg16b2vzym4d6c0000gp/T//cctIvv8B.o
 .rodata.generated_words_126
                0x8001eb94        0x4 /var/folders/n1/qrw271lx7bqg16b2vzym4d6c0000gp/T//cctIvv8B.o
 .rodata.generated_words_127
                0x8001eb98        0x4 /var/folders/n1/qrw271lx7bqg16b2vzym4d6c0000gp/T//cctIvv8B.o
 .rodata.generated_words_128
                0x8001eb9c        0x4 /var/folders/n1/qrw271lx7bqg16b2vzym4d6c0000gp/T//cctIvv8B.o
 .rodata.generated_words_129
                0x8001eba0        0x4 /var/folders/n1/qrw271lx7bqg16b2vzym4d6c0000gp/T//cctIvv8B.o
 .rodata.generated_words_130
                0x8001eba4        0x4 /var/folders/n1/qrw271lx7bqg16b2vzym4d6c0000gp/T//cctIvv8B.o
 .rodata.generated_words_131
                0x8001eba8        0x4 /var/folders/n1/qrw271lx7bqg16b2vzym4d6c0000gp/T//cctIvv8B.o
 .rodata.generated_words_132
                0x8001ebac        0x4 /var/folders/n1/qrw271lx7bqg16b2vzym4d6c0000gp/T//cctIvv8B.o
 .rodata.generated_words_133
                0x8001ebb0        0x4 /var/folders/n1/qrw271lx7bqg16b2vzym4d6c0000gp/T//cctIvv8B.o
 .rodata.generated_words_134
                0x8001ebb4        0x4 /var/folders/n1/qrw271lx7bqg16b2vzym4d6c0000gp/T//cctIvv8B.o
 .rodata.generated_words_135
                0x8001ebb8        0x4 /var/folders/n1/qrw271lx7bqg16b2vzym4d6c0000gp/T//cctIvv8B.o
 .rodata.generated_words_136
                0x8001ebbc        0x4 /var/folders/n1/qrw271lx7bqg16b2vzym4d6c0000gp/T//cctIvv8B.o
 .rodata.generated_words_137
                0x8001ebc0        0x4 /var/folders/n1/qrw271lx7bqg16b2vzym4d6c0000gp/T//cctIvv8B.o
 .rodata.generated_words_138
                0x8001ebc4        0x4 /var/folders/n1/qrw271lx7bqg16b2vzym4d6c0000gp/T//cctIvv8B.o
 .rodata.generated_words_139
                0x8001ebc8        0x4 /var/folders/n1/qrw271lx7bqg16b2vzym4d6c0000gp/T//cctIvv8B.o
 .rodata.generated_words_140
                0x8001ebcc        0x4 /var/folders/n1/qrw271lx7bqg16b2vzym4d6c0000gp/T//cctIvv8B.o
 .rodata.generated_words_141
                0x8001ebd0        0x4 /var/folders/n1/qrw271lx7bqg16b2vzym4d6c0000gp/T//cctIvv8B.o
 .rodata.generated_words_142
                0x8001ebd4        0x4 /var/folders/n1/qrw271lx7bqg16b2vzym4d6c0000gp/T//cctIvv8B.o
 .rodata.generated_words_143
                0x8001ebd8        0x4 /var/folders/n1/qrw271lx7bqg16b2vzym4d6c0000gp/T//cctIvv8B.o
 .rodata.generated_words_144
                0x8001ebdc        0x4 /var/folders/n1/qrw271lx7bqg16b2vzym4d6c0000gp/T//cctIvv8B.o
 .rodata.generated_words_145
                0x8001ebe0        0x4 /var/folders/n1/qrw271lx7bqg16b2vzym4d6c0000gp/T//cctIvv8B.o
 .rodata.generated_words_146
                0x8001ebe4        0x4 /var/folders/n1/qrw271lx7bqg16b2vzym4d6c0000gp/T//cctIvv8B.o
 .rodata.generated_words_147
                0x8001ebe8        0x4 /var/folders/n1/qrw271lx7bqg16b2vzym4d6c0000gp/T//cctIvv8B.o
 .rodata.generated_words_148
                0x8001ebec        0x4 /var/folders/n1/qrw271lx7bqg16b2vzym4d6c0000gp/T//cctIvv8B.o
 .rodata.generated_words_149
                0x8001ebf0        0x4 /var/folders/n1/qrw271lx7bqg16b2vzym4d6c0000gp/T//cctIvv8B.o
 .rodata.generated_words_150
                0x8001ebf4        0x4 /var/folders/n1/qrw271lx7bqg16b2vzym4d6c0000gp/T//cctIvv8B.o
 .rodata.generated_words_151
                0x8001ebf8        0x4 /var/folders/n1/qrw271lx7bqg16b2vzym4d6c0000gp/T//cctIvv8B.o
 .rodata.generated_words_152
                0x8001ebfc        0x4 /var/folders/n1/qrw271lx7bqg16b2vzym4d6c0000gp/T//cctIvv8B.o
 .rodata.generated_words_153
                0x8001ec00        0x4 /var/folders/n1/qrw271lx7bqg16b2vzym4d6c0000gp/T//cctIvv8B.o
 .rodata.generated_words_154
                0x8001ec04        0x4 /var/folders/n1/qrw271lx7bqg16b2vzym4d6c0000gp/T//cctIvv8B.o
 .rodata.generated_words_155
                0x8001ec08        0x4 /var/folders/n1/qrw271lx7bqg16b2vzym4d6c0000gp/T//cctIvv8B.o
 .rodata.generated_words_156
                0x8001ec0c        0x4 /var/folders/n1/qrw271lx7bqg16b2vzym4d6c0000gp/T//cctIvv8B.o
 .rodata.generated_words_157
                0x8001ec10        0x4 /var/folders/n1/qrw271lx7bqg16b2vzym4d6c0000gp/T//cctIvv8B.o
 .rodata.generated_words_158
                0x8001ec14        0x4 /var/folders/n1/qrw271lx7bqg16b2vzym4d6c0000gp/T//cctIvv8B.o
 .rodata.generated_words_159
                0x8001ec18        0x4 /var/folders/n1/qrw271lx7bqg16b2vzym4d6c0000gp/T//cctIvv8B.o
 .rodata.generated_words_160
                0x8001ec1c        0x4 /var/folders/n1/qrw271lx7bqg16b2vzym4d6c0000gp/T//cctIvv8B.o
 .rodata.generated_words_161
                0x8001ec20        0x4 /var/folders/n1/qrw271lx7bqg16b2vzym4d6c0000gp/T//cctIvv8B.o
 .rodata.generated_words_162
                0x8001ec24        0x4 /var/folders/n1/qrw271lx7bqg16b2vzym4d6c0000gp/T//cctIvv8B.o
 .rodata.generated_words_163
                0x8001ec28        0x4 /var/folders/n1/qrw271lx7bqg16b2vzym4d6c0000gp/T//cctIvv8B.o
 .rodata.generated_words_164
                0x8001ec2c        0x4 /var/folders/n1/qrw271lx7bqg16b2vzym4d6c0000gp/T//cctIvv8B.o
 .rodata.generated_words_165
                0x8001ec30        0x4 /var/folders/n1/qrw271lx7bqg16b2vzym4d6c0000gp/T//cctIvv8B.o
 .rodata.generated_words_166
                0x8001ec34        0x4 /var/folders/n1/qrw271lx7bqg16b2vzym4d6c0000gp/T//cctIvv8B.o
 .rodata.generated_words_167
                0x8001ec38        0x4 /var/folders/n1/qrw271lx7bqg16b2vzym4d6c0000gp/T//cctIvv8B.o
 .rodata.generated_words_168
                0x8001ec3c        0x4 /var/folders/n1/qrw271lx7bqg16b2vzym4d6c0000gp/T//cctIvv8B.o
 .rodata.generated_words_169
                0x8001ec40        0x4 /var/folders/n1/qrw271lx7bqg16b2vzym4d6c0000gp/T//cctIvv8B.o
 .rodata.generated_words_170
                0x8001ec44        0x4 /var/folders/n1/qrw271lx7bqg16b2vzym4d6c0000gp/T//cctIvv8B.o
 .rodata.generated_words_171
                0x8001ec48        0x4 /var/folders/n1/qrw271lx7bqg16b2vzym4d6c0000gp/T//cctIvv8B.o
 .rodata.generated_words_172
                0x8001ec4c        0x4 /var/folders/n1/qrw271lx7bqg16b2vzym4d6c0000gp/T//cctIvv8B.o
 .rodata.generated_words_173
                0x8001ec50        0x4 /var/folders/n1/qrw271lx7bqg16b2vzym4d6c0000gp/T//cctIvv8B.o
 .rodata.generated_words_174
                0x8001ec54        0x4 /var/folders/n1/qrw271lx7bqg16b2vzym4d6c0000gp/T//cctIvv8B.o
 .rodata.generated_words_175
                0x8001ec58        0x4 /var/folders/n1/qrw271lx7bqg16b2vzym4d6c0000gp/T//cctIvv8B.o
 .rodata.generated_words_176
                0x8001ec5c        0x4 /var/folders/n1/qrw271lx7bqg16b2vzym4d6c0000gp/T//cctIvv8B.o
 .rodata.generated_words_177
                0x8001ec60        0x4 /var/folders/n1/qrw271lx7bqg16b2vzym4d6c0000gp/T//cctIvv8B.o
 .rodata.generated_words_178
                0x8001ec64        0x4 /var/folders/n1/qrw271lx7bqg16b2vzym4d6c0000gp/T//cctIvv8B.o
 .rodata.generated_words_179
                0x8001ec68        0x4 /var/folders/n1/qrw271lx7bqg16b2vzym4d6c0000gp/T//cctIvv8B.o
 .rodata.generated_words_180
                0x8001ec6c        0x4 /var/folders/n1/qrw271lx7bqg16b2vzym4d6c0000gp/T//cctIvv8B.o
 .rodata.generated_words_181
                0x8001ec70        0x4 /var/folders/n1/qrw271lx7bqg16b2vzym4d6c0000gp/T//cctIvv8B.o
 .rodata.generated_words_182
                0x8001ec74        0x4 /var/folders/n1/qrw271lx7bqg16b2vzym4d6c0000gp/T//cctIvv8B.o
 .rodata.generated_words_183
                0x8001ec78        0x4 /var/folders/n1/qrw271lx7bqg16b2vzym4d6c0000gp/T//cctIvv8B.o
 .rodata.generated_words_184
                0x8001ec7c        0x4 /var/folders/n1/qrw271lx7bqg16b2vzym4d6c0000gp/T//cctIvv8B.o
 .rodata.generated_words_185
                0x8001ec80        0x4 /var/folders/n1/qrw271lx7bqg16b2vzym4d6c0000gp/T//cctIvv8B.o
 .rodata.generated_words_186
                0x8001ec84        0x4 /var/folders/n1/qrw271lx7bqg16b2vzym4d6c0000gp/T//cctIvv8B.o
 .rodata.generated_words_187
                0x8001ec88        0x4 /var/folders/n1/qrw271lx7bqg16b2vzym4d6c0000gp/T//cctIvv8B.o
 .rodata.generated_words_188
                0x8001ec8c        0x4 /var/folders/n1/qrw271lx7bqg16b2vzym4d6c0000gp/T//cctIvv8B.o
 .rodata.generated_words_189
                0x8001ec90        0x4 /var/folders/n1/qrw271lx7bqg16b2vzym4d6c0000gp/T//cctIvv8B.o
 .rodata.generated_words_190
                0x8001ec94        0x4 /var/folders/n1/qrw271lx7bqg16b2vzym4d6c0000gp/T//cctIvv8B.o
 .rodata.generated_words_191
                0x8001ec98        0x4 /var/folders/n1/qrw271lx7bqg16b2vzym4d6c0000gp/T//cctIvv8B.o
 .rodata.generated_words_192
                0x8001ec9c        0x4 /var/folders/n1/qrw271lx7bqg16b2vzym4d6c0000gp/T//cctIvv8B.o
 .rodata.generated_words_193
                0x8001eca0        0x4 /var/folders/n1/qrw271lx7bqg16b2vzym4d6c0000gp/T//cctIvv8B.o
 .rodata.generated_words_194
                0x8001eca4        0x4 /var/folders/n1/qrw271lx7bqg16b2vzym4d6c0000gp/T//cctIvv8B.o
 .rodata.generated_words_195
                0x8001eca8        0x4 /var/folders/n1/qrw271lx7bqg16b2vzym4d6c0000gp/T//cctIvv8B.o
 .rodata.generated_words_196
                0x8001ecac        0x4 /var/folders/n1/qrw271lx7bqg16b2vzym4d6c0000gp/T//cctIvv8B.o
 .rodata.generated_words_197
                0x8001ecb0        0x4 /var/folders/n1/qrw271lx7bqg16b2vzym4d6c0000gp/T//cctIvv8B.o
 .rodata.generated_words_198
                0x8001ecb4        0x4 /var/folders/n1/qrw271lx7bqg16b2vzym4d6c0000gp/T//cctIvv8B.o
 .rodata.generated_words_199
                0x8001ecb8        0x4 /var/folders/n1/qrw271lx7bqg16b2vzym4d6c0000gp/T//cctIvv8B.o
 .rodata.generated_words_200
                0x8001ecbc        0x4 /var/folders/n1/qrw271lx7bqg16b2vzym4d6c0000gp/T//cctIvv8B.o
 .rodata.generated_words_201
                0x8001ecc0        0x4 /var/folders/n1/qrw271lx7bqg16b2vzym4d6c0000gp/T//cctIvv8B.o
 .rodata.generated_words_202
                0x8001ecc4        0x4 /var/folders/n1/qrw271lx7bqg16b2vzym4d6c0000gp/T//cctIvv8B.o
 .rodata.generated_words_203
                0x8001ecc8        0x4 /var/folders/n1/qrw271lx7bqg16b2vzym4d6c0000gp/T//cctIvv8B.o
 .rodata.generated_words_204
                0x8001eccc        0x4 /var/folders/n1/qrw271lx7bqg16b2vzym4d6c0000gp/T//cctIvv8B.o
 .rodata.generated_words_205
                0x8001ecd0        0x4 /var/folders/n1/qrw271lx7bqg16b2vzym4d6c0000gp/T//cctIvv8B.o
 .rodata.generated_words_206
                0x8001ecd4        0x4 /var/folders/n1/qrw271lx7bqg16b2vzym4d6c0000gp/T//cctIvv8B.o
 .rodata.generated_words_207
                0x8001ecd8        0x4 /var/folders/n1/qrw271lx7bqg16b2vzym4d6c0000gp/T//cctIvv8B.o
 .rodata.generated_words_208
                0x8001ecdc        0x4 /var/folders/n1/qrw271lx7bqg16b2vzym4d6c0000gp/T//cctIvv8B.o
 .rodata.generated_words_209
                0x8001ece0        0x4 /var/folders/n1/qrw271lx7bqg16b2vzym4d6c0000gp/T//cctIvv8B.o
 .rodata.generated_words_210
                0x8001ece4        0x4 /var/folders/n1/qrw271lx7bqg16b2vzym4d6c0000gp/T//cctIvv8B.o
 .rodata.generated_words_211
                0x8001ece8        0x4 /var/folders/n1/qrw271lx7bqg16b2vzym4d6c0000gp/T//cctIvv8B.o
 .rodata.generated_words_212
                0x8001ecec        0x4 /var/folders/n1/qrw271lx7bqg16b2vzym4d6c0000gp/T//cctIvv8B.o
 .rodata.generated_words_213
                0x8001ecf0        0x4 /var/folders/n1/qrw271lx7bqg16b2vzym4d6c0000gp/T//cctIvv8B.o
 .rodata.generated_words_214
                0x8001ecf4        0x4 /var/folders/n1/qrw271lx7bqg16b2vzym4d6c0000gp/T//cctIvv8B.o
 .rodata.generated_words_215
                0x8001ecf8        0x4 /var/folders/n1/qrw271lx7bqg16b2vzym4d6c0000gp/T//cctIvv8B.o
 .rodata.generated_words_216
                0x8001ecfc        0x4 /var/folders/n1/qrw271lx7bqg16b2vzym4d6c0000gp/T//cctIvv8B.o
 .rodata.generated_words_217
                0x8001ed00        0x4 /var/folders/n1/qrw271lx7bqg16b2vzym4d6c0000gp/T//cctIvv8B.o
 .rodata.generated_words_218
                0x8001ed04        0x4 /var/folders/n1/qrw271lx7bqg16b2vzym4d6c0000gp/T//cctIvv8B.o
 .rodata.generated_words_219
                0x8001ed08        0x4 /var/folders/n1/qrw271lx7bqg16b2vzym4d6c0000gp/T//cctIvv8B.o
 .rodata.generated_words_220
                0x8001ed0c        0x4 /var/folders/n1/qrw271lx7bqg16b2vzym4d6c0000gp/T//cctIvv8B.o
 .rodata.generated_words_221
                0x8001ed10        0x4 /var/folders/n1/qrw271lx7bqg16b2vzym4d6c0000gp/T//cctIvv8B.o
 .rodata.generated_words_222
                0x8001ed14        0x4 /var/folders/n1/qrw271lx7bqg16b2vzym4d6c0000gp/T//cctIvv8B.o
 .rodata.generated_words_223
                0x8001ed18        0x8 /var/folders/n1/qrw271lx7bqg16b2vzym4d6c0000gp/T//cctIvv8B.o
 .rodata.generated_words_224
                0x8001ed20        0x8 /var/folders/n1/qrw271lx7bqg16b2vzym4d6c0000gp/T//cctIvv8B.o
 .rodata.generated_words_225
                0x8001ed28        0x8 /var/folders/n1/qrw271lx7bqg16b2vzym4d6c0000gp/T//cctIvv8B.o
 .rodata.generated_words_226
                0x8001ed30        0x8 /var/folders/n1/qrw271lx7bqg16b2vzym4d6c0000gp/T//cctIvv8B.o
 .rodata.generated_words_227
                0x8001ed38        0x8 /var/folders/n1/qrw271lx7bqg16b2vzym4d6c0000gp/T//cctIvv8B.o
 .rodata.generated_words_228
                0x8001ed40        0x8 /var/folders/n1/qrw271lx7bqg16b2vzym4d6c0000gp/T//cctIvv8B.o
 .rodata.generated_words_229
                0x8001ed48        0x8 /var/folders/n1/qrw271lx7bqg16b2vzym4d6c0000gp/T//cctIvv8B.o
 .rodata.generated_words_230
                0x8001ed50        0x8 /var/folders/n1/qrw271lx7bqg16b2vzym4d6c0000gp/T//cctIvv8B.o
 .rodata.generated_words_231
                0x8001ed58       0x10 /var/folders/n1/qrw271lx7bqg16b2vzym4d6c0000gp/T//cctIvv8B.o
 .rodata.generated_words_232
                0x8001ed68       0x10 /var/folders/n1/qrw271lx7bqg16b2vzym4d6c0000gp/T//cctIvv8B.o
 .rodata.generated_words_233
                0x8001ed78        0x8 /var/folders/n1/qrw271lx7bqg16b2vzym4d6c0000gp/T//cctIvv8B.o
 .rodata.generated_words_234
                0x8001ed80        0x8 /var/folders/n1/qrw271lx7bqg16b2vzym4d6c0000gp/T//cctIvv8B.o
 .rodata.generated_words_235
                0x8001ed88        0x8 /var/folders/n1/qrw271lx7bqg16b2vzym4d6c0000gp/T//cctIvv8B.o
 .rodata.generated_words_236
                0x8001ed90        0x8 /var/folders/n1/qrw271lx7bqg16b2vzym4d6c0000gp/T//cctIvv8B.o
 .rodata.generated_words_237
                0x8001ed98        0x8 /var/folders/n1/qrw271lx7bqg16b2vzym4d6c0000gp/T//cctIvv8B.o
 .rodata.generated_words_238
                0x8001eda0        0x8 /var/folders/n1/qrw271lx7bqg16b2vzym4d6c0000gp/T//cctIvv8B.o
 .rodata        0x8001eda8      0xcd0 /var/folders/n1/qrw271lx7bqg16b2vzym4d6c0000gp/T//cctIvv8B.o
 .rodata.generated_cases
                0x8001fa78    0x3e8d0 /var/folders/n1/qrw271lx7bqg16b2vzym4d6c0000gp/T//cctIvv8B.o
 .rodata.PPCExcptDefaultPanicFn.str1.4
                0x8005e348      0x429 /opt/devkitpro/libogc/lib/cube/libogc.a(exception.o)
                                 0x88 (size before relaxing)
 *fill*         0x8005e771        0x3 00000000
 .rodata.CSWTCH.188
                0x8005e774       0x14 /opt/devkitpro/libogc/lib/cube/libogc.a(video.o)
 .rodata.CSWTCH.187
                0x8005e788       0x14 /opt/devkitpro/libogc/lib/cube/libogc.a(video.o)
 .rodata.CSWTCH.144
                0x8005e79c       0x5c /opt/devkitpro/libogc/lib/cube/libogc.a(video.o)
 .rodata.video_timing
                0x8005e7f8      0x110 /opt/devkitpro/libogc/lib/cube/libogc.a(video.o)
 .rodata._dsp_initcode
                0x8005e908       0x80 /opt/devkitpro/libogc/lib/cube/libogc.a(system.o)
 .rodata.__libogc_panic.str1.4
                0x8005e988        0x0 /opt/devkitpro/libogc/lib/cube/libogc.a(default_panic.o)
                                0x191 (size before relaxing)
 .rodata.str1.4
                0x8005e988        0x0 /opt/devkitpro/libogc/lib/cube/libogc.a(default_panic.o)
                                 0x89 (size before relaxing)
 .rodata.exception_name
                0x8005e988       0x50 /opt/devkitpro/libogc/lib/cube/libogc.a(default_panic.o)
 .rodata.__console_write
                0x8005e9d8      0x478 /opt/devkitpro/libogc/lib/cube/libogc.a(console.o)
 .rodata.grayScale
                0x8005ee50       0x18 /opt/devkitpro/libogc/lib/cube/libogc.a(console.o)
 .rodata.colorTable
                0x8005ee68       0x60 /opt/devkitpro/libogc/lib/cube/libogc.a(console.o)
 .rodata.str1.4
                0x8005eec8        0x0 /opt/devkitpro/libogc/lib/cube/libogc.a(console.o)
                                  0x7 (size before relaxing)
 .rodata.dotab_stdout
                0x8005eec8       0x80 /opt/devkitpro/libogc/lib/cube/libogc.a(console.o)
                0x8005eec8                dotab_stdout
 .rodata.dietPrintV.str1.4
                0x8005ef48        0x0 /opt/devkitpro/libogc/lib/cube/libogc.a(kprintf.o)
                                 0x1a (size before relaxing)
 .rodata.dietPrintV
                0x8005ef48       0x90 /opt/devkitpro/libogc/lib/cube/libogc.a(kprintf.o)
 .rodata.str1.4
                0x8005efd8        0x0 /opt/devkitpro/devkitPPC/lib/gcc/powerpc-eabi/16.1.0/../../../../powerpc-eabi/lib/libsysbase.a(libsysbase_libsysbase_a-iosupport.o)
                                  0x8 (size before relaxing)
 .rodata.dotab_stdnull
                0x8005efd8       0x80 /opt/devkitpro/devkitPPC/lib/gcc/powerpc-eabi/16.1.0/../../../../powerpc-eabi/lib/libsysbase.a(libsysbase_libsysbase_a-iosupport.o)
                0x8005efd8                dotab_stdnull
 .rodata.get_arg
                0x8005f058       0xb0 /opt/devkitpro/devkitPPC/lib/gcc/powerpc-eabi/16.1.0/../../../../powerpc-eabi/lib/libc.a(libc_a-svfprintf.o)
 .rodata._svfprintf_r.str1.1
                0x8005f108       0x3b /opt/devkitpro/devkitPPC/lib/gcc/powerpc-eabi/16.1.0/../../../../powerpc-eabi/lib/libc.a(libc_a-svfprintf.o)
 *fill*         0x8005f143        0x1 00000000
 .rodata._svfprintf_r
                0x8005f144      0x16c /opt/devkitpro/devkitPPC/lib/gcc/powerpc-eabi/16.1.0/../../../../powerpc-eabi/lib/libc.a(libc_a-svfprintf.o)
 .rodata.zeroes.0
                0x8005f2b0       0x10 /opt/devkitpro/devkitPPC/lib/gcc/powerpc-eabi/16.1.0/../../../../powerpc-eabi/lib/libc.a(libc_a-svfprintf.o)
 .rodata.blanks.1
                0x8005f2c0       0x10 /opt/devkitpro/devkitPPC/lib/gcc/powerpc-eabi/16.1.0/../../../../powerpc-eabi/lib/libc.a(libc_a-svfprintf.o)
 .rodata.cst4   0x8005f2d0       0x30 /opt/devkitpro/devkitPPC/lib/gcc/powerpc-eabi/16.1.0/../../../../powerpc-eabi/lib/libc.a(libc_a-svfprintf.o)
                                 0x14 (size before relaxing)
 .rodata.cst8   0x8005f300       0x20 /opt/devkitpro/devkitPPC/lib/gcc/powerpc-eabi/16.1.0/../../../../powerpc-eabi/lib/libc.a(libc_a-svfprintf.o)
                                  0x8 (size before relaxing)
 .rodata.cst4   0x8005f320        0x0 /opt/devkitpro/devkitPPC/lib/gcc/powerpc-eabi/16.1.0/../../../../powerpc-eabi/lib/libc.a(libm_a-s_frexp.o)
                                  0x4 (size before relaxing)
 .rodata.__action_table
                0x8005f320       0x6c /opt/devkitpro/devkitPPC/lib/gcc/powerpc-eabi/16.1.0/../../../../powerpc-eabi/lib/libc.a(libc_a-svfiprintf.o)
                0x8005f320                __action_table
 .rodata.__state_table
                0x8005f38c       0x6c /opt/devkitpro/devkitPPC/lib/gcc/powerpc-eabi/16.1.0/../../../../powerpc-eabi/lib/libc.a(libc_a-svfiprintf.o)
                0x8005f38c                __state_table
 .rodata.__chclass
                0x8005f3f8      0x100 /opt/devkitpro/devkitPPC/lib/gcc/powerpc-eabi/16.1.0/../../../../powerpc-eabi/lib/libc.a(libc_a-svfiprintf.o)
                0x8005f3f8                __chclass
 .rodata.str1.4
                0x8005f4f8        0x0 /opt/devkitpro/devkitPPC/lib/gcc/powerpc-eabi/16.1.0/../../../../powerpc-eabi/lib/libc.a(libc_a-locale.o)
                                 0x4c (size before relaxing)
 .rodata._dtoa_r.str1.4
                0x8005f4f8        0x0 /opt/devkitpro/devkitPPC/lib/gcc/powerpc-eabi/16.1.0/../../../../powerpc-eabi/lib/libc.a(libc_a-dtoa.o)
                                 0x9c (size before relaxing)
 .rodata.cst4   0x8005f4f8        0x0 /opt/devkitpro/devkitPPC/lib/gcc/powerpc-eabi/16.1.0/../../../../powerpc-eabi/lib/libc.a(libc_a-dtoa.o)
                                 0x24 (size before relaxing)
 .rodata.cst8   0x8005f4f8        0x0 /opt/devkitpro/devkitPPC/lib/gcc/powerpc-eabi/16.1.0/../../../../powerpc-eabi/lib/libc.a(libc_a-dtoa.o)
                                 0x18 (size before relaxing)
 .rodata._ctype_
                0x8005f4f8      0x101 /opt/devkitpro/devkitPPC/lib/gcc/powerpc-eabi/16.1.0/../../../../powerpc-eabi/lib/libc.a(libc_a-ctype_.o)
                0x8005f4f8                _ctype_
 .rodata.__multadd.str1.4
                0x8005f5f9        0x0 /opt/devkitpro/devkitPPC/lib/gcc/powerpc-eabi/16.1.0/../../../../powerpc-eabi/lib/libc.a(libc_a-mprec.o)
                                 0x89 (size before relaxing)
 *fill*         0x8005f5f9        0x3 00000000
 .rodata.p05.0  0x8005f5fc        0xc /opt/devkitpro/devkitPPC/lib/gcc/powerpc-eabi/16.1.0/../../../../powerpc-eabi/lib/libc.a(libc_a-mprec.o)
 .rodata.__mprec_bigtens
                0x8005f608       0x28 /opt/devkitpro/devkitPPC/lib/gcc/powerpc-eabi/16.1.0/../../../../powerpc-eabi/lib/libc.a(libc_a-mprec.o)
                0x8005f608                __mprec_bigtens
 .rodata.__mprec_tens
                0x8005f630       0xc8 /opt/devkitpro/devkitPPC/lib/gcc/powerpc-eabi/16.1.0/../../../../powerpc-eabi/lib/libc.a(libc_a-mprec.o)
                0x8005f630                __mprec_tens
 *(.rodata1)
 *(.fixup)
 *(.got1)
 *(.got2)
 *(.branch_lt)
 .branch_lt     0x8005f6f8        0x0 /opt/devkitpro/devkitPPC/lib/gcc/powerpc-eabi/16.1.0/crtbegin.o
 *(.got)
 *(.plt)

.sdata2         0x8005f6f8        0xa
 *(.sdata2 .sdata2.* .gnu.linkonce.s2.*)
 .sdata2        0x8005f6f8        0x0 /opt/devkitpro/devkitPPC/lib/gcc/powerpc-eabi/16.1.0/ecrti.o
                0x8005f6f8                __SDATA2_START__
 .sdata2        0x8005f6f8        0x0 /opt/devkitpro/devkitPPC/lib/gcc/powerpc-eabi/16.1.0/crtbegin.o
                0x800676f8                _SDA2_BASE_
 .sdata2.__sys_inIPL
                0x8005f6f8        0x4 /opt/devkitpro/libogc/lib/cube/libogc.a(system.o)
 .sdata2.colorCube
                0x8005f6fc        0x6 /opt/devkitpro/libogc/lib/cube/libogc.a(console.o)
 *(.sbss2 .sbss2.* .gnu.linkonce.sb2.*)

.eh_frame_hdr   0x8005f704      0x8e4
 *(.eh_frame_hdr)
 .eh_frame_hdr  0x8005f704      0x8e4 /opt/devkitpro/devkitPPC/lib/gcc/powerpc-eabi/16.1.0/../../../../powerpc-eabi/lib/crtmain.o
                0x8005f704                __GNU_EH_FRAME_HDR
 *(.eh_frame_entry .eh_frame_entry.*)

.rela.dyn       0x8005ffe8        0x0
 .rela.iplt     0x8005ffe8        0x0 /opt/devkitpro/devkitPPC/lib/gcc/powerpc-eabi/16.1.0/crtbegin.o
 .rela.text.__do_global_dtors_aux
                0x8005ffe8        0x0 /opt/devkitpro/devkitPPC/lib/gcc/powerpc-eabi/16.1.0/crtbegin.o
 .rela.text.frame_dummy
                0x8005ffe8        0x0 /opt/devkitpro/devkitPPC/lib/gcc/powerpc-eabi/16.1.0/crtbegin.o
 .rela.crt0.__app_start
                0x8005ffe8        0x0 /opt/devkitpro/devkitPPC/lib/gcc/powerpc-eabi/16.1.0/crtbegin.o
 .rela.text.__assert_func
                0x8005ffe8        0x0 /opt/devkitpro/devkitPPC/lib/gcc/powerpc-eabi/16.1.0/crtbegin.o