Archive member included to satisfy reference by file (symbol)

/opt/devkitpro/libogc/lib/cube/libfat.a(fat_wrappers.o)
                              /var/folders/n1/qrw271lx7bqg16b2vzym4d6c0000gp/T//ccunrpZQ.o (fatInitDefault)
/opt/devkitpro/libogc/lib/cube/libfat.a(dvm_libogc.o)
                              /opt/devkitpro/libogc/lib/cube/libfat.a(fat_wrappers.o) (dvmInit)
/opt/devkitpro/libogc/lib/cube/libfat.a(dvm_disc.o)
                              /opt/devkitpro/libogc/lib/cube/libfat.a(fat_wrappers.o) (dvmDiscCreate)
/opt/devkitpro/libogc/lib/cube/libfat.a(dvm_cache.o)
                              /opt/devkitpro/libogc/lib/cube/libfat.a(fat_wrappers.o) (dvmDiscCacheCreate)
/opt/devkitpro/libogc/lib/cube/libfat.a(dvm_volume.o)
                              /opt/devkitpro/libogc/lib/cube/libfat.a(fat_wrappers.o) (dvmMountVolume)
/opt/devkitpro/libogc/lib/cube/libfat.a(dvm_prober.o)
                              /opt/devkitpro/libogc/lib/cube/libfat.a(dvm_libogc.o) (dvmProbeMountDiscIface)
/opt/devkitpro/libogc/lib/cube/libfat.a(fat_driver.o)
                              /opt/devkitpro/libogc/lib/cube/libfat.a(dvm_volume.o) (g_vfatFsDriver)
/opt/devkitpro/libogc/lib/cube/libfat.a(ff.o)
                              /opt/devkitpro/libogc/lib/cube/libfat.a(fat_driver.o) (f_mount)
/opt/devkitpro/libogc/lib/cube/libfat.a(ffunicode.o)
                              /opt/devkitpro/libogc/lib/cube/libfat.a(ff.o) (ff_uni2oem)
/opt/devkitpro/libogc/lib/cube/libogc.a(common_crt0.o)
                              (__app_start)
/opt/devkitpro/libogc/lib/cube/libogc.a(early_init.o)
                              /opt/devkitpro/libogc/lib/cube/libogc.a(common_crt0.o) (PPCEarlyInit)
/opt/devkitpro/libogc/lib/cube/libogc.a(default_stacks.o)
                              /opt/devkitpro/libogc/lib/cube/libogc.a(common_crt0.o) (__ppc_main_sp)
/opt/devkitpro/libogc/lib/cube/libogc.a(exception.o)
                              /opt/devkitpro/libogc/lib/cube/libogc.a(common_crt0.o) (PPCExcptInit)
/opt/devkitpro/libogc/lib/cube/libogc.a(exception_asm.o)
                              /opt/devkitpro/libogc/lib/cube/libogc.a(exception.o) (PPCExcptEntryGeneral)
/opt/devkitpro/libogc/lib/cube/libogc.a(interrupt.o)
                              /opt/devkitpro/libogc/lib/cube/libogc.a(common_crt0.o) (KIrqInit)
/opt/devkitpro/libogc/lib/cube/libogc.a(interrupt_asm.o)
                              /opt/devkitpro/libogc/lib/cube/libogc.a(interrupt.o) (PPCExcptIrqHandler)
/opt/devkitpro/libogc/lib/cube/libogc.a(thread.o)
                              /opt/devkitpro/libogc/lib/cube/libogc.a(common_crt0.o) (KThreadInit)
/opt/devkitpro/libogc/lib/cube/libogc.a(sync.o)
                              /opt/devkitpro/libogc/lib/cube/libogc.a(thread.o) (KThreadUpdateDynamicPrio)
/opt/devkitpro/libogc/lib/cube/libogc.a(tick.o)
                              /opt/devkitpro/libogc/lib/cube/libogc.a(interrupt.o) (KTickTaskRun)
/opt/devkitpro/libogc/lib/cube/libogc.a(newlib_syscalls.o)
                              /opt/devkitpro/libogc/lib/cube/libogc.a(common_crt0.o) (__newlib_syscalls)
/opt/devkitpro/libogc/lib/cube/libogc.a(console.o)
                              /var/folders/n1/qrw271lx7bqg16b2vzym4d6c0000gp/T//ccunrpZQ.o (CON_Init)
/opt/devkitpro/libogc/lib/cube/libogc.a(video.o)
                              /opt/devkitpro/libogc/lib/cube/libogc.a(console.o) (VIDEO_GetCurrentFramebuffer)
/opt/devkitpro/libogc/lib/cube/libogc.a(system.o)
                              /opt/devkitpro/libogc/lib/cube/libogc.a(video.o) (__SYS_LockSram)
/opt/devkitpro/libogc/lib/cube/libogc.a(si.o)
                              /opt/devkitpro/libogc/lib/cube/libogc.a(video.o) (SI_RefreshSamplingRate)
/opt/devkitpro/libogc/lib/cube/libogc.a(console_font_8x16.o)
                              /opt/devkitpro/libogc/lib/cube/libogc.a(console.o) (console_font_8x16)
/opt/devkitpro/libogc/lib/cube/libogc.a(timesupp.o)
                              /opt/devkitpro/libogc/lib/cube/libogc.a(system.o) (settime)
/opt/devkitpro/libogc/lib/cube/libogc.a(usbgecko.o)
                              /var/folders/n1/qrw271lx7bqg16b2vzym4d6c0000gp/T//ccunrpZQ.o (usb_isgeckoalive)
/opt/devkitpro/libogc/lib/cube/libogc.a(sbrk.o)
                              /opt/devkitpro/libogc/lib/cube/libogc.a(system.o) (_sbrk_r)
/opt/devkitpro/libogc/lib/cube/libogc.a(kprintf.o)
                              /var/folders/n1/qrw271lx7bqg16b2vzym4d6c0000gp/T//ccunrpZQ.o (kprintf)
/opt/devkitpro/libogc/lib/cube/libogc.a(gcsd.o)
                              /opt/devkitpro/libogc/lib/cube/libfat.a(dvm_libogc.o) (__io_gcsd2)
/opt/devkitpro/libogc/lib/cube/libogc.a(argv.o)
                              /opt/devkitpro/libogc/lib/cube/libogc.a(common_crt0.o) (__CheckARGV)
/opt/devkitpro/libogc/lib/cube/libogc.a(default_panic.o)
                              /opt/devkitpro/libogc/lib/cube/libogc.a(system.o) (__libogc_panic)
/opt/devkitpro/libogc/lib/cube/libogc.a(cache.o)
[...]
Memory Configuration

Name             Origin             Length             Attributes
*default*        0x00000000         0xffffffff

Linker script and memory map

                0x80003100                        . = 0x80003100
                0x00000000                        PROVIDE (__isIPL = 0x0)
                0x800000d0                        PROVIDE (__ppc_excpt_buf = 0x800000d0)
                0x80003000                        PROVIDE (__ppc_excpt_table = 0x80003000)

.init           0x80003100       0xa0
 *(.crt0 .crt0.*)
 .crt0.__app_start
                0x80003100       0xa0 /opt/devkitpro/libogc/lib/cube/libogc.a(common_crt0.o)
                0x80003100                __app_start

.text           0x800031a0    0x38c60
 *(SORT_NONE(.init))
 .init          0x800031a0        0xc /opt/devkitpro/devkitPPC/lib/gcc/powerpc-eabi/16.1.0/ecrti.o
                0x800031a0                __init
 .init          0x800031ac        0x4 /opt/devkitpro/devkitPPC/lib/gcc/powerpc-eabi/16.1.0/crtbegin.o
 .init          0x800031b0        0x4 /opt/devkitpro/devkitPPC/lib/gcc/powerpc-eabi/16.1.0/crtend.o
 .init          0x800031b4       0x10 /opt/devkitpro/devkitPPC/lib/gcc/powerpc-eabi/16.1.0/ecrtn.o
 *(.text.unlikely .text.*_unlikely .text.unlikely.*)
 .text.unlikely.abort
                0x800031c4       0x2c /opt/devkitpro/devkitPPC/lib/gcc/powerpc-eabi/16.1.0/../../../../powerpc-eabi/lib/libsysbase.a(libsysbase_libsysbase_a-abort.o)
                0x800031c4                abort
 *(.text.exit .text.exit.*)
 .text.exit     0x800031f0       0x3c /opt/devkitpro/devkitPPC/lib/gcc/powerpc-eabi/16.1.0/../../../../powerpc-eabi/lib/libc.a(libc_a-exit.o)
                0x800031f0                exit
 *(.text.startup .text.startup.*)
 .text.startup.register_fini
                0x8000322c        0xc /opt/devkitpro/devkitPPC/lib/gcc/powerpc-eabi/16.1.0/../../../../powerpc-eabi/lib/libc.a(libc_a-__call_atexit.o)
 *(.text.hot .text.hot.*)
 *(SORT_BY_NAME(.text.sorted.*))
 *(.text .iplt .stub .text.* .gnu.linkonce.t.*)
 .text.__do_global_dtors_aux
                0x80003238       0xcc /opt/devkitpro/devkitPPC/lib/gcc/powerpc-eabi/16.1.0/crtbegin.o
 .text.frame_dummy
                0x80003304       0x24 /opt/devkitpro/devkitPPC/lib/gcc/powerpc-eabi/16.1.0/crtbegin.o
 *fill*         0x80003328        0x0 00000000
 .iplt          0x80003328        0x0 /opt/devkitpro/devkitPPC/lib/gcc/powerpc-eabi/16.1.0/crtbegin.o
 .text          0x80003328       0x6c /var/folders/n1/qrw271lx7bqg16b2vzym4d6c0000gp/T//ccunrpZQ.o
                0x80003328                dolphin_test_blr_fn
                0x80003330                dolphin_test_bctr_fn
                0x8000334c                dolphin_test_lmw_fn
                0x8000336c                dolphin_test_stmw_fn
 .text.reference_probe_gecko
                0x80003394       0xac /var/folders/n1/qrw271lx7bqg16b2vzym4d6c0000gp/T//ccunrpZQ.o
 .text.reference_printf
                0x80003440      0x17c /var/folders/n1/qrw271lx7bqg16b2vzym4d6c0000gp/T//ccunrpZQ.o
 .text.check    0x800035bc       0xe4 /var/folders/n1/qrw271lx7bqg16b2vzym4d6c0000gp/T//ccunrpZQ.o
 .text.check_eq
                0x800036a0       0xf0 /var/folders/n1/qrw271lx7bqg16b2vzym4d6c0000gp/T//ccunrpZQ.o
 .text.check_eq64
                0x80003790       0xf4 /var/folders/n1/qrw271lx7bqg16b2vzym4d6c0000gp/T//ccunrpZQ.o
 .text.f32_bits
                0x80003884       0x30 /var/folders/n1/qrw271lx7bqg16b2vzym4d6c0000gp/T//ccunrpZQ.o
 .text.f32_from_bits
                0x800038b4       0x30 /var/folders/n1/qrw271lx7bqg16b2vzym4d6c0000gp/T//ccunrpZQ.o
 .text.f64_bits
                0x800038e4       0x40 /var/folders/n1/qrw271lx7bqg16b2vzym4d6c0000gp/T//ccunrpZQ.o
 .text.f64_from_bits
                0x80003924       0x3c /var/folders/n1/qrw271lx7bqg16b2vzym4d6c0000gp/T//ccunrpZQ.o
 .text.be_store32
                0x80003960       0x74 /var/folders/n1/qrw271lx7bqg16b2vzym4d6c0000gp/T//ccunrpZQ.o
 .text.be_store16
                0x800039d4       0x50 /var/folders/n1/qrw271lx7bqg16b2vzym4d6c0000gp/T//ccunrpZQ.o
 .text.be_load16
                0x80003a24       0x50 /var/folders/n1/qrw271lx7bqg16b2vzym4d6c0000gp/T//ccunrpZQ.o
 .text.be_load32
                0x80003a74       0x78 /var/folders/n1/qrw271lx7bqg16b2vzym4d6c0000gp/T//ccunrpZQ.o
 .text.be_store64
                0x80003aec       0x70 /var/folders/n1/qrw271lx7bqg16b2vzym4d6c0000gp/T//ccunrpZQ.o
 .text.be_load64
                0x80003b5c       0xc0 /var/folders/n1/qrw271lx7bqg16b2vzym4d6c0000gp/T//ccunrpZQ.o
 .text.ps_store_bits
                0x80003c1c       0x5c /var/folders/n1/qrw271lx7bqg16b2vzym4d6c0000gp/T//ccunrpZQ.o
 .text.check_ps_bits
                0x80003c78       0xc8 /var/folders/n1/qrw271lx7bqg16b2vzym4d6c0000gp/T//ccunrpZQ.o
 .text.cr_field
                0x80003d40       0x40 /var/folders/n1/qrw271lx7bqg16b2vzym4d6c0000gp/T//ccunrpZQ.o
 .text.write_fpscr
                0x80003d80       0x58 /var/folders/n1/qrw271lx7bqg16b2vzym4d6c0000gp/T//ccunrpZQ.o
 .text.read_fpscr
                0x80003dd8       0x4c /var/folders/n1/qrw271lx7bqg16b2vzym4d6c0000gp/T//ccunrpZQ.o
 .text.dolphin_crand
                0x80003e24       0x44 /var/folders/n1/qrw271lx7bqg16b2vzym4d6c0000gp/T//ccunrpZQ.o
 .text.dolphin_crandc
                0x80003e68       0x44 /var/folders/n1/qrw271lx7bqg16b2vzym4d6c0000gp/T//ccunrpZQ.o
 .text.dolphin_creqv
                0x80003eac       0x44 /var/folders/n1/qrw271lx7bqg16b2vzym4d6c0000gp/T//ccunrpZQ.o
 .text.dolphin_crnand
                0x80003ef0       0x44 /var/folders/n1/qrw271lx7bqg16b2vzym4d6c0000gp/T//ccunrpZQ.o
 .text.dolphin_crnor
                0x80003f34       0x44 /var/folders/n1/qrw271lx7bqg16b2vzym4d6c0000gp/T//ccunrpZQ.o
 .text.dolphin_crorc
                0x80003f78       0x44 /var/folders/n1/qrw271lx7bqg16b2vzym4d6c0000gp/T//ccunrpZQ.o
 .text.dolphin_crxor
                0x80003fbc       0x44 /var/folders/n1/qrw271lx7bqg16b2vzym4d6c0000gp/T//ccunrpZQ.o
 .text.check_cr_logic
                0x80004000      0x124 /var/folders/n1/qrw271lx7bqg16b2vzym4d6c0000gp/T//ccunrpZQ.o
 .text.test_immediate_arithmetic
                0x80004124      0x2d8 /var/folders/n1/qrw271lx7bqg16b2vzym4d6c0000gp/T//ccunrpZQ.o
 .text.test_compare_and_bc
                0x800043fc      0x46c /var/folders/n1/qrw271lx7bqg16b2vzym4d6c0000gp/T//ccunrpZQ.o
 .text.test_immediate_logical
                0x80004868      0x19c /var/folders/n1/qrw271lx7bqg16b2vzym4d6c0000gp/T//ccunrpZQ.o
 .text.test_register_arithmetic
                0x80004a04      0x99c /var/folders/n1/qrw271lx7bqg16b2vzym4d6c0000gp/T//ccunrpZQ.o
 .text.test_logical_shift_rotate
                0x800053a0      0x530 /var/folders/n1/qrw271lx7bqg16b2vzym4d6c0000gp/T//ccunrpZQ.o
 .text.test_loads
                0x800058d0      0x31c /var/folders/n1/qrw271lx7bqg16b2vzym4d6c0000gp/T//ccunrpZQ.o
 .text.test_stores
                0x80005bec      0x2c4 /var/folders/n1/qrw271lx7bqg16b2vzym4d6c0000gp/T//ccunrpZQ.o
 .text.test_indexed_memory
                0x80005eb0      0x76c /var/folders/n1/qrw271lx7bqg16b2vzym4d6c0000gp/T//ccunrpZQ.o
 .text.test_fpu_memory
                0x8000661c      0x728 /var/folders/n1/qrw271lx7bqg16b2vzym4d6c0000gp/T//ccunrpZQ.o
 .text.test_psq_memory
                0x80006d44      0x9a8 /var/folders/n1/qrw271lx7bqg16b2vzym4d6c0000gp/T//ccunrpZQ.o
 .text.test_paired_single_arithmetic
                0x800076ec      0xf84 /var/folders/n1/qrw271lx7bqg16b2vzym4d6c0000gp/T//ccunrpZQ.o
 .text.test_fpu_arithmetic
                0x80008670      0x798 /var/folders/n1/qrw271lx7bqg16b2vzym4d6c0000gp/T//ccunrpZQ.o
 .text.test_new_opcodes
                0x80008e08     0x164c /var/folders/n1/qrw271lx7bqg16b2vzym4d6c0000gp/T//ccunrpZQ.o
 .text.test_branches_and_spr
                0x8000a454      0x164 /var/folders/n1/qrw271lx7bqg16b2vzym4d6c0000gp/T//ccunrpZQ.o
 .text.main     0x8000a5b8      0x204 /var/folders/n1/qrw271lx7bqg16b2vzym4d6c0000gp/T//ccunrpZQ.o
                0x8000a5b8                main
 .text.fatInitDefault
                0x8000a7bc       0x18 /opt/devkitpro/libogc/lib/cube/libfat.a(fat_wrappers.o)
                0x8000a7bc                fatInitDefault
 .text.dvmInit  0x8000a7d4       0xfc /opt/devkitpro/libogc/lib/cube/libfat.a(dvm_libogc.o)
                0x8000a7d4                dvmInit
 .text._dvmDiscWrapReadSectors
                0x8000a8d0       0x1c /opt/devkitpro/libogc/lib/cube/libfat.a(dvm_disc.o)
 .text._dvmDiscWrapWriteSectors
                0x8000a8ec       0x1c /opt/devkitpro/libogc/lib/cube/libfat.a(dvm_disc.o)
 .text._dvmDiscWrapFlush
                0x8000a908        0x4 /opt/devkitpro/libogc/lib/cube/libfat.a(dvm_disc.o)
 .text._dvmDiscWrapDestroy
                0x8000a90c        0x4 /opt/devkitpro/libogc/lib/cube/libfat.a(dvm_disc.o)
 .text.dvmDiscCreate
                0x8000a910       0xb8 /opt/devkitpro/libogc/lib/cube/libfat.a(dvm_disc.o)
                0x8000a910                dvmDiscCreate
 .text.dvmDiscAddUser
                0x8000a9c8       0x10 /opt/devkitpro/libogc/lib/cube/libfat.a(dvm_disc.o)
                0x8000a9c8                dvmDiscAddUser
 .text.dvmDiscRemoveUser
                0x8000a9d8       0x28 /opt/devkitpro/libogc/lib/cube/libfat.a(dvm_disc.o)
                0x8000a9d8                dvmDiscRemoveUser
 .text._dvmDiscCacheReadWrite
                0x8000aa00      0x584 /opt/devkitpro/libogc/lib/cube/libfat.a(dvm_cache.o)
 .text._dvmDiscCacheWriteSectors
                0x8000af84       0x88 /opt/devkitpro/libogc/lib/cube/libfat.a(dvm_cache.o)
 .text._dvmDiscCacheReadSectors
                0x8000b00c       0x88 /opt/devkitpro/libogc/lib/cube/libfat.a(dvm_cache.o)
 .text._dvmDiscCacheFlush
                0x8000b094      0x100 /opt/devkitpro/libogc/lib/cube/libfat.a(dvm_cache.o)
 .text._dvmDiscCacheDestroy
                0x8000b194       0x48 /opt/devkitpro/libogc/lib/cube/libfat.a(dvm_cache.o)
 .text.dvmDiscCacheCreate
                0x8000b1dc      0x208 /opt/devkitpro/libogc/lib/cube/libfat.a(dvm_cache.o)
                0x8000b1dc                dvmDiscCacheCreate
 .text.dvmMountVolume
                0x8000b3e4      0x200 /opt/devkitpro/libogc/lib/cube/libfat.a(dvm_volume.o)
                0x8000b3e4                dvmMountVolume
 .text._dvmSetAppWorkingDir
                0x8000b5e4       0x88 /opt/devkitpro/libogc/lib/cube/libfat.a(dvm_volume.o)
                0x8000b5e4                _dvmSetAppWorkingDir
 .text._dvmIdentMbrVbr
                0x8000b66c      0x15c /opt/devkitpro/libogc/lib/cube/libfat.a(dvm_prober.o)
 .text._dvmReadPartitionTable
                0x8000b7c8      0x234 /opt/devkitpro/libogc/lib/cube/libfat.a(dvm_prober.o)
 .text.dvmProbeMountDisc
                0x8000b9fc      0x14c /opt/devkitpro/libogc/lib/cube/libfat.a(dvm_prober.o)
                0x8000b9fc                dvmProbeMountDisc
 .text.dvmProbeMountDiscIface
                0x8000bb48       0xb4 /opt/devkitpro/libogc/lib/cube/libfat.a(dvm_prober.o)
                0x8000bb48                dvmProbeMountDiscIface
 .text._FAT_fstat_r
                0x8000bbfc      0x118 /opt/devkitpro/libogc/lib/cube/libfat.a(fat_driver.o)
 .text._FAT_umount
                0x8000bd14       0x34 /opt/devkitpro/libogc/lib/cube/libfat.a(fat_driver.o)
 .text._FAT_mount
                0x8000bd48       0x78 /opt/devkitpro/libogc/lib/cube/libfat.a(fat_driver.o)
 .text._FAT_seek_r
                0x8000bdc0      0x188 /opt/devkitpro/libogc/lib/cube/libfat.a(fat_driver.o)
 .text._FAT_set_stat
                0x8000bf48      0x124 /opt/devkitpro/libogc/lib/cube/libfat.a(fat_driver.o)
 .text._FAT_mkdir_r
                0x8000c06c       0x94 /opt/devkitpro/libogc/lib/cube/libfat.a(fat_driver.o)
 .text._FAT_chdir_r
                0x8000c100       0x94 /opt/devkitpro/libogc/lib/cube/libfat.a(fat_driver.o)
 .text._FAT_unlink_r
                0x8000c194       0x98 /opt/devkitpro/libogc/lib/cube/libfat.a(fat_driver.o)
 .text._FAT_rmdir_r
                0x8000c22c       0x98 /opt/devkitpro/libogc/lib/cube/libfat.a(fat_driver.o)
 .text._FAT_diropen_r
                0x8000c2c4       0xb0 /opt/devkitpro/libogc/lib/cube/libfat.a(fat_driver.o)
 .text._FAT_fsync_r
                0x8000c374       0xac /opt/devkitpro/libogc/lib/cube/libfat.a(fat_driver.o)
 .text._FAT_close_r
                0x8000c420       0xac /opt/devkitpro/libogc/lib/cube/libfat.a(fat_driver.o)
 .text._FAT_dirclose_r
                0x8000c4cc       0xac /opt/devkitpro/libogc/lib/cube/libfat.a(fat_driver.o)
 .text._FAT_dirreset_r
                0x8000c578       0xb0 /opt/devkitpro/libogc/lib/cube/libfat.a(fat_driver.o)
 .text._FAT_rename_r
                0x8000c628       0xbc /opt/devkitpro/libogc/lib/cube/libfat.a(fat_driver.o)
 .text._FAT_stat_r
                0x8000c6e4       0xf0 /opt/devkitpro/libogc/lib/cube/libfat.a(fat_driver.o)
 .text._FAT_read_r
                0x8000c7d4       0x9c /opt/devkitpro/libogc/lib/cube/libfat.a(fat_driver.o)
 .text._FAT_write_r
                0x8000c870       0x9c /opt/devkitpro/libogc/lib/cube/libfat.a(fat_driver.o)
 .text._FAT_statvfs_r
                0x8000c90c      0x124 /opt/devkitpro/libogc/lib/cube/libfat.a(fat_driver.o)
 .text._FAT_ftruncate_r
                0x8000ca30      0x1d8 /opt/devkitpro/libogc/lib/cube/libfat.a(fat_driver.o)
 .text._FAT_dirnext_r
                0x8000cc08      0x1a0 /opt/devkitpro/libogc/lib/cube/libfat.a(fat_driver.o)
 .text._FAT_open_r
                0x8000cda8      0x17c /opt/devkitpro/libogc/lib/cube/libfat.a(fat_driver.o)
 .text.get_fattime
                0x8000cf24       0x8c /opt/devkitpro/libogc/lib/cube/libfat.a(fat_driver.o)
                0x8000cf24                get_fattime
 .text.ff_mutex_create
                0x8000cfb0       0x14 /opt/devkitpro/libogc/lib/cube/libfat.a(fat_driver.o)
                0x8000cfb0                ff_mutex_create
 .text.ff_mutex_delete
                0x8000cfc4        0x8 /opt/devkitpro/libogc/lib/cube/libfat.a(fat_driver.o)
                0x8000cfc4                ff_mutex_delete
 .text.ff_mutex_take
                0x8000cfcc       0x28 /opt/devkitpro/libogc/lib/cube/libfat.a(fat_driver.o)
                0x8000cfcc                ff_mutex_take
 .text.ff_mutex_give
                0x8000cff4        0x8 /opt/devkitpro/libogc/lib/cube/libfat.a(fat_driver.o)
                0x8000cff4                ff_mutex_give
 .text.disk_initialize
                0x8000cffc       0x24 /opt/devkitpro/libogc/lib/cube/libfat.a(fat_driver.o)
                0x8000cffc                disk_initialize
 .text.disk_status
                0x8000d020       0x24 /opt/devkitpro/libogc/lib/cube/libfat.a(fat_driver.o)
                0x8000d020                disk_status
 .text.disk_read
                0x8000d044       0x44 /opt/devkitpro/libogc/lib/cube/libfat.a(fat_driver.o)
                0x8000d044                disk_read
 .text.disk_write
                0x8000d088       0x44 /opt/devkitpro/libogc/lib/cube/libfat.a(fat_driver.o)
                0x8000d088                disk_write
 .text.disk_ioctl
                0x8000d0cc       0x44 /opt/devkitpro/libogc/lib/cube/libfat.a(fat_driver.o)
                0x8000d0cc                disk_ioctl
 .text.tchar2uni
                0x8000d110       0xe8 /opt/devkitpro/libogc/lib/cube/libfat.a(ff.o)
 .text.sync_window
                0x8000d1f8       0xb0 /opt/devkitpro/libogc/lib/cube/libfat.a(ff.o)
 .text.validate
                0x8000d2a8       0xd8 /opt/devkitpro/libogc/lib/cube/libfat.a(ff.o)
 .text.put_utf  0x8000d380      0x148 /opt/devkitpro/libogc/lib/cube/libfat.a(ff.o)
 .text.dir_clear
                0x8000d4c8       0xdc /opt/devkitpro/libogc/lib/cube/libfat.a(ff.o)
 .text.get_fileinfo
                0x8000d5a4      0x2fc /opt/devkitpro/libogc/lib/cube/libfat.a(ff.o)
 .text.sync_fs  0x8000d8a0      0x178 /opt/devkitpro/libogc/lib/cube/libfat.a(ff.o)
 .text.move_window
                0x8000da18       0xfc /opt/devkitpro/libogc/lib/cube/libfat.a(ff.o)
 .text.put_fat.part.0
                0x8000db14      0x1d8 /opt/devkitpro/libogc/lib/cube/libfat.a(ff.o)
 .text.get_fat.isra.0
                0x8000dcec      0x1dc /opt/devkitpro/libogc/lib/cube/libfat.a(ff.o)
 .text.remove_chain
                0x8000dec8      0x1a4 /opt/devkitpro/libogc/lib/cube/libfat.a(ff.o)
 .text.create_chain
                0x8000e06c      0x2ac /opt/devkitpro/libogc/lib/cube/libfat.a(ff.o)
 .text.dir_next
                0x8000e318      0x20c /opt/devkitpro/libogc/lib/cube/libfat.a(ff.o)
 .text.dir_read
                0x8000e524      0x304 /opt/devkitpro/libogc/lib/cube/libfat.a(ff.o)
 .text.dir_sdi  0x8000e828      0x1d0 /opt/devkitpro/libogc/lib/cube/libfat.a(ff.o)
 .text.dir_alloc
                0x8000e9f8      0x170 /opt/devkitpro/libogc/lib/cube/libfat.a(ff.o)
 .text.dir_remove
                0x8000eb68      0x1b0 /opt/devkitpro/libogc/lib/cube/libfat.a(ff.o)
 .text.dir_find
                0x8000ed18      0x38c /opt/devkitpro/libogc/lib/cube/libfat.a(ff.o)
 .text.follow_path
                0x8000f0a4      0x6fc /opt/devkitpro/libogc/lib/cube/libfat.a(ff.o)
 .text.dir_register
                0x8000f7a0      0x590 /opt/devkitpro/libogc/lib/cube/libfat.a(ff.o)
 .text.check_fs
                0x8000fd30      0x304 /opt/devkitpro/libogc/lib/cube/libfat.a(ff.o)
 .text.mount_volume.part.0
                0x80010034      0x518 /opt/devkitpro/libogc/lib/cube/libfat.a(ff.o)
 .text.f_mount  0x8001054c       0xb0 /opt/devkitpro/libogc/lib/cube/libfat.a(ff.o)
                0x8001054c                f_mount
 .text.f_umount
                0x800105fc       0x3c /opt/devkitpro/libogc/lib/cube/libfat.a(ff.o)
                0x800105fc                f_umount
 .text.f_open   0x80010638      0x3f4 /opt/devkitpro/libogc/lib/cube/libfat.a(ff.o)
                0x80010638                f_open
 .text.f_read   0x80010a2c      0x34c /opt/devkitpro/libogc/lib/cube/libfat.a(ff.o)
                0x80010a2c                f_read
 .text.f_write  0x80010d78      0x434 /opt/devkitpro/libogc/lib/cube/libfat.a(ff.o)
                0x80010d78                f_write
 .text.f_sync   0x800111ac      0x1cc /opt/devkitpro/libogc/lib/cube/libfat.a(ff.o)
                0x800111ac                f_sync
 .text.f_close  0x80011378       0x80 /opt/devkitpro/libogc/lib/cube/libfat.a(ff.o)
                0x80011378                f_close
 .text.f_chdir  0x800113f8      0x130 /opt/devkitpro/libogc/lib/cube/libfat.a(ff.o)
                0x800113f8                f_chdir
 .text.f_lseek  0x80011528      0x374 /opt/devkitpro/libogc/lib/cube/libfat.a(ff.o)
                0x80011528                f_lseek
 .text.f_opendir
                0x8001189c      0x194 /opt/devkitpro/libogc/lib/cube/libfat.a(ff.o)
                0x8001189c                f_opendir
 .text.f_closedir
                0x80011a30       0xb0 /opt/devkitpro/libogc/lib/cube/libfat.a(ff.o)
                0x80011a30                f_closedir
 .text.f_readdir
                0x80011ae0      0x150 /opt/devkitpro/libogc/lib/cube/libfat.a(ff.o)
                0x80011ae0                f_readdir
 .text.f_stat   0x80011c30      0x16c /opt/devkitpro/libogc/lib/cube/libfat.a(ff.o)
                0x80011c30                f_stat
 .text.f_getfree
                0x80011d9c      0x200 /opt/devkitpro/libogc/lib/cube/libfat.a(ff.o)
                0x80011d9c                f_getfree
 .text.f_truncate
                0x80011f9c      0x214 /opt/devkitpro/libogc/lib/cube/libfat.a(ff.o)
                0x80011f9c                f_truncate
 .text.f_unlink
                0x800121b0      0x1f8 /opt/devkitpro/libogc/lib/cube/libfat.a(ff.o)
                0x800121b0                f_unlink
 .text.f_mkdir  0x800123a8      0x320 /opt/devkitpro/libogc/lib/cube/libfat.a(ff.o)
                0x800123a8                f_mkdir
 .text.f_rename
                0x800126c8      0x2e8 /opt/devkitpro/libogc/lib/cube/libfat.a(ff.o)
                0x800126c8                f_rename
 .text.ff_uni2oem
                0x800129b0       0x68 /opt/devkitpro/libogc/lib/cube/libfat.a(ffunicode.o)
                0x800129b0                ff_uni2oem
 .text.ff_oem2uni
                0x80012a18       0x40 /opt/devkitpro/libogc/lib/cube/libfat.a(ffunicode.o)
                0x80012a18                ff_oem2uni
 .text.ff_wtoupper
                0x80012a58      0x120 /opt/devkitpro/libogc/lib/cube/libfat.a(ffunicode.o)
                0x80012a58                ff_wtoupper
 .text.DEBUGPrint
                0x80012b78        0x4 /opt/devkitpro/libogc/lib/cube/libogc.a(common_crt0.o)
                0x80012b78                DEBUGPrint
 .text.__eabi   0x80012b7c        0x4 /opt/devkitpro/libogc/lib/cube/libogc.a(common_crt0.o)
                0x80012b7c                __eabi
 .text.PPCEarlyInit
                0x80012b80       0x24 /opt/devkitpro/libogc/lib/cube/libogc.a(early_init.o)
                0x80012b80                PPCEarlyInit
 .text.PPCEarlyInitImpl
                0x80012ba4      0x150 /opt/devkitpro/libogc/lib/cube/libogc.a(early_init.o)
 *fill*         0x80012cf4        0xc 00000000
 .text.PPCHotReset
                0x80012d00       0x70 /opt/devkitpro/libogc/lib/cube/libogc.a(early_init.o)
                0x80012d00                PPCHotReset
 .text.PPCExcptDefaultPanicFn
                0x80012d70       0xac /opt/devkitpro/libogc/lib/cube/libogc.a(exception.o)
 .text.PPCExcptInit
                0x80012e1c      0x140 /opt/devkitpro/libogc/lib/cube/libogc.a(exception.o)
                0x80012e1c                PPCExcptInit
 .text.PPCExcptEntryGeneral
                0x80012f5c       0x60 /opt/devkitpro/libogc/lib/cube/libogc.a(exception_asm.o)
                0x80012f60                PPCExcptEntryGeneral
 .text.PPCExcptEntryFpu
                0x80012fbc       0x90 /opt/devkitpro/libogc/lib/cube/libogc.a(exception_asm.o)
                0x80012fc0                PPCExcptEntryFpu
 .text.PPCExcptFpuHandler
                0x8001304c      0x260 /opt/devkitpro/libogc/lib/cube/libogc.a(exception_asm.o)
 .text.PPCExcptDefaultScHandler
                0x800132ac       0x3c /opt/devkitpro/libogc/lib/cube/libogc.a(exception_asm.o)
                0x800132ac                PPCExcptDefaultScHandler
 .text.PPCExcptDefaultHandler
                0x800132e8      0x13c /opt/devkitpro/libogc/lib/cube/libogc.a(exception_asm.o)
                0x800132e8                PPCExcptDefaultHandler
 .text.KIrqInit
                0x80013424       0x8c /opt/devkitpro/libogc/lib/cube/libogc.a(interrupt.o)
                0x80013424                KIrqInit
 .text.KIrqDispatch
                0x800134b0      0x250 /opt/devkitpro/libogc/lib/cube/libogc.a(interrupt.o)
                0x800134b0                KIrqDispatch
 .text.KIrqEnable
                0x80013700      0x23c /opt/devkitpro/libogc/lib/cube/libogc.a(interrupt.o)
                0x80013700                KIrqEnable
 .text.KIrqDisable
                0x8001393c      0x238 /opt/devkitpro/libogc/lib/cube/libogc.a(interrupt.o)
                0x8001393c                KIrqDisable
 .text.KIrqGet  0x80013b74       0x14 /opt/devkitpro/libogc/lib/cube/libogc.a(interrupt.o)
                0x80013b74                KIrqGet
 .text.KIrqSet  0x80013b88       0x3c /opt/devkitpro/libogc/lib/cube/libogc.a(interrupt.o)
                0x80013b88                KIrqSet
 .text.PPCExcptIrqHandler
                0x80013bc4      0x144 /opt/devkitpro/libogc/lib/cube/libogc.a(interrupt_asm.o)
                0x80013bc4                PPCExcptIrqHandler
 .text.__PPCContextPrepareToJump
                0x80013d08       0x4c /opt/devkitpro/libogc/lib/cube/libogc.a(interrupt_asm.o)
                0x80013d08                __PPCContextPrepareToJump
 .text.__PPCContextJump
                0x80013d54        0x8 /opt/devkitpro/libogc/lib/cube/libogc.a(interrupt_asm.o)
                0x80013d54                __PPCContextJump
 .text.KThreadIdleMain
                0x80013d5c        0x4 /opt/devkitpro/libogc/lib/cube/libogc.a(thread.o)
 .text.__getreent
                0x80013d60       0x24 /opt/devkitpro/libogc/lib/cube/libogc.a(thread.o)
                0x80013d60                __getreent
 .text.KThreadInit
                0x80013d84      0x100 /opt/devkitpro/libogc/lib/cube/libogc.a(thread.o)
                0x80013d84                KThreadInit
 .text.KThreadSwitchTo
                0x80013e84       0x88 /opt/devkitpro/libogc/lib/cube/libogc.a(thread.o)
                0x80013e84                KThreadSwitchTo
 .text.KThrQueueBlock
                0x80013f0c      0x108 /opt/devkitpro/libogc/lib/cube/libogc.a(thread.o)
                0x80013f0c                KThrQueueBlock
 .text.KThreadSleepTicks
                0x80014014       0x70 /opt/devkitpro/libogc/lib/cube/libogc.a(thread.o)
                0x80014014                KThreadSleepTicks
 .text.KThrQueueUnblockAllByValue
                0x80014084      0x154 /opt/devkitpro/libogc/lib/cube/libogc.a(thread.o)
                0x80014084                KThrQueueUnblockAllByValue
 .text.KThreadSleepWakeup
                0x800141d8       0x10 /opt/devkitpro/libogc/lib/cube/libogc.a(thread.o)
 .text.KThreadUpdateDynamicPrio
                0x800141e8      0x1f4 /opt/devkitpro/libogc/lib/cube/libogc.a(sync.o)
                0x800141e8                KThreadUpdateDynamicPrio
 .text.KThreadRemoveWaiter
                0x800143dc      0x178 /opt/devkitpro/libogc/lib/cube/libogc.a(sync.o)
 .text.KMutexLock
                0x80014554      0x194 /opt/devkitpro/libogc/lib/cube/libogc.a(sync.o)
                0x80014554                KMutexLock
 .text.KMutexUnlock
                0x800146e8      0x104 /opt/devkitpro/libogc/lib/cube/libogc.a(sync.o)
                0x800146e8                KMutexUnlock
 .text.KTickTaskReschedule
                0x800147ec       0x6c /opt/devkitpro/libogc/lib/cube/libogc.a(tick.o)
 .text.KTickTaskRun
                0x80014858      0x128 /opt/devkitpro/libogc/lib/cube/libogc.a(tick.o)
                0x80014858                KTickTaskRun
 .text.KTickTaskStart
                0x80014980      0x168 /opt/devkitpro/libogc/lib/cube/libogc.a(tick.o)
                0x80014980                KTickTaskStart
 .text.KTickTaskStop
                0x80014ae8       0xc4 /opt/devkitpro/libogc/lib/cube/libogc.a(tick.o)
                0x80014ae8                KTickTaskStop
 .text.__syscall_lock_acquire
                0x80014bac        0x4 /opt/devkitpro/libogc/lib/cube/libogc.a(newlib_syscalls.o)
                0x80014bac                __syscall_lock_acquire
 .text.__syscall_lock_release
                0x80014bb0        0x4 /opt/devkitpro/libogc/lib/cube/libogc.a(newlib_syscalls.o)
                0x80014bb0                __syscall_lock_release
 .text.__syscall_lock_acquire_recursive
                0x80014bb4       0x50 /opt/devkitpro/libogc/lib/cube/libogc.a(newlib_syscalls.o)
                0x80014bb4                __syscall_lock_acquire_recursive
 .text.__syscall_lock_release_recursive
                0x80014c04       0x18 /opt/devkitpro/libogc/lib/cube/libogc.a(newlib_syscalls.o)
                0x80014c04                __syscall_lock_release_recursive
 .text.RGB8_to_YCbCr
                0x80014c1c      0x144 /opt/devkitpro/libogc/lib/cube/libogc.a(console.o)
 .text.__console_drawc.part.0
                0x80014d60      0x274 /opt/devkitpro/libogc/lib/cube/libogc.a(console.o)
 .text.__console_clear
                0x80014fd4      0x190 /opt/devkitpro/libogc/lib/cube/libogc.a(console.o)
 .text.__set_default_console
                0x80015164      0x108 /opt/devkitpro/libogc/lib/cube/libogc.a(console.o)
 .text.__console_clear_line
                0x8001526c      0x174 /opt/devkitpro/libogc/lib/cube/libogc.a(console.o)
 .text.__console_init
                0x800153e0       0x54 /opt/devkitpro/libogc/lib/cube/libogc.a(console.o)
                0x800153e0                __console_init
 .text.newRow   0x80015434      0x134 /opt/devkitpro/libogc/lib/cube/libogc.a(console.o)
                0x80015434                newRow
 .text.consolePrintChar.part.0
                0x80015568      0x220 /opt/devkitpro/libogc/lib/cube/libogc.a(console.o)
 .text.__console_write
                0x80015788      0xe60 /opt/devkitpro/libogc/lib/cube/libogc.a(console.o)
                0x80015788                __console_write
 .text.CON_Init
                0x800165e8       0xe4 /opt/devkitpro/libogc/lib/cube/libogc.a(console.o)
                0x800165e8                CON_Init
 .text.CON_EnableGecko
                0x800166cc       0xf8 /opt/devkitpro/libogc/lib/cube/libogc.a(console.o)
                0x800166cc                CON_EnableGecko
 .text.__VIRetraceHandler
                0x800167c4      0x200 /opt/devkitpro/libogc/lib/cube/libogc.a(video.o)
 .text.__setFbbRegs.constprop.0
                0x800169c4      0x194 /opt/devkitpro/libogc/lib/cube/libogc.a(video.o)
 .text.__VIClearFramebuffer
                0x80016b58       0x48 /opt/devkitpro/libogc/lib/cube/libogc.a(video.o)
                0x80016b58                __VIClearFramebuffer
 .text.VIDEO_Init
                0x80016ba0      0x3a0 /opt/devkitpro/libogc/lib/cube/libogc.a(video.o)
                0x80016ba0                VIDEO_Init
 .text.VIDEO_Configure
                0x80016f40      0x5c0 /opt/devkitpro/libogc/lib/cube/libogc.a(video.o)
                0x80016f40                VIDEO_Configure
 .text.VIDEO_WaitVSync
                0x80017500       0x68 /opt/devkitpro/libogc/lib/cube/libogc.a(video.o)
                0x80017500                VIDEO_WaitVSync
 .text.VIDEO_SetFramebuffer
                0x80017568       0xc4 /opt/devkitpro/libogc/lib/cube/libogc.a(video.o)
                0x80017568                VIDEO_SetFramebuffer
 .text.VIDEO_SetNextFramebuffer
                0x8001762c       0x54 /opt/devkitpro/libogc/lib/cube/libogc.a(video.o)
                0x8001762c                VIDEO_SetNextFramebuffer
 .text.VIDEO_Flush
                0x80017680       0xe8 /opt/devkitpro/libogc/lib/cube/libogc.a(video.o)
                0x80017680                VIDEO_Flush
 .text.VIDEO_SetBlack
                0x80017768      0x150 /opt/devkitpro/libogc/lib/cube/libogc.a(video.o)
                0x80017768                VIDEO_SetBlack
 .text.VIDEO_GetCurrentTvMode
                0x800178b8       0x64 /opt/devkitpro/libogc/lib/cube/libogc.a(video.o)
                0x800178b8                VIDEO_GetCurrentTvMode
 .text.VIDEO_GetPreferredMode
                0x8001791c       0xbc /opt/devkitpro/libogc/lib/cube/libogc.a(video.o)
                0x8001791c                VIDEO_GetPreferredMode
 .text.VIDEO_GetCurrentLine
                0x800179d8       0x94 /opt/devkitpro/libogc/lib/cube/libogc.a(video.o)
                0x800179d8                VIDEO_GetCurrentLine
 .text.VIDEO_GetFrameBufferSize
                0x80017a6c       0x34 /opt/devkitpro/libogc/lib/cube/libogc.a(video.o)
                0x80017a6c                VIDEO_GetFrameBufferSize
 .text.__MEMInterruptHandler
                0x80017aa0       0x14 /opt/devkitpro/libogc/lib/cube/libogc.a(system.o)
 .text.__RSWDefaultHandler
                0x80017ab4        0x4 /opt/devkitpro/libogc/lib/cube/libogc.a(system.o)
 .text.__RSWHandler
                0x80017ab8      0x158 /opt/devkitpro/libogc/lib/cube/libogc.a(system.o)
 .text.__getrtc
                0x80017c10      0x148 /opt/devkitpro/libogc/lib/cube/libogc.a(system.o)
 .text.__sram_write
                0x80017d58      0x140 /opt/devkitpro/libogc/lib/cube/libogc.a(system.o)
 .text.__sram_writecallback
                0x80017e98       0x54 /opt/devkitpro/libogc/lib/cube/libogc.a(system.o)
 .text.__mem_onreset
                0x80017eec       0x48 /opt/devkitpro/libogc/lib/cube/libogc.a(system.o)
 .text.__unlocksram
                0x80017f34      0x120 /opt/devkitpro/libogc/lib/cube/libogc.a(system.o)
 .text.__call_resetfuncs
                0x80018054      0x150 /opt/devkitpro/libogc/lib/cube/libogc.a(system.o)
 .text.__reload
                0x800181a4       0xa4 /opt/devkitpro/libogc/lib/cube/libogc.a(system.o)
                0x800181a4                __reload
 .text.__syscall_malloc_lock
                0x80018248       0x4c /opt/devkitpro/libogc/lib/cube/libogc.a(system.o)
                0x80018248                __syscall_malloc_lock
 .text.__syscall_malloc_unlock
                0x80018294       0x1c /opt/devkitpro/libogc/lib/cube/libogc.a(system.o)
                0x80018294                __syscall_malloc_unlock
 .text.__syscall_gettod_r
                0x800182b0        0x4 /opt/devkitpro/libogc/lib/cube/libogc.a(system.o)
                0x800182b0                __syscall_gettod_r
 .text.__syscall_nanosleep
                0x800182b4        0x4 /opt/devkitpro/libogc/lib/cube/libogc.a(system.o)
                0x800182b4                __syscall_nanosleep
 .text.__SYS_LockSram
                0x800182b8       0x50 /opt/devkitpro/libogc/lib/cube/libogc.a(system.o)
                0x800182b8                __SYS_LockSram
 .text.__SYS_UnlockSram
                0x80018308        0x8 /opt/devkitpro/libogc/lib/cube/libogc.a(system.o)
                0x80018308                __SYS_UnlockSram
 .text.__SYS_GetRTC
                0x80018310       0xd4 /opt/devkitpro/libogc/lib/cube/libogc.a(system.o)
                0x80018310                __SYS_GetRTC
 .text.__SYS_SetBootTime
                0x800183e4      0x124 /opt/devkitpro/libogc/lib/cube/libogc.a(system.o)
                0x800183e4                __SYS_SetBootTime
 .text.__SYS_PreInit
                0x80018508        0x4 /opt/devkitpro/libogc/lib/cube/libogc.a(system.o)
                0x80018508                __SYS_PreInit
 .text.__SYS_InstallPanicHandler
                0x8001850c       0x10 /opt/devkitpro/libogc/lib/cube/libogc.a(system.o)
                0x8001850c                __SYS_InstallPanicHandler
 .text.SYS_PreMain
                0x8001851c        0x4 /opt/devkitpro/libogc/lib/cube/libogc.a(system.o)
                0x8001851c                SYS_PreMain
 .text.SYS_ResetButtonDown
                0x80018520       0x18 /opt/devkitpro/libogc/lib/cube/libogc.a(system.o)
                0x80018520                SYS_ResetButtonDown
 .text.SYS_ResetSystem
                0x80018538      0x2a8 /opt/devkitpro/libogc/lib/cube/libogc.a(system.o)
                0x80018538                SYS_ResetSystem
 .text.__syscall_exit
                0x800187e0       0x8c /opt/devkitpro/libogc/lib/cube/libogc.a(system.o)
                0x800187e0                __syscall_exit
 .text.SYS_RegisterResetFunc
                0x8001886c       0x6c /opt/devkitpro/libogc/lib/cube/libogc.a(system.o)
                0x8001886c                SYS_RegisterResetFunc
 .text.SYS_SetArena1Lo
                0x800188d8       0x24 /opt/devkitpro/libogc/lib/cube/libogc.a(system.o)
                0x800188d8                SYS_SetArena1Lo
 .text.SYS_GetArena1Lo
                0x800188fc       0x24 /opt/devkitpro/libogc/lib/cube/libogc.a(system.o)
                0x800188fc                SYS_GetArena1Lo
 .text.SYS_GetArena1Hi
                0x80018920       0x24 /opt/devkitpro/libogc/lib/cube/libogc.a(system.o)
                0x80018920                SYS_GetArena1Hi
 .text.SYS_AllocateFramebuffer
                0x80018944       0x28 /opt/devkitpro/libogc/lib/cube/libogc.a(system.o)
                0x80018944                SYS_AllocateFramebuffer
 .text.SYS_GetWirelessID
                0x8001896c       0x78 /opt/devkitpro/libogc/lib/cube/libogc.a(system.o)
                0x8001896c                SYS_GetWirelessID
 .text.SYS_SetWirelessID
                0x800189e4       0x84 /opt/devkitpro/libogc/lib/cube/libogc.a(system.o)
                0x800189e4                SYS_SetWirelessID
 .text.SYS_SetGBSMode
                0x80018a68       0x9c /opt/devkitpro/libogc/lib/cube/libogc.a(system.o)
                0x80018a68                SYS_SetGBSMode
 .text.__sram_init
                0x80018b04      0x1b0 /opt/devkitpro/libogc/lib/cube/libogc.a(system.o)
                0x80018b04                __sram_init
 .text.SYS_Init
                0x80018cb4      0x4fc /opt/devkitpro/libogc/lib/cube/libogc.a(system.o)
                0x80018cb4                SYS_Init
 .text.SYS_Time
                0x800191b0       0x54 /opt/devkitpro/libogc/lib/cube/libogc.a(system.o)
                0x800191b0                SYS_Time
 .text.__si_transfer
                0x80019204      0x1b8 /opt/devkitpro/libogc/lib/cube/libogc.a(si.o)
 .text.__si_alarmhandler
                0x800193bc       0xa0 /opt/devkitpro/libogc/lib/cube/libogc.a(si.o)
 .text.__si_completetransfer
                0x8001945c      0x1f4 /opt/devkitpro/libogc/lib/cube/libogc.a(si.o)
 .text.__si_transfernext
                0x80019650       0xd8 /opt/devkitpro/libogc/lib/cube/libogc.a(si.o)
 .text.SI_Busy  0x80019728       0x18 /opt/devkitpro/libogc/lib/cube/libogc.a(si.o)
                0x80019728                SI_Busy
 .text.SI_IsChanBusy
                0x80019740       0x38 /opt/devkitpro/libogc/lib/cube/libogc.a(si.o)
                0x80019740                SI_IsChanBusy
 .text.SI_EnablePolling
                0x80019778       0x64 /opt/devkitpro/libogc/lib/cube/libogc.a(si.o)
                0x80019778                SI_EnablePolling
 .text.SI_DisablePolling
                0x800197dc       0x44 /opt/devkitpro/libogc/lib/cube/libogc.a(si.o)
                0x800197dc                SI_DisablePolling
 .text.SI_SetSamplingRate
                0x80019820      0x108 /opt/devkitpro/libogc/lib/cube/libogc.a(si.o)
                0x80019820                SI_SetSamplingRate
 .text.SI_RefreshSamplingRate
                0x80019928        0x8 /opt/devkitpro/libogc/lib/cube/libogc.a(si.o)
                0x80019928                SI_RefreshSamplingRate
 .text.SI_GetStatus
                0x80019930       0x6c /opt/devkitpro/libogc/lib/cube/libogc.a(si.o)
                0x80019930                SI_GetStatus
 .text.SI_GetResponseRaw
                0x8001999c       0xd4 /opt/devkitpro/libogc/lib/cube/libogc.a(si.o)
                0x8001999c                SI_GetResponseRaw
 .text.SI_GetResponse
                0x80019a70       0xa4 /opt/devkitpro/libogc/lib/cube/libogc.a(si.o)
                0x80019a70                SI_GetResponse
 .text.SI_SetCommand
                0x80019b14       0x10 /opt/devkitpro/libogc/lib/cube/libogc.a(si.o)
                0x80019b14                SI_SetCommand
 .text.SI_Transfer
                0x80019b24      0x2cc /opt/devkitpro/libogc/lib/cube/libogc.a(si.o)
                0x80019b24                SI_Transfer
 .text.__si_gettypecallback
                0x80019df0      0x2b8 /opt/devkitpro/libogc/lib/cube/libogc.a(si.o)
 .text.__si_interrupthandler
                0x8001a0a8      0x278 /opt/devkitpro/libogc/lib/cube/libogc.a(si.o)
 .text.SI_GetType
                0x8001a320      0x1fc /opt/devkitpro/libogc/lib/cube/libogc.a(si.o)
                0x8001a320                SI_GetType
 .text.SI_GetTypeAsync
                0x8001a51c      0x134 /opt/devkitpro/libogc/lib/cube/libogc.a(si.o)
                0x8001a51c                SI_GetTypeAsync
 .text.SI_EnablePollingInterrupt
                0x8001a650       0x80 /opt/devkitpro/libogc/lib/cube/libogc.a(si.o)
                0x8001a650                SI_EnablePollingInterrupt
 .text.SI_UnregisterPollingHandler
                0x8001a6d0       0xd8 /opt/devkitpro/libogc/lib/cube/libogc.a(si.o)
                0x8001a6d0                SI_UnregisterPollingHandler
 .text.__si_init
                0x8001a7a8       0xe0 /opt/devkitpro/libogc/lib/cube/libogc.a(si.o)
                0x8001a7a8                __si_init
 .text.settime  0x8001a888       0x14 /opt/devkitpro/libogc/lib/cube/libogc.a(timesupp.o)
                0x8001a888                settime
 .text.udelay   0x8001a89c       0xac /opt/devkitpro/libogc/lib/cube/libogc.a(timesupp.o)
                0x8001a89c                udelay
 .text.__libogc_nanosleep
                0x8001a948       0xa0 /opt/devkitpro/libogc/lib/cube/libogc.a(timesupp.o)
                0x8001a948                __libogc_nanosleep
 .text.__libogc_gettod_r
                0x8001a9e8       0xd8 /opt/devkitpro/libogc/lib/cube/libogc.a(timesupp.o)
                0x8001a9e8                __libogc_gettod_r
 .text.__usbgecko_exi_unlock
                0x8001aac0       0x34 /opt/devkitpro/libogc/lib/cube/libogc.a(usbgecko.o)
 .text.usb_isgeckoalive
                0x8001aaf4      0x1bc /opt/devkitpro/libogc/lib/cube/libogc.a(usbgecko.o)
                0x8001aaf4                usb_isgeckoalive
 .text.usb_sendbuffer_ex
                0x8001acb0      0x208 /opt/devkitpro/libogc/lib/cube/libogc.a(usbgecko.o)
                0x8001acb0                usb_sendbuffer_ex
 .text.usb_sendbuffer
                0x8001aeb8        0x8 /opt/devkitpro/libogc/lib/cube/libogc.a(usbgecko.o)
                0x8001aeb8                usb_sendbuffer
 .text.usb_sendbuffer_safe_ex
                0x8001aec0      0x2a0 /opt/devkitpro/libogc/lib/cube/libogc.a(usbgecko.o)
                0x8001aec0                usb_sendbuffer_safe_ex
 .text.usb_sendbuffer_safe
                0x8001b160        0x8 /opt/devkitpro/libogc/lib/cube/libogc.a(usbgecko.o)
                0x8001b160                usb_sendbuffer_safe
 .text._sbrk_r  0x8001b168       0xcc /opt/devkitpro/libogc/lib/cube/libogc.a(sbrk.o)
                0x8001b168                _sbrk_r
 .text._dietPrintDefaultFunc
                0x8001b234       0xc8 /opt/devkitpro/libogc/lib/cube/libogc.a(kprintf.o)
 .text._dietPrintWidth
                0x8001b2fc       0xe4 /opt/devkitpro/libogc/lib/cube/libogc.a(kprintf.o)
                0x8001b2fc                _dietPrintWidth
 .text._dietPrintHex32
                0x8001b3e0      0x294 /opt/devkitpro/libogc/lib/cube/libogc.a(kprintf.o)
 .text._dietPrintHex64
                0x8001b674       0xc8 /opt/devkitpro/libogc/lib/cube/libogc.a(kprintf.o)
                0x8001b674                _dietPrintHex64
 .text.dietPrintV
                0x8001b73c      0x8b4 /opt/devkitpro/libogc/lib/cube/libogc.a(kprintf.o)
                0x8001b73c                dietPrintV
 .text.kprintf  0x8001bff0       0x84 /opt/devkitpro/libogc/lib/cube/libogc.a(kprintf.o)
                0x8001bff0                kprintf
 .text.__gcsda_clearStatus
                0x8001c074        0x8 /opt/devkitpro/libogc/lib/cube/libogc.a(gcsd.o)
 .text.__gcsda_shutdown
                0x8001c07c       0x28 /opt/devkitpro/libogc/lib/cube/libogc.a(gcsd.o)
 .text.__gcsdb_shutdown
                0x8001c0a4       0x28 /opt/devkitpro/libogc/lib/cube/libogc.a(gcsd.o)
 .text.__gcsd2_shutdown
                0x8001c0cc       0x28 /opt/devkitpro/libogc/lib/cube/libogc.a(gcsd.o)
 .text.__gcsda_writeSectors
                0x8001c0f4       0x3c /opt/devkitpro/libogc/lib/cube/libogc.a(gcsd.o)
 .text.__gcsdb_writeSectors
                0x8001c130       0x3c /opt/devkitpro/libogc/lib/cube/libogc.a(gcsd.o)
 .text.__gcsd2_writeSectors
                0x8001c16c       0x3c /opt/devkitpro/libogc/lib/cube/libogc.a(gcsd.o)
 .text.__gcsda_readSectors
                0x8001c1a8       0x3c /opt/devkitpro/libogc/lib/cube/libogc.a(gcsd.o)
 .text.__gcsdb_readSectors
                0x8001c1e4       0x3c /opt/devkitpro/libogc/lib/cube/libogc.a(gcsd.o)
 .text.__gcsd2_readSectors
                0x8001c220       0x3c /opt/devkitpro/libogc/lib/cube/libogc.a(gcsd.o)
 .text.__gcsda_isInserted
                0x8001c25c       0x2c /opt/devkitpro/libogc/lib/cube/libogc.a(gcsd.o)
 .text.__gcsdb_isInserted
                0x8001c288       0x2c /opt/devkitpro/libogc/lib/cube/libogc.a(gcsd.o)
 .text.__gcsd2_isInserted
                0x8001c2b4       0x2c /opt/devkitpro/libogc/lib/cube/libogc.a(gcsd.o)
 .text.__gcsd2_startup
                0x8001c2e0       0x68 /opt/devkitpro/libogc/lib/cube/libogc.a(gcsd.o)
 .text.__gcsdb_clearStatus
                0x8001c348        0x8 /opt/devkitpro/libogc/lib/cube/libogc.a(gcsd.o)
 .text.__gcsd2_clearStatus
                0x8001c350        0x8 /opt/devkitpro/libogc/lib/cube/libogc.a(gcsd.o)
 .text.__gcsda_startup
                0x8001c358       0x68 /opt/devkitpro/libogc/lib/cube/libogc.a(gcsd.o)
 .text.__gcsdb_startup
                0x8001c3c0       0x68 /opt/devkitpro/libogc/lib/cube/libogc.a(gcsd.o)
 .text.__CheckARGV
                0x8001c428       0x80 /opt/devkitpro/libogc/lib/cube/libogc.a(argv.o)
                0x8001c428                __CheckARGV
 .text.__libogc_panic
                0x8001c4a8      0x3cc /opt/devkitpro/libogc/lib/cube/libogc.a(default_panic.o)
                0x8001c4a8                __libogc_panic
 .text.PPCDCacheFlushAsync
                0x8001c874       0x28 /opt/devkitpro/libogc/lib/cube/libogc.a(cache.o)
                0x8001c874                PPCDCacheFlushAsync
 .text.PPCDCacheInvalidate
                0x8001c89c       0x28 /opt/devkitpro/libogc/lib/cube/libogc.a(cache.o)
                0x8001c89c                PPCDCacheInvalidate
 .text.PPCICacheInvalidate
                0x8001c8c4       0x28 /opt/devkitpro/libogc/lib/cube/libogc.a(cache.o)
                0x8001c8c4                PPCICacheInvalidate
 .text.lwpc_alarm_cb
                0x8001c8ec       0x10 /opt/devkitpro/libogc/lib/cube/libogc.a(lwpc_alarm.o)
 .text.SYS_CreateAlarm
                0x8001c8fc       0x74 /opt/devkitpro/libogc/lib/cube/libogc.a(lwpc_alarm.o)
                0x8001c8fc                SYS_CreateAlarm
 .text.SYS_SetAlarm
                0x8001c970      0x108 /opt/devkitpro/libogc/lib/cube/libogc.a(lwpc_alarm.o)
                0x8001c970                SYS_SetAlarm
 .text.SYS_CancelAlarm
                0x8001ca78       0x34 /opt/devkitpro/libogc/lib/cube/libogc.a(lwpc_alarm.o)
                0x8001ca78                SYS_CancelAlarm
 .text.LWP_InitQueue
                0x8001caac       0xdc /opt/devkitpro/libogc/lib/cube/libogc.a(lwpc_queue.o)
                0x8001caac                LWP_InitQueue
 .text.LWP_ThreadSleep
                0x8001cb88       0x44 /opt/devkitpro/libogc/lib/cube/libogc.a(lwpc_queue.o)
                0x8001cb88                LWP_ThreadSleep
 .text.LWP_ThreadBroadcast
                0x8001cbcc       0x1c /opt/devkitpro/libogc/lib/cube/libogc.a(lwpc_queue.o)
                0x8001cbcc                LWP_ThreadBroadcast
 .text.__lwp_wkspace_init
                0x8001cbe8       0xa4 /opt/devkitpro/libogc/lib/cube/libogc.a(lwp_wkspace.o)
                0x8001cbe8                __lwp_wkspace_init
 .text.__lwp_heap_init
                0x8001cc8c       0x90 /opt/devkitpro/libogc/lib/cube/libogc.a(lwp_heap.o)
                0x8001cc8c                __lwp_heap_init
 .text.__lwp_heap_allocate
                0x8001cd1c      0x14c /opt/devkitpro/libogc/lib/cube/libogc.a(lwp_heap.o)
                0x8001cd1c                __lwp_heap_allocate
 .text.SPEC1_MakeStatus
                0x8001ce68      0x104 /opt/devkitpro/libogc/lib/cube/libogc.a(pad.o)
 .text.__pad_samplinghandler
                0x8001cf6c        0x4 /opt/devkitpro/libogc/lib/cube/libogc.a(pad.o)
 .text.__pad_updateorigin
                0x8001cf70       0x98 /opt/devkitpro/libogc/lib/cube/libogc.a(pad.o)
 .text.__pad_disable
                0x8001d008       0xa0 /opt/devkitpro/libogc/lib/cube/libogc.a(pad.o)
 .text.__pad_receivecheckcallback
                0x8001d0a8       0x74 /opt/devkitpro/libogc/lib/cube/libogc.a(pad.o)
 .text.__pad_doreset
                0x8001d11c       0x5c /opt/devkitpro/libogc/lib/cube/libogc.a(pad.o)
 .text.__pad_typeandstatuscallback
                0x8001d178      0x1b4 /opt/devkitpro/libogc/lib/cube/libogc.a(pad.o)
 .text.__pad_originupdatecallback
                0x8001d32c       0x2c /opt/devkitpro/libogc/lib/cube/libogc.a(pad.o)
 .text.__pad_onreset
                0x8001d358       0xf0 /opt/devkitpro/libogc/lib/cube/libogc.a(pad.o)
 .text.SPEC2_MakeStatus
                0x8001d448      0x220 /opt/devkitpro/libogc/lib/cube/libogc.a(pad.o)
 .text.__pad_origincallback
                0x8001d668       0x74 /opt/devkitpro/libogc/lib/cube/libogc.a(pad.o)
 .text.__pad_probecallback
                0x8001d6dc       0x84 /opt/devkitpro/libogc/lib/cube/libogc.a(pad.o)
 .text.__PADDisableRecalibration
                0x8001d760       0x54 /opt/devkitpro/libogc/lib/cube/libogc.a(pad.o)
                0x8001d760                __PADDisableRecalibration
 .text.PAD_Reset
                0x8001d7b4       0xdc /opt/devkitpro/libogc/lib/cube/libogc.a(pad.o)
                0x8001d7b4                PAD_Reset
 .text.PAD_Read
                0x8001d890      0x2c0 /opt/devkitpro/libogc/lib/cube/libogc.a(pad.o)
                0x8001d890                PAD_Read
 .text.PAD_Init
                0x8001db50       0xf8 /opt/devkitpro/libogc/lib/cube/libogc.a(pad.o)
                0x8001db50                PAD_Init
 .text.PAD_ScanPads
                0x8001dc48      0x13c /opt/devkitpro/libogc/lib/cube/libogc.a(pad.o)
                0x8001dc48                PAD_ScanPads
 .text.PAD_ButtonsDown
                0x8001dd84       0x3c /opt/devkitpro/libogc/lib/cube/libogc.a(pad.o)
                0x8001dd84                PAD_ButtonsDown
 .text.__exi_irq_handler
                0x8001ddc0       0x58 /opt/devkitpro/libogc/lib/cube/libogc.a(exi.o)
 .text.__ext_irq_handler
                0x8001de18       0xc8 /opt/devkitpro/libogc/lib/cube/libogc.a(exi.o)
 .text.__tc_irq_handler
                0x8001dee0      0x164 /opt/devkitpro/libogc/lib/cube/libogc.a(exi.o)
 .text.__exi_probe
                0x8001e044      0x23c /opt/devkitpro/libogc/lib/cube/libogc.a(exi.o)
 .text.__exi_attach
                0x8001e280      0x104 /opt/devkitpro/libogc/lib/cube/libogc.a(exi.o)
 .text.EXI_Lock
                0x8001e384      0x244 /opt/devkitpro/libogc/lib/cube/libogc.a(exi.o)
                0x8001e384                EXI_Lock
 .text.EXI_Unlock
                0x8001e5c8      0x290 /opt/devkitpro/libogc/lib/cube/libogc.a(exi.o)
                0x8001e5c8                EXI_Unlock
 .text.EXI_Select
                0x8001e858      0x204 /opt/devkitpro/libogc/lib/cube/libogc.a(exi.o)
                0x8001e858                EXI_Select
 .text.EXI_Deselect
                0x8001ea5c      0x154 /opt/devkitpro/libogc/lib/cube/libogc.a(exi.o)
                0x8001ea5c                EXI_Deselect
 .text.EXI_Sync
                0x8001ebb0      0x114 /opt/devkitpro/libogc/lib/cube/libogc.a(exi.o)
                0x8001ebb0                EXI_Sync
 .text.EXI_Imm  0x8001ecc4      0x1d8 /opt/devkitpro/libogc/lib/cube/libogc.a(exi.o)
                0x8001ecc4                EXI_Imm
 .text.EXI_ImmEx
                0x8001ee9c       0xbc /opt/devkitpro/libogc/lib/cube/libogc.a(exi.o)
                0x8001ee9c                EXI_ImmEx
 .text.EXI_Dma  0x8001ef58      0x138 /opt/devkitpro/libogc/lib/cube/libogc.a(exi.o)
                0x8001ef58                EXI_Dma
 .text.EXI_GetState
                0x8001f090       0x18 /opt/devkitpro/libogc/lib/cube/libogc.a(exi.o)
                0x8001f090                EXI_GetState
 .text.EXI_Detach
                0x8001f0a8       0xbc /opt/devkitpro/libogc/lib/cube/libogc.a(exi.o)
                0x8001f0a8                EXI_Detach
 .text.EXI_GetID
                0x8001f164      0x358 /opt/devkitpro/libogc/lib/cube/libogc.a(exi.o)
                0x8001f164                EXI_GetID
 .text.EXI_SelectSD
                0x8001f4bc      0x1fc /opt/devkitpro/libogc/lib/cube/libogc.a(exi.o)
                0x8001f4bc                EXI_SelectSD
 .text.__unlocked_handler
                0x8001f6b8       0x28 /opt/devkitpro/libogc/lib/cube/libogc.a(exi.o)
 .text.EXI_Probe
                0x8001f6e0       0x78 /opt/devkitpro/libogc/lib/cube/libogc.a(exi.o)
                0x8001f6e0                EXI_Probe
 .text.EXI_Attach
                0x8001f758       0xbc /opt/devkitpro/libogc/lib/cube/libogc.a(exi.o)
                0x8001f758                EXI_Attach
 .text.EXI_ProbeEx
                0x8001f814       0xa4 /opt/devkitpro/libogc/lib/cube/libogc.a(exi.o)
                0x8001f814                EXI_ProbeEx
 .text.EXI_ProbeReset
                0x8001f8b8       0x70 /opt/devkitpro/libogc/lib/cube/libogc.a(exi.o)
                0x8001f8b8                EXI_ProbeReset
 .text.__exi_init
                0x8001f928      0x17c /opt/devkitpro/libogc/lib/cube/libogc.a(exi.o)
                0x8001f928                __exi_init
 .text          0x8001faa4      0x32c /opt/devkitpro/libogc/lib/cube/libogc.a(cache_asm.o)
                0x8001faa4                DCFlashInvalidate
                0x8001fab8                DCEnable
                0x8001facc                DCDisable
                0x8001fae0                DCFreeze
                0x8001faf4                DCUnfreeze
                0x8001fb08                ICFlashInvalidate
                0x8001fb1c                ICEnable
                0x8001fb30                ICDisable
                0x8001fb44                ICFreeze
                0x8001fb58                ICUnfreeze
                0x8001fb6c                L2Init
                0x8001fbb4                L2Enable
                0x8001fbd0                L2Disable
                0x8001fbe8                L2GlobalInvalidate
                0x8001fc40                __LCEnable
                0x8001fd0c                LCDisable
                0x8001fd34                LCAllocOneTag
                0x8001fd48                LCAllocTags
                0x8001fd88                LCLoadBlocks
                0x8001fdac                LCStoreBlocks
 .text.__GX_WaitAbort
                0x8001fdd0       0x68 /opt/devkitpro/libogc/lib/cube/libogc.a(gx.o)
 .text.__GX_CleanGPFifo
                0x8001fe38      0x178 /opt/devkitpro/libogc/lib/cube/libogc.a(gx.o)
 .text.GX_AbortFrame
                0x8001ffb0       0x6c /opt/devkitpro/libogc/lib/cube/libogc.a(gx.o)
                0x8001ffb0                GX_AbortFrame
 .text.__card_exthandler
                0x8002001c       0x64 /opt/devkitpro/libogc/lib/cube/libogc.a(sdgecko_io.o)
 .text.__exi_unlock
                0x80020080       0x34 /opt/devkitpro/libogc/lib/cube/libogc.a(sdgecko_io.o)
 .text.__card_dataread
                0x800200b4      0x2cc /opt/devkitpro/libogc/lib/cube/libogc.a(sdgecko_io.o)
 .text.__card_readresponse
                0x80020380      0x1a4 /opt/devkitpro/libogc/lib/cube/libogc.a(sdgecko_io.o)
 .text.__card_response2
                0x80020524       0x88 /opt/devkitpro/libogc/lib/cube/libogc.a(sdgecko_io.o)
 .text.__card_writecmd.constprop.0
                0x800205ac      0x234 /opt/devkitpro/libogc/lib/cube/libogc.a(sdgecko_io.o)
 .text.__card_stopreadresponse.constprop.0
                0x800207e0      0x2bc /opt/devkitpro/libogc/lib/cube/libogc.a(sdgecko_io.o)
 .text.__card_softreset
                0x80020a9c      0x328 /opt/devkitpro/libogc/lib/cube/libogc.a(sdgecko_io.o)
 .text.__card_sendappcmd
                0x80020dc4      0x144 /opt/devkitpro/libogc/lib/cube/libogc.a(sdgecko_io.o)
 .text.__card_setblocklen
                0x80020f08      0x198 /opt/devkitpro/libogc/lib/cube/libogc.a(sdgecko_io.o)
 .text.__card_sd_status
                0x800210a0       0xe0 /opt/devkitpro/libogc/lib/cube/libogc.a(sdgecko_io.o)
 .text.__card_readcsd
                0x80021180      0x160 /opt/devkitpro/libogc/lib/cube/libogc.a(sdgecko_io.o)
 .text.__card_readcid
                0x800212e0      0x160 /opt/devkitpro/libogc/lib/cube/libogc.a(sdgecko_io.o)
 .text.sdgecko_initIODefault
                0x80021440      0x1a0 /opt/devkitpro/libogc/lib/cube/libogc.a(sdgecko_io.o)
                0x80021440                sdgecko_initIODefault
 .text.sdgecko_doUnmount
                0x800215e0       0xc8 /opt/devkitpro/libogc/lib/cube/libogc.a(sdgecko_io.o)
                0x800215e0                sdgecko_doUnmount
 .text.sdgecko_initIO
                0x800216a8      0x624 /opt/devkitpro/libogc/lib/cube/libogc.a(sdgecko_io.o)
                0x800216a8                sdgecko_initIO
 .text.__card_retrycb
                0x80021ccc       0x18 /opt/devkitpro/libogc/lib/cube/libogc.a(sdgecko_io.o)
 .text.sdgecko_preIO
                0x80021ce4       0x24 /opt/devkitpro/libogc/lib/cube/libogc.a(sdgecko_io.o)
                0x80021ce4                sdgecko_preIO
 .text.sdgecko_readStatus
                0x80021d08       0x70 /opt/devkitpro/libogc/lib/cube/libogc.a(sdgecko_io.o)
                0x80021d08                sdgecko_readStatus
 .text.sdgecko_readSectors
                0x80021d78      0x388 /opt/devkitpro/libogc/lib/cube/libogc.a(sdgecko_io.o)
                0x80021d78                sdgecko_readSectors
 .text.sdgecko_writeSectors
                0x80022100      0xb18 /opt/devkitpro/libogc/lib/cube/libogc.a(sdgecko_io.o)
                0x80022100                sdgecko_writeSectors
 .text.sdgecko_initBufferPool
                0x80022c18       0x28 /opt/devkitpro/libogc/lib/cube/libogc.a(sdgecko_buf.o)
                0x80022c18                sdgecko_initBufferPool
 .text.__lwp_queue_initialize
                0x80022c40       0x98 /opt/devkitpro/libogc/lib/cube/libogc.a(lwp_queue.o)
                0x80022c40                __lwp_queue_initialize
 .text.__divdi3
                0x80022cd8      0x448 /opt/devkitpro/devkitPPC/lib/gcc/powerpc-eabi/16.1.0/libgcc.a(_divdi3.o)
                0x80022cd8                __divdi3
 .text.__udivdi3
                0x80023120      0x3c4 /opt/devkitpro/devkitPPC/lib/gcc/powerpc-eabi/16.1.0/libgcc.a(_udivdi3.o)
                0x80023120                __udivdi3
 .text.__umoddi3
                0x800234e4      0x380 /opt/devkitpro/devkitPPC/lib/gcc/powerpc-eabi/16.1.0/libgcc.a(_umoddi3.o)
                0x800234e4                __umoddi3
 .text.build_argv
                0x80023864      0x130 /opt/devkitpro/devkitPPC/lib/gcc/powerpc-eabi/16.1.0/../../../../powerpc-eabi/lib/libsysbase.a(libsysbase_libsysbase_a-build_argv.o)
                0x80023864                build_argv
 .text.chdir    0x80023994      0x1b8 /opt/devkitpro/devkitPPC/lib/gcc/powerpc-eabi/16.1.0/../../../../powerpc-eabi/lib/libsysbase.a(libsysbase_libsysbase_a-chdir.o)
                0x80023994                chdir
 .text._concatenate_path
                0x80023b4c      0x27c /opt/devkitpro/devkitPPC/lib/gcc/powerpc-eabi/16.1.0/../../../../powerpc-eabi/lib/libsysbase.a(libsysbase_libsysbase_a-concatenate.o)
                0x80023b4c                _concatenate_path
 .text.null_write
                0x80023dc8        0x8 /opt/devkitpro/devkitPPC/lib/gcc/powerpc-eabi/16.1.0/../../../../powerpc-eabi/lib/libsysbase.a(libsysbase_libsysbase_a-iosupport.o)
 .text.setDefaultDevice
                0x80023dd0       0x18 /opt/devkitpro/devkitPPC/lib/gcc/powerpc-eabi/16.1.0/../../../../powerpc-eabi/lib/libsysbase.a(libsysbase_libsysbase_a-iosupport.o)
                0x80023dd0                setDefaultDevice
 .text.FindDevice
                0x80023de8      0x108 /opt/devkitpro/devkitPPC/lib/gcc/powerpc-eabi/16.1.0/../../../../powerpc-eabi/lib/libsysbase.a(libsysbase_libsysbase_a-iosupport.o)
                0x80023de8                FindDevice
 .text.AddDevice
                0x80023ef0       0xf4 /opt/devkitpro/devkitPPC/lib/gcc/powerpc-eabi/16.1.0/../../../../powerpc-eabi/lib/libsysbase.a(libsysbase_libsysbase_a-iosupport.o)
                0x80023ef0                AddDevice
 .text.GetDeviceOpTab
                0x80023fe4       0x4c /opt/devkitpro/devkitPPC/lib/gcc/powerpc-eabi/16.1.0/../../../../powerpc-eabi/lib/libsysbase.a(libsysbase_libsysbase_a-iosupport.o)
                0x80023fe4                GetDeviceOpTab
 .text.__libc_lock_acquire
                0x80024030       0x14 /opt/devkitpro/devkitPPC/lib/gcc/powerpc-eabi/16.1.0/../../../../powerpc-eabi/lib/libsysbase.a(libsysbase_libsysbase_a-syscall_support.o)
                0x80024030                __libc_lock_acquire
 .text.__libc_lock_release
                0x80024044       0x14 /opt/devkitpro/devkitPPC/lib/gcc/powerpc-eabi/16.1.0/../../../../powerpc-eabi/lib/libsysbase.a(libsysbase_libsysbase_a-syscall_support.o)
                0x80024044                __libc_lock_release
 .text.__libc_lock_acquire_recursive
                0x80024058       0x14 /opt/devkitpro/devkitPPC/lib/gcc/powerpc-eabi/16.1.0/../../../../powerpc-eabi/lib/libsysbase.a(libsysbase_libsysbase_a-syscall_support.o)
                0x80024058                __libc_lock_acquire_recursive
 .text.__libc_lock_release_recursive
                0x8002406c       0x14 /opt/devkitpro/devkitPPC/lib/gcc/powerpc-eabi/16.1.0/../../../../powerpc-eabi/lib/libsysbase.a(libsysbase_libsysbase_a-syscall_support.o)
                0x8002406c                __libc_lock_release_recursive
 .text.__libc_lock_close
                0x80024080       0x14 /opt/devkitpro/devkitPPC/lib/gcc/powerpc-eabi/16.1.0/../../../../powerpc-eabi/lib/libsysbase.a(libsysbase_libsysbase_a-syscall_support.o)
                0x80024080                __libc_lock_close
 .text.__libc_lock_close_recursive
                0x80024094       0x14 /opt/devkitpro/devkitPPC/lib/gcc/powerpc-eabi/16.1.0/../../../../powerpc-eabi/lib/libsysbase.a(libsysbase_libsysbase_a-syscall_support.o)
                0x80024094                __libc_lock_close_recursive
 .text.__malloc_lock
                0x800240a8       0x14 /opt/devkitpro/devkitPPC/lib/gcc/powerpc-eabi/16.1.0/../../../../powerpc-eabi/lib/libsysbase.a(libsysbase_libsysbase_a-syscall_support.o)
                0x800240a8                __malloc_lock
 .text.__malloc_unlock
                0x800240bc       0x14 /opt/devkitpro/devkitPPC/lib/gcc/powerpc-eabi/16.1.0/../../../../powerpc-eabi/lib/libsysbase.a(libsysbase_libsysbase_a-syscall_support.o)
                0x800240bc                __malloc_unlock
 .text.usleep   0x800240d0       0x9c /opt/devkitpro/devkitPPC/lib/gcc/powerpc-eabi/16.1.0/../../../../powerpc-eabi/lib/libsysbase.a(libsysbase_libsysbase_a-usleep.o)
                0x800240d0                usleep
 .text.nanosleep
                0x8002416c       0x64 /opt/devkitpro/devkitPPC/lib/gcc/powerpc-eabi/16.1.0/../../../../powerpc-eabi/lib/libsysbase.a(libsysbase_libsysbase_a-nanosleep.o)
                0x8002416c                nanosleep
 .text.memcpy   0x800241d0      0x14c /opt/devkitpro/devkitPPC/lib/gcc/powerpc-eabi/16.1.0/../../../../powerpc-eabi/lib/libc.a(libc_a-memcpy.o)
                0x800241d0                memcpy
 .text.vprintf  0x8002431c       0x44 /opt/devkitpro/devkitPPC/lib/gcc/powerpc-eabi/16.1.0/../../../../powerpc-eabi/lib/libc.a(libc_a-vprintf.o)
                0x8002431c                vprintf
 .text.strlen   0x80024360       0x80 /opt/devkitpro/devkitPPC/lib/gcc/powerpc-eabi/16.1.0/../../../../powerpc-eabi/lib/libc.a(libc_a-strlen.o)
                0x80024360                strlen
 .text._fopen_r
                0x800243e0      0x184 /opt/devkitpro/devkitPPC/lib/gcc/powerpc-eabi/16.1.0/../../../../powerpc-eabi/lib/libc.a(libc_a-fopen.o)
                0x800243e0                _fopen_r
 .text.fopen    0x80024564       0x40 /opt/devkitpro/devkitPPC/lib/gcc/powerpc-eabi/16.1.0/../../../../powerpc-eabi/lib/libc.a(libc_a-fopen.o)
                0x80024564                fopen
 .text.get_arg  0x800245a4      0x7bc /opt/devkitpro/devkitPPC/lib/gcc/powerpc-eabi/16.1.0/../../../../powerpc-eabi/lib/libc.a(libc_a-vfprintf.o)
 .text._vfprintf_r
                0x80024d60     0x3ac4 /opt/devkitpro/devkitPPC/lib/gcc/powerpc-eabi/16.1.0/../../../../powerpc-eabi/lib/libc.a(libc_a-vfprintf.o)
                0x80024d60                _vfprintf_r
 .text.__sbprintf
                0x80028824       0xe4 /opt/devkitpro/devkitPPC/lib/gcc/powerpc-eabi/16.1.0/../../../../powerpc-eabi/lib/libc.a(libc_a-vfprintf.o)
 .text.memalign
                0x80028908       0x40 /opt/devkitpro/devkitPPC/lib/gcc/powerpc-eabi/16.1.0/../../../../powerpc-eabi/lib/libc.a(libc_a-malign.o)
                0x80028908                memalign
 .text._wcrtomb_r
                0x80028948      0x104 /opt/devkitpro/devkitPPC/lib/gcc/powerpc-eabi/16.1.0/../../../../powerpc-eabi/lib/libc.a(libc_a-wcrtomb.o)
                0x80028948                _wcrtomb_r
 .text.snprintf
                0x80028a4c      0x130 /opt/devkitpro/devkitPPC/lib/gcc/powerpc-eabi/16.1.0/../../../../powerpc-eabi/lib/libc.a(libc_a-snprintf.o)
                0x80028a4c                snprintf
 .text.memchr   0x80028b7c      0x148 /opt/devkitpro/devkitPPC/lib/gcc/powerpc-eabi/16.1.0/../../../../powerpc-eabi/lib/libc.a(libc_a-memchr.o)
                0x80028b7c                memchr
 .text.__ssprint_r
                0x80028cc4      0x10c /opt/devkitpro/devkitPPC/lib/gcc/powerpc-eabi/16.1.0/../../../../powerpc-eabi/lib/libc.a(libc_a-ssprint_r.o)
                0x80028cc4                __ssprint_r
 .text.strchr   0x80028dd0      0x154 /opt/devkitpro/devkitPPC/lib/gcc/powerpc-eabi/16.1.0/../../../../powerpc-eabi/lib/libc.a(libc_a-strchr.o)
                0x80028dd0                strchr
 .text.calloc   0x80028f24       0x40 /opt/devkitpro/devkitPPC/lib/gcc/powerpc-eabi/16.1.0/../../../../powerpc-eabi/lib/libc.a(libc_a-calloc.o)
                0x80028f24                calloc
 .text.aligned_alloc
                0x80028f64       0x40 /opt/devkitpro/devkitPPC/lib/gcc/powerpc-eabi/16.1.0/../../../../powerpc-eabi/lib/libc.a(libc_a-aligned_alloc.o)
                0x80028f64                aligned_alloc
 .text.validate_structure
                0x80028fa4      0x3b8 /opt/devkitpro/devkitPPC/lib/gcc/powerpc-eabi/16.1.0/../../../../powerpc-eabi/lib/libc.a(libc_a-mktime.o)
 .text.mktime   0x8002935c      0x600 /opt/devkitpro/devkitPPC/lib/gcc/powerpc-eabi/16.1.0/../../../../powerpc-eabi/lib/libc.a(libc_a-mktime.o)
                0x8002935c                mktime
 .text._memalign_r
                0x8002995c      0x1dc /opt/devkitpro/devkitPPC/lib/gcc/powerpc-eabi/16.1.0/../../../../powerpc-eabi/lib/libc.a(libc_a-malignr.o)
                0x8002995c                _memalign_r
 .text.__errno  0x80029b38       0x20 /opt/devkitpro/devkitPPC/lib/gcc/powerpc-eabi/16.1.0/../../../../powerpc-eabi/lib/libc.a(libc_a-errno.o)
                0x80029b38                __errno
 .text.__locale_mb_cur_max
                0x80029b58       0x4c /opt/devkitpro/devkitPPC/lib/gcc/powerpc-eabi/16.1.0/../../../../powerpc-eabi/lib/libc.a(libc_a-locale.o)
                0x80029b58                __locale_mb_cur_max
 .text.memset   0x80029ba4      0x180 /opt/devkitpro/devkitPPC/lib/gcc/powerpc-eabi/16.1.0/../../../../powerpc-eabi/lib/libc.a(libc_a-memset.o)
                0x80029ba4                memset
 .text._calloc_r
                0x80029d24       0xf8 /opt/devkitpro/devkitPPC/lib/gcc/powerpc-eabi/16.1.0/../../../../powerpc-eabi/lib/libc.a(libc_a-callocr.o)
                0x80029d24                _calloc_r
 .text.__sflush_r
                0x80029e1c      0x300 /opt/devkitpro/devkitPPC/lib/gcc/powerpc-eabi/16.1.0/../../../../powerpc-eabi/lib/libc.a(libc_a-fflush.o)
                0x80029e1c                __sflush_r
 .text._fflush_r
                0x8002a11c      0x108 /opt/devkitpro/devkitPPC/lib/gcc/powerpc-eabi/16.1.0/../../../../powerpc-eabi/lib/libc.a(libc_a-fflush.o)
                0x8002a11c                _fflush_r
 .text.fflush   0x8002a224       0x54 /opt/devkitpro/devkitPPC/lib/gcc/powerpc-eabi/16.1.0/../../../../powerpc-eabi/lib/libc.a(libc_a-fflush.o)
                0x8002a224                fflush
 .text._vsnprintf_r
                0x8002a278       0xd8 /opt/devkitpro/devkitPPC/lib/gcc/powerpc-eabi/16.1.0/../../../../powerpc-eabi/lib/libc.a(libc_a-vsnprintf.o)
                0x8002a278                _vsnprintf_r
 .text.vsnprintf
                0x8002a350       0x60 /opt/devkitpro/devkitPPC/lib/gcc/powerpc-eabi/16.1.0/../../../../powerpc-eabi/lib/libc.a(libc_a-vsnprintf.o)
                0x8002a350                vsnprintf
 .text.__sprint_r
                0x8002a3b0       0x54 /opt/devkitpro/devkitPPC/lib/gcc/powerpc-eabi/16.1.0/../../../../powerpc-eabi/lib/libc.a(libc_a-sprint_r.o)
                0x8002a3b0                __sprint_r
 .text.localtime_r
                0x8002a404      0x480 /opt/devkitpro/devkitPPC/lib/gcc/powerpc-eabi/16.1.0/../../../../powerpc-eabi/lib/libc.a(libc_a-lcltime_r.o)
                0x8002a404                localtime_r
 .text.__tzcalc_limits
                0x8002a884      0x39c /opt/devkitpro/devkitPPC/lib/gcc/powerpc-eabi/16.1.0/../../../../powerpc-eabi/lib/libc.a(libc_a-tzcalc_limits.o)
                0x8002a884                __tzcalc_limits
 .text._malloc_r
                0x8002ac20      0x90c /opt/devkitpro/devkitPPC/lib/gcc/powerpc-eabi/16.1.0/../../../../powerpc-eabi/lib/libc.a(libc_a-mallocr.o)
                0x8002ac20                _malloc_r
 .text.quorem   0x8002b52c      0x340 /opt/devkitpro/devkitPPC/lib/gcc/powerpc-eabi/16.1.0/../../../../powerpc-eabi/lib/libc.a(libc_a-dtoa.o)
 .text._dtoa_r  0x8002b86c     0x1720 /opt/devkitpro/devkitPPC/lib/gcc/powerpc-eabi/16.1.0/../../../../powerpc-eabi/lib/libc.a(libc_a-dtoa.o)
                0x8002b86c                _dtoa_r
 .text._malloc_trim_r
                0x8002cf8c      0x138 /opt/devkitpro/devkitPPC/lib/gcc/powerpc-eabi/16.1.0/../../../../powerpc-eabi/lib/libc.a(libc_a-freer.o)
                0x8002cf8c                _malloc_trim_r
 .text._free_r  0x8002d0c4      0x32c /opt/devkitpro/devkitPPC/lib/gcc/powerpc-eabi/16.1.0/../../../../powerpc-eabi/lib/libc.a(libc_a-freer.o)
                0x8002d0c4                _free_r
 .text.setvbuf  0x8002d3f0      0x2e4 /opt/devkitpro/devkitPPC/lib/gcc/powerpc-eabi/16.1.0/../../../../powerpc-eabi/lib/libc.a(libc_a-setvbuf.o)
                0x8002d3f0                setvbuf
 .text.stdio_exit_handler
                0x8002d6d4       0x1c /opt/devkitpro/devkitPPC/lib/gcc/powerpc-eabi/16.1.0/../../../../powerpc-eabi/lib/libc.a(libc_a-findfp.o)
 .text.cleanup_stdio
                0x8002d6f0       0x88 /opt/devkitpro/devkitPPC/lib/gcc/powerpc-eabi/16.1.0/../../../../powerpc-eabi/lib/libc.a(libc_a-findfp.o)
 .text.global_stdio_init.part.0
                0x8002d778      0x188 /opt/devkitpro/devkitPPC/lib/gcc/powerpc-eabi/16.1.0/../../../../powerpc-eabi/lib/libc.a(libc_a-findfp.o)
 .text.__sfp    0x8002d900      0x1ac /opt/devkitpro/devkitPPC/lib/gcc/powerpc-eabi/16.1.0/../../../../powerpc-eabi/lib/libc.a(libc_a-findfp.o)
                0x8002d900                __sfp
 .text.__sinit  0x8002daac       0x8c /opt/devkitpro/devkitPPC/lib/gcc/powerpc-eabi/16.1.0/../../../../powerpc-eabi/lib/libc.a(libc_a-findfp.o)
                0x8002daac                __sinit
 .text.__sfp_lock_acquire
                0x8002db38        0xc /opt/devkitpro/devkitPPC/lib/gcc/powerpc-eabi/16.1.0/../../../../powerpc-eabi/lib/libc.a(libc_a-findfp.o)
                0x8002db38                __sfp_lock_acquire
 .text.__sfp_lock_release
                0x8002db44        0xc /opt/devkitpro/devkitPPC/lib/gcc/powerpc-eabi/16.1.0/../../../../powerpc-eabi/lib/libc.a(libc_a-findfp.o)
                0x8002db44                __sfp_lock_release
 .text._strtol_l.isra.0
                0x8002db50      0x260 /opt/devkitpro/devkitPPC/lib/gcc/powerpc-eabi/16.1.0/../../../../powerpc-eabi/lib/libc.a(libc_a-strtol.o)
 .text._strtol_r
                0x8002ddb0       0x60 /opt/devkitpro/devkitPPC/lib/gcc/powerpc-eabi/16.1.0/../../../../powerpc-eabi/lib/libc.a(libc_a-strtol.o)
                0x8002ddb0                _strtol_r
 .text.strncpy  0x8002de10      0x104 /opt/devkitpro/devkitPPC/lib/gcc/powerpc-eabi/16.1.0/../../../../powerpc-eabi/lib/libc.a(libc_a-strncpy.o)
                0x8002de10                strncpy
 .text.strcmp   0x8002df14       0x9c /opt/devkitpro/devkitPPC/lib/gcc/powerpc-eabi/16.1.0/../../../../powerpc-eabi/lib/libc.a(libc_a-strcmp.o)
                0x8002df14                strcmp
 .text._fseek_r
                0x8002dfb0       0x10 /opt/devkitpro/devkitPPC/lib/gcc/powerpc-eabi/16.1.0/../../../../powerpc-eabi/lib/libc.a(libc_a-fseek.o)
                0x8002dfb0                _fseek_r
 .text._tzset_unlocked
                0x8002dfc0       0x20 /opt/devkitpro/devkitPPC/lib/gcc/powerpc-eabi/16.1.0/../../../../powerpc-eabi/lib/libc.a(libc_a-tzset.o)
                0x8002dfc0                _tzset_unlocked
 .text.malloc   0x8002dfe0       0x58 /opt/devkitpro/devkitPPC/lib/gcc/powerpc-eabi/16.1.0/../../../../powerpc-eabi/lib/libc.a(libc_a-malloc.o)
                0x8002dfe0                malloc
 .text.free     0x8002e038       0x30 /opt/devkitpro/devkitPPC/lib/gcc/powerpc-eabi/16.1.0/../../../../powerpc-eabi/lib/libc.a(libc_a-malloc.o)
                0x8002e038                free
 .text._wcsrtombs_r
                0x8002e068       0x10 /opt/devkitpro/devkitPPC/lib/gcc/powerpc-eabi/16.1.0/../../../../powerpc-eabi/lib/libc.a(libc_a-wcsrtombs.o)
                0x8002e068                _wcsrtombs_r
 .text.strrchr  0x8002e078       0x78 /opt/devkitpro/devkitPPC/lib/gcc/powerpc-eabi/16.1.0/../../../../powerpc-eabi/lib/libc.a(libc_a-strrchr.o)
                0x8002e078                strrchr
 .text.write    0x8002e0f0       0x50 /opt/devkitpro/devkitPPC/lib/gcc/powerpc-eabi/16.1.0/../../../../powerpc-eabi/lib/libc.a(libc_a-syswrite.o)
                0x8002e0f0                write
 .text.__swsetup_r
                0x8002e140      0x17c /opt/devkitpro/devkitPPC/lib/gcc/powerpc-eabi/16.1.0/../../../../powerpc-eabi/lib/libc.a(libc_a-wsetup.o)
                0x8002e140                __swsetup_r
 .text._puts_r  0x8002e2bc      0x110 /opt/devkitpro/devkitPPC/lib/gcc/powerpc-eabi/16.1.0/../../../../powerpc-eabi/lib/libc.a(libc_a-puts.o)
                0x8002e2bc                _puts_r
 .text.puts     0x8002e3cc       0x30 /opt/devkitpro/devkitPPC/lib/gcc/powerpc-eabi/16.1.0/../../../../powerpc-eabi/lib/libc.a(libc_a-puts.o)
                0x8002e3cc                puts
 .text.__gettzinfo
                0x8002e3fc        0xc /opt/devkitpro/devkitPPC/lib/gcc/powerpc-eabi/16.1.0/../../../../powerpc-eabi/lib/libc.a(libc_a-gettzinfo.o)
                0x8002e3fc                __gettzinfo
 .text._findenv_r
                0x8002e408      0x13c /opt/devkitpro/devkitPPC/lib/gcc/powerpc-eabi/16.1.0/../../../../powerpc-eabi/lib/libc.a(libc_a-getenv_r.o)
                0x8002e408                _findenv_r
 .text._getenv_r
                0x8002e544       0x24 /opt/devkitpro/devkitPPC/lib/gcc/powerpc-eabi/16.1.0/../../../../powerpc-eabi/lib/libc.a(libc_a-getenv_r.o)
                0x8002e544                _getenv_r
 .text._localeconv_r
                0x8002e568       0x4c /opt/devkitpro/devkitPPC/lib/gcc/powerpc-eabi/16.1.0/../../../../powerpc-eabi/lib/libc.a(libc_a-localeconv.o)
                0x8002e568                _localeconv_r
 .text.__sread  0x8002e5b4       0x74 /opt/devkitpro/devkitPPC/lib/gcc/powerpc-eabi/16.1.0/../../../../powerpc-eabi/lib/libc.a(libc_a-stdio.o)
                0x8002e5b4                __sread
 .text.__seofread
                0x8002e628        0x8 /opt/devkitpro/devkitPPC/lib/gcc/powerpc-eabi/16.1.0/../../../../powerpc-eabi/lib/libc.a(libc_a-stdio.o)
                0x8002e628                __seofread
 .text.__swrite
                0x8002e630       0xb0 /opt/devkitpro/devkitPPC/lib/gcc/powerpc-eabi/16.1.0/../../../../powerpc-eabi/lib/libc.a(libc_a-stdio.o)
                0x8002e630                __swrite
 .text.__sseek  0x8002e6e0       0x70 /opt/devkitpro/devkitPPC/lib/gcc/powerpc-eabi/16.1.0/../../../../powerpc-eabi/lib/libc.a(libc_a-stdio.o)
                0x8002e6e0                __sseek
 .text.__sclose
                0x8002e750        0x8 /opt/devkitpro/devkitPPC/lib/gcc/powerpc-eabi/16.1.0/../../../../powerpc-eabi/lib/libc.a(libc_a-stdio.o)
                0x8002e750                __sclose
 .text.memmove  0x8002e758      0x254 /opt/devkitpro/devkitPPC/lib/gcc/powerpc-eabi/16.1.0/../../../../powerpc-eabi/lib/libc.a(libc_a-memmove.o)
                0x8002e758                memmove
 .text._fputs_r
                0x8002e9ac       0xf0 /opt/devkitpro/devkitPPC/lib/gcc/powerpc-eabi/16.1.0/../../../../powerpc-eabi/lib/libc.a(libc_a-fputs.o)
                0x8002e9ac                _fputs_r
 .text.fputs    0x8002ea9c       0x40 /opt/devkitpro/devkitPPC/lib/gcc/powerpc-eabi/16.1.0/../../../../powerpc-eabi/lib/libc.a(libc_a-fputs.o)
                0x8002ea9c                fputs
 .text._fseeko_r
                0x8002eadc      0x6f8 /opt/devkitpro/devkitPPC/lib/gcc/powerpc-eabi/16.1.0/../../../../powerpc-eabi/lib/libc.a(libc_a-fseeko.o)
                0x8002eadc                _fseeko_r
 .text._fclose_r
                0x8002f1d4      0x1b4 /opt/devkitpro/devkitPPC/lib/gcc/powerpc-eabi/16.1.0/../../../../powerpc-eabi/lib/libc.a(libc_a-fclose.o)
                0x8002f1d4                _fclose_r
 .text.fclose   0x8002f388       0x30 /opt/devkitpro/devkitPPC/lib/gcc/powerpc-eabi/16.1.0/../../../../powerpc-eabi/lib/libc.a(libc_a-fclose.o)
                0x8002f388                fclose
 .text.time     0x8002f3b8       0x74 /opt/devkitpro/devkitPPC/lib/gcc/powerpc-eabi/16.1.0/../../../../powerpc-eabi/lib/libc.a(libc_a-time.o)
                0x8002f3b8                time
 .text.get_arg  0x8002f42c      0x7bc /opt/devkitpro/devkitPPC/lib/gcc/powerpc-eabi/16.1.0/../../../../powerpc-eabi/lib/libc.a(libc_a-svfprintf.o)
 .text._svfprintf_r
                0x8002fbe8     0x39f8 /opt/devkitpro/devkitPPC/lib/gcc/powerpc-eabi/16.1.0/../../../../powerpc-eabi/lib/libc.a(libc_a-svfprintf.o)
                0x8002fbe8                _svfprintf_r
 .text.__sflags
                0x800335e0       0xa8 /opt/devkitpro/devkitPPC/lib/gcc/powerpc-eabi/16.1.0/../../../../powerpc-eabi/lib/libc.a(libc_a-flags.o)
                0x800335e0                __sflags
 .text.__ssputs_r
                0x80033688      0x194 /opt/devkitpro/devkitPPC/lib/gcc/powerpc-eabi/16.1.0/../../../../powerpc-eabi/lib/libc.a(libc_a-ssputs_r.o)
                0x80033688                __ssputs_r
 .text.__utf8_wctomb
                0x8003381c      0x108 /opt/devkitpro/devkitPPC/lib/gcc/powerpc-eabi/16.1.0/../../../../powerpc-eabi/lib/libc.a(libc_a-wctomb_r.o)
                0x8003381c                __utf8_wctomb
 .text.strnlen  0x80033924       0xc0 /opt/devkitpro/devkitPPC/lib/gcc/powerpc-eabi/16.1.0/../../../../powerpc-eabi/lib/libc.a(libc_a-strnlen.o)
                0x80033924                strnlen
 .text.gmtime_r
                0x800339e4      0x30c /opt/devkitpro/devkitPPC/lib/gcc/powerpc-eabi/16.1.0/../../../../powerpc-eabi/lib/libc.a(libc_a-gmtime_r.o)
                0x800339e4                gmtime_r
 .text.strncmp  0x80033cf0       0xc8 /opt/devkitpro/devkitPPC/lib/gcc/powerpc-eabi/16.1.0/../../../../powerpc-eabi/lib/libc.a(libc_a-strncmp.o)
                0x80033cf0                strncmp
 .text._tzset_unlocked_r
                0x80033db8      0x774 /opt/devkitpro/devkitPPC/lib/gcc/powerpc-eabi/16.1.0/../../../../powerpc-eabi/lib/libc.a(libc_a-tzset_r.o)
                0x80033db8                _tzset_unlocked_r
 .text._wcsnrtombs_l
                0x8003452c      0x1e4 /opt/devkitpro/devkitPPC/lib/gcc/powerpc-eabi/16.1.0/../../../../powerpc-eabi/lib/libc.a(libc_a-wcsnrtombs.o)
                0x8003452c                _wcsnrtombs_l
 .text._wcsnrtombs_r
                0x80034710       0xd8 /opt/devkitpro/devkitPPC/lib/gcc/powerpc-eabi/16.1.0/../../../../powerpc-eabi/lib/libc.a(libc_a-wcsnrtombs.o)
                0x80034710                _wcsnrtombs_r
 .text.lflush   0x800347e8       0x40 /opt/devkitpro/devkitPPC/lib/gcc/powerpc-eabi/16.1.0/../../../../powerpc-eabi/lib/libc.a(libc_a-refill.o)
 .text.__srefill_r
                0x80034828      0x1d8 /opt/devkitpro/devkitPPC/lib/gcc/powerpc-eabi/16.1.0/../../../../powerpc-eabi/lib/libc.a(libc_a-refill.o)
                0x80034828                __srefill_r
 .text.frexp    0x80034a00       0x90 /opt/devkitpro/devkitPPC/lib/gcc/powerpc-eabi/16.1.0/../../../../powerpc-eabi/lib/libc.a(libm_a-s_frexp.o)
                0x80034a00                frexp
 .text.__env_lock
                0x80034a90        0xc /opt/devkitpro/devkitPPC/lib/gcc/powerpc-eabi/16.1.0/../../../../powerpc-eabi/lib/libc.a(libc_a-envlock.o)
                0x80034a90                __env_lock
 .text.__env_unlock
                0x80034a9c        0xc /opt/devkitpro/devkitPPC/lib/gcc/powerpc-eabi/16.1.0/../../../../powerpc-eabi/lib/libc.a(libc_a-envlock.o)
                0x80034a9c                __env_unlock
 .text._Balloc  0x80034aa8       0xf4 /opt/devkitpro/devkitPPC/lib/gcc/powerpc-eabi/16.1.0/../../../../powerpc-eabi/lib/libc.a(libc_a-mprec.o)
                0x80034aa8                _Balloc
 .text._Bfree   0x80034b9c       0x24 /opt/devkitpro/devkitPPC/lib/gcc/powerpc-eabi/16.1.0/../../../../powerpc-eabi/lib/libc.a(libc_a-mprec.o)
                0x80034b9c                _Bfree
 .text.__multadd
                0x80034bc0      0x174 /opt/devkitpro/devkitPPC/lib/gcc/powerpc-eabi/16.1.0/../../../../powerpc-eabi/lib/libc.a(libc_a-mprec.o)
                0x80034bc0                __multadd
 .text.__hi0bits
                0x80034d34       0x98 /opt/devkitpro/devkitPPC/lib/gcc/powerpc-eabi/16.1.0/../../../../powerpc-eabi/lib/libc.a(libc_a-mprec.o)
                0x80034d34                __hi0bits
 .text.__lo0bits
                0x80034dcc      0x10c /opt/devkitpro/devkitPPC/lib/gcc/powerpc-eabi/16.1.0/../../../../powerpc-eabi/lib/libc.a(libc_a-mprec.o)
                0x80034dcc                __lo0bits
 .text.__i2b    0x80034ed8      0x108 /opt/devkitpro/devkitPPC/lib/gcc/powerpc-eabi/16.1.0/../../../../powerpc-eabi/lib/libc.a(libc_a-mprec.o)
                0x80034ed8                __i2b
 .text.__multiply
                0x80034fe0      0x338 /opt/devkitpro/devkitPPC/lib/gcc/powerpc-eabi/16.1.0/../../../../powerpc-eabi/lib/libc.a(libc_a-mprec.o)
                0x80034fe0                __multiply
 .text.__pow5mult
                0x80035318      0x19c /opt/devkitpro/devkitPPC/lib/gcc/powerpc-eabi/16.1.0/../../../../powerpc-eabi/lib/libc.a(libc_a-mprec.o)
                0x80035318                __pow5mult
 .text.__lshift
                0x800354b4      0x26c /opt/devkitpro/devkitPPC/lib/gcc/powerpc-eabi/16.1.0/../../../../powerpc-eabi/lib/libc.a(libc_a-mprec.o)
                0x800354b4                __lshift
 .text.__mcmp   0x80035720       0xdc /opt/devkitpro/devkitPPC/lib/gcc/powerpc-eabi/16.1.0/../../../../powerpc-eabi/lib/libc.a(libc_a-mprec.o)
                0x80035720                __mcmp
 .text.__mdiff  0x800357fc      0x314 /opt/devkitpro/devkitPPC/lib/gcc/powerpc-eabi/16.1.0/../../../../powerpc-eabi/lib/libc.a(libc_a-mprec.o)
                0x800357fc                __mdiff
 .text.__d2b    0x80035b10      0x194 /opt/devkitpro/devkitPPC/lib/gcc/powerpc-eabi/16.1.0/../../../../powerpc-eabi/lib/libc.a(libc_a-mprec.o)
                0x80035b10                __d2b
 .text._fwalk_sglue
                0x80035ca4       0xb4 /opt/devkitpro/devkitPPC/lib/gcc/powerpc-eabi/16.1.0/../../../../powerpc-eabi/lib/libc.a(libc_a-fwalk.o)
                0x80035ca4                _fwalk_sglue
 .text.strcpy   0x80035d58       0x8c /opt/devkitpro/devkitPPC/lib/gcc/powerpc-eabi/16.1.0/../../../../powerpc-eabi/lib/libc.a(libc_a-strcpy.o)
                0x80035d58                strcpy
 .text.div      0x80035de4       0x14 /opt/devkitpro/devkitPPC/lib/gcc/powerpc-eabi/16.1.0/../../../../powerpc-eabi/lib/libc.a(libc_a-div.o)
                0x80035de4                div
 .text._strtoul_l.isra.0
                0x80035df8      0x218 /opt/devkitpro/devkitPPC/lib/gcc/powerpc-eabi/16.1.0/../../../../powerpc-eabi/lib/libc.a(libc_a-strtoul.o)
 .text._strtoul_r
                0x80036010       0x60 /opt/devkitpro/devkitPPC/lib/gcc/powerpc-eabi/16.1.0/../../../../powerpc-eabi/lib/libc.a(libc_a-strtoul.o)
                0x80036010                _strtoul_r
 .text.strtoul  0x80036070       0x64 /opt/devkitpro/devkitPPC/lib/gcc/powerpc-eabi/16.1.0/../../../../powerpc-eabi/lib/libc.a(libc_a-strtoul.o)
                0x80036070                strtoul
 .text.__utf8_mbtowc
                0x800360d4      0x604 /opt/devkitpro/devkitPPC/lib/gcc/powerpc-eabi/16.1.0/../../../../powerpc-eabi/lib/libc.a(libc_a-mbtowc_r.o)
                0x800360d4                __utf8_mbtowc
 .text.__sfvwrite_r
                0x800366d8      0x588 /opt/devkitpro/devkitPPC/lib/gcc/powerpc-eabi/16.1.0/../../../../powerpc-eabi/lib/libc.a(libc_a-fvwrite.o)
                0x800366d8                __sfvwrite_r
 .text.__tz_lock
                0x80036c60        0xc /opt/devkitpro/devkitPPC/lib/gcc/powerpc-eabi/16.1.0/../../../../powerpc-eabi/lib/libc.a(libc_a-tzlock.o)
                0x80036c60                __tz_lock
 .text.__tz_unlock
                0x80036c6c        0xc /opt/devkitpro/devkitPPC/lib/gcc/powerpc-eabi/16.1.0/../../../../powerpc-eabi/lib/libc.a(libc_a-tzlock.o)
                0x80036c6c                __tz_unlock
 .text.__smakebuf_r
                0x80036c78      0x1b0 /opt/devkitpro/devkitPPC/lib/gcc/powerpc-eabi/16.1.0/../../../../powerpc-eabi/lib/libc.a(libc_a-makebuf.o)
                0x80036c78                __smakebuf_r
 .text.__swhatbuf_r
                0x80036e28      0x118 /opt/devkitpro/devkitPPC/lib/gcc/powerpc-eabi/16.1.0/../../../../powerpc-eabi/lib/libc.a(libc_a-makebuf.o)
                0x80036e28                __swhatbuf_r
 .text.__call_exitprocs
                0x80036f40      0x208 /opt/devkitpro/devkitPPC/lib/gcc/powerpc-eabi/16.1.0/../../../../powerpc-eabi/lib/libc.a(libc_a-__call_atexit.o)
                0x80036f40                __call_exitprocs
 .text.siscanf  0x80037148       0xdc /opt/devkitpro/devkitPPC/lib/gcc/powerpc-eabi/16.1.0/../../../../powerpc-eabi/lib/libc.a(libc_a-siscanf.o)
                0x80037148                siscanf
 .text._realloc_r
                0x80037224      0x634 /opt/devkitpro/devkitPPC/lib/gcc/powerpc-eabi/16.1.0/../../../../powerpc-eabi/lib/libc.a(libc_a-reallocr.o)
                0x80037224                _realloc_r
 .text.atexit   0x80037858       0x14 /opt/devkitpro/devkitPPC/lib/gcc/powerpc-eabi/16.1.0/../../../../powerpc-eabi/lib/libc.a(libc_a-atexit.o)
                0x80037858                atexit
 .text.get_arg  0x8003786c       0xb4 /opt/devkitpro/devkitPPC/lib/gcc/powerpc-eabi/16.1.0/../../../../powerpc-eabi/lib/libc.a(libc_a-svfiscanf.o)
 .text._sungetc_r
                0x80037920       0xf4 /opt/devkitpro/devkitPPC/lib/gcc/powerpc-eabi/16.1.0/../../../../powerpc-eabi/lib/libc.a(libc_a-svfiscanf.o)
                0x80037920                _sungetc_r
 .text.__ssrefill_r
                0x80037a14       0x80 /opt/devkitpro/devkitPPC/lib/gcc/powerpc-eabi/16.1.0/../../../../powerpc-eabi/lib/libc.a(libc_a-svfiscanf.o)
                0x80037a14                __ssrefill_r
 .text._sfread_r
                0x80037a94       0xc8 /opt/devkitpro/devkitPPC/lib/gcc/powerpc-eabi/16.1.0/../../../../powerpc-eabi/lib/libc.a(libc_a-svfiscanf.o)
                0x80037a94                _sfread_r
 .text.__ssvfiscanf_r
                0x80037b5c     0x288c /opt/devkitpro/devkitPPC/lib/gcc/powerpc-eabi/16.1.0/../../../../powerpc-eabi/lib/libc.a(libc_a-svfiscanf.o)
                0x80037b5c                __ssvfiscanf_r
 .text.__register_exitproc
                0x8003a3e8       0xf4 /opt/devkitpro/devkitPPC/lib/gcc/powerpc-eabi/16.1.0/../../../../powerpc-eabi/lib/libc.a(libc_a-__atexit.o)
                0x8003a3e8                __register_exitproc
 .text.iswspace
                0x8003a4dc        0x8 /opt/devkitpro/devkitPPC/lib/gcc/powerpc-eabi/16.1.0/../../../../powerpc-eabi/lib/libc.a(libc_a-iswspace.o)
                0x8003a4dc                iswspace
 .text._strtoull_l.isra.0
                0x8003a4e4      0x2f8 /opt/devkitpro/devkitPPC/lib/gcc/powerpc-eabi/16.1.0/../../../../powerpc-eabi/lib/libc.a(libc_a-strtoull.o)
 .text._strtoull_r
                0x8003a7dc       0x60 /opt/devkitpro/devkitPPC/lib/gcc/powerpc-eabi/16.1.0/../../../../powerpc-eabi/lib/libc.a(libc_a-strtoull.o)
                0x8003a7dc                _strtoull_r
 .text.__submore
                0x8003a83c       0xe8 /opt/devkitpro/devkitPPC/lib/gcc/powerpc-eabi/16.1.0/../../../../powerpc-eabi/lib/libc.a(libc_a-ungetc.o)
                0x8003a83c                __submore
 .text._mbrtowc_r
                0x8003a924      0x120 /opt/devkitpro/devkitPPC/lib/gcc/powerpc-eabi/16.1.0/../../../../powerpc-eabi/lib/libc.a(libc_a-mbrtowc.o)
                0x8003a924                _mbrtowc_r
 .text.__sccl   0x8003aa44      0x16c /opt/devkitpro/devkitPPC/lib/gcc/powerpc-eabi/16.1.0/../../../../powerpc-eabi/lib/libc.a(libc_a-sccl.o)
                0x8003aa44                __sccl
 .text._strtoll_l.isra.0
                0x8003abb0      0x304 /opt/devkitpro/devkitPPC/lib/gcc/powerpc-eabi/16.1.0/../../../../powerpc-eabi/lib/libc.a(libc_a-strtoll.o)
 .text._strtoll_r
                0x8003aeb4       0x60 /opt/devkitpro/devkitPPC/lib/gcc/powerpc-eabi/16.1.0/../../../../powerpc-eabi/lib/libc.a(libc_a-strtoll.o)
                0x8003aeb4                _strtoll_r
 .text.realloc  0x8003af14       0x40 /opt/devkitpro/devkitPPC/lib/gcc/powerpc-eabi/16.1.0/../../../../powerpc-eabi/lib/libc.a(libc_a-realloc.o)
                0x8003af14                realloc
 .text.iswspace_l
                0x8003af54       0x60 /opt/devkitpro/devkitPPC/lib/gcc/powerpc-eabi/16.1.0/../../../../powerpc-eabi/lib/libc.a(libc_a-iswspace_l.o)
                0x8003af54                iswspace_l
 .text.category
                0x8003afb4       0xd8 /opt/devkitpro/devkitPPC/lib/gcc/powerpc-eabi/16.1.0/../../../../powerpc-eabi/lib/libc.a(libc_a-categories.o)
                0x8003afb4                category
 .text._exit    0x8003b08c       0x28 /opt/devkitpro/devkitPPC/lib/gcc/powerpc-eabi/16.1.0/../../../../powerpc-eabi/lib/libsysbase.a(libsysbase_libsysbase_a-_exit.o)
                0x8003b08c                _exit
 .text.__assert_func
                0x8003b0b4       0x24 /opt/devkitpro/devkitPPC/lib/gcc/powerpc-eabi/16.1.0/../../../../powerpc-eabi/lib/libsysbase.a(libsysbase_libsysbase_a-assert.o)
                0x8003b0b4                __assert_func
 .text.__flockfile
                0x8003b0d8        0x8 /opt/devkitpro/devkitPPC/lib/gcc/powerpc-eabi/16.1.0/../../../../powerpc-eabi/lib/libsysbase.a(libsysbase_libsysbase_a-flock.o)
                0x8003b0d8                __flockfile
 .text.__funlockfile
                0x8003b0e0        0x8 /opt/devkitpro/devkitPPC/lib/gcc/powerpc-eabi/16.1.0/../../../../powerpc-eabi/lib/libsysbase.a(libsysbase_libsysbase_a-flock.o)
                0x8003b0e0                __funlockfile
 .text._fstat_r
                0x8003b0e8       0xc8 /opt/devkitpro/devkitPPC/lib/gcc/powerpc-eabi/16.1.0/../../../../powerpc-eabi/lib/libsysbase.a(libsysbase_libsysbase_a-fstat.o)
                0x8003b0e8                _fstat_r
 .text._gettimeofday_r
                0x8003b1b0       0x28 /opt/devkitpro/devkitPPC/lib/gcc/powerpc-eabi/16.1.0/../../../../powerpc-eabi/lib/libsysbase.a(libsysbase_libsysbase_a-gettod.o)
                0x8003b1b0                _gettimeofday_r
 .text.__release_handle
                0x8003b1d8       0xb4 /opt/devkitpro/devkitPPC/lib/gcc/powerpc-eabi/16.1.0/../../../../powerpc-eabi/lib/libsysbase.a(libsysbase_libsysbase_a-handle_manager.o)
                0x8003b1d8                __release_handle
 .text.__alloc_handle
                0x8003b28c      0x10c /opt/devkitpro/devkitPPC/lib/gcc/powerpc-eabi/16.1.0/../../../../powerpc-eabi/lib/libsysbase.a(libsysbase_libsysbase_a-handle_manager.o)
                0x8003b28c                __alloc_handle
 .text.__get_handle
                0x8003b398       0x60 /opt/devkitpro/devkitPPC/lib/gcc/powerpc-eabi/16.1.0/../../../../powerpc-eabi/lib/libsysbase.a(libsysbase_libsysbase_a-handle_manager.o)
                0x8003b398                __get_handle
 .text._close_r
                0x8003b3f8      0x168 /opt/devkitpro/devkitPPC/lib/gcc/powerpc-eabi/16.1.0/../../../../powerpc-eabi/lib/libsysbase.a(libsysbase_libsysbase_a-handle_manager.o)
                0x8003b3f8                _close_r
 .text._isatty_r
                0x8003b560        0x8 /opt/devkitpro/devkitPPC/lib/gcc/powerpc-eabi/16.1.0/../../../../powerpc-eabi/lib/libsysbase.a(libsysbase_libsysbase_a-isatty.o)
                0x8003b560                _isatty_r
 .text._lseek_r
                0x8003b568       0xf4 /opt/devkitpro/devkitPPC/lib/gcc/powerpc-eabi/16.1.0/../../../../powerpc-eabi/lib/libsysbase.a(libsysbase_libsysbase_a-lseek.o)
                0x8003b568                _lseek_r
 .text._open_r  0x8003b65c      0x12c /opt/devkitpro/devkitPPC/lib/gcc/powerpc-eabi/16.1.0/../../../../powerpc-eabi/lib/libsysbase.a(libsysbase_libsysbase_a-open.o)
                0x8003b65c                _open_r
 .text._read_r  0x8003b788       0xd8 /opt/devkitpro/devkitPPC/lib/gcc/powerpc-eabi/16.1.0/../../../../powerpc-eabi/lib/libsysbase.a(libsysbase_libsysbase_a-read.o)
                0x8003b788                _read_r
 .text._write_r
                0x8003b860       0xd8 /opt/devkitpro/devkitPPC/lib/gcc/powerpc-eabi/16.1.0/../../../../powerpc-eabi/lib/libsysbase.a(libsysbase_libsysbase_a-write.o)
                0x8003b860                _write_r
 .text.__moddi3
                0x8003b938      0x3e4 /opt/devkitpro/devkitPPC/lib/gcc/powerpc-eabi/16.1.0/libgcc.a(_moddi3.o)
                0x8003b938                __moddi3
 .text          0x8003bd1c       0x58 /opt/devkitpro/devkitPPC/lib/gcc/powerpc-eabi/16.1.0/libgcc.a(crtresxgpr.o)
                0x8003bd1c                _restgpr_14_x
                0x8003bd20                _restgpr_15_x
                0x8003bd24                _restgpr_16_x
                0x8003bd28                _restgpr_17_x
                0x8003bd2c                _restgpr_18_x
                0x8003bd30                _restgpr_19_x
                0x8003bd34                _restgpr_20_x
                0x8003bd38                _restgpr_21_x
                0x8003bd3c                _restgpr_22_x
                0x8003bd40                _restgpr_23_x
                0x8003bd44                _restgpr_24_x
                0x8003bd48                _restgpr_25_x
                0x8003bd4c                _restgpr_26_x
                0x8003bd50                _restgpr_27_x
                0x8003bd54                _restgpr_28_x
                0x8003bd58                _restgpr_29_x
                0x8003bd5c                _restgpr_30_x
                0x8003bd60                _restgpr_31_x
 .text.__do_global_ctors_aux
                0x8003bd74       0x50 /opt/devkitpro/devkitPPC/lib/gcc/powerpc-eabi/16.1.0/crtend.o
 *(SORT_NONE(.fini))
 .fini          0x8003bdc4        0xc /opt/devkitpro/devkitPPC/lib/gcc/powerpc-eabi/16.1.0/ecrti.o
                0x8003bdc4                __fini